[0.281s] DEBUG:colcon:Command line arguments: ['/usr/bin/colcon', 'build']
[0.281s] DEBUG:colcon:Parsed command line arguments: Namespace(log_base=None, log_level=None, verb_name='build', build_base='build', install_base='install', merge_install=False, symlink_install=False, test_result_base=None, continue_on_error=False, executor='parallel', parallel_workers=8, event_handlers=None, ignore_user_meta=False, metas=['./colcon.meta'], base_paths=['.'], packages_ignore=None, packages_ignore_regex=None, paths=None, packages_up_to=None, packages_up_to_regex=None, packages_above=None, packages_above_and_dependencies=None, packages_above_depth=None, packages_select_by_dep=None, packages_skip_by_dep=None, packages_skip_up_to=None, packages_select_build_failed=False, packages_skip_build_finished=False, packages_select_test_failures=False, packages_skip_test_passed=False, packages_select=None, packages_skip=None, packages_select_regex=None, packages_skip_regex=None, packages_start=None, packages_end=None, allow_overriding=[], cmake_args=None, cmake_target=None, cmake_target_skip_unavailable=False, cmake_clean_cache=False, cmake_clean_first=False, cmake_force_configure=False, ament_cmake_args=None, catkin_cmake_args=None, catkin_skip_building_tests=False, verb_parser=<colcon_defaults.argument_parser.defaults.DefaultArgumentsDecorator object at 0x7e903a4239a0>, verb_extension=<colcon_core.verb.build.BuildVerb object at 0x7e903a423490>, main=<bound method BuildVerb.main of <colcon_core.verb.build.BuildVerb object at 0x7e903a423490>>)
[0.614s] Level 1:colcon.colcon_core.package_discovery:discover_packages(colcon_meta) check parameters
[0.614s] Level 1:colcon.colcon_core.package_discovery:discover_packages(recursive) check parameters
[0.614s] Level 1:colcon.colcon_core.package_discovery:discover_packages(ignore) check parameters
[0.614s] Level 1:colcon.colcon_core.package_discovery:discover_packages(path) check parameters
[0.614s] Level 1:colcon.colcon_core.package_discovery:discover_packages(colcon_meta) discover
[0.614s] Level 1:colcon.colcon_core.package_discovery:discover_packages(recursive) discover
[0.614s] INFO:colcon.colcon_core.package_discovery:Crawling recursively for packages in '/home/cwx/demo01_ws'
[0.615s] Level 1:colcon.colcon_core.package_identification:_identify(.) by extensions ['ignore', 'ignore_ament_install']
[0.615s] Level 1:colcon.colcon_core.package_identification:_identify(.) by extension 'ignore'
[0.615s] Level 1:colcon.colcon_core.package_identification:_identify(.) by extension 'ignore_ament_install'
[0.615s] Level 1:colcon.colcon_core.package_identification:_identify(.) by extensions ['colcon_pkg']
[0.615s] Level 1:colcon.colcon_core.package_identification:_identify(.) by extension 'colcon_pkg'
[0.615s] Level 1:colcon.colcon_core.package_identification:_identify(.) by extensions ['colcon_meta']
[0.615s] Level 1:colcon.colcon_core.package_identification:_identify(.) by extension 'colcon_meta'
[0.615s] Level 1:colcon.colcon_core.package_identification:_identify(.) by extensions ['ros']
[0.615s] Level 1:colcon.colcon_core.package_identification:_identify(.) by extension 'ros'
[0.640s] Level 1:colcon.colcon_core.package_identification:_identify(.) by extensions ['cmake', 'python']
[0.640s] Level 1:colcon.colcon_core.package_identification:_identify(.) by extension 'cmake'
[0.640s] Level 1:colcon.colcon_core.package_identification:_identify(.) by extension 'python'
[0.641s] Level 1:colcon.colcon_core.package_identification:_identify(.) by extensions ['python_setup_py']
[0.641s] Level 1:colcon.colcon_core.package_identification:_identify(.) by extension 'python_setup_py'
[0.641s] Level 1:colcon.colcon_core.package_identification:_identify(build) by extensions ['ignore', 'ignore_ament_install']
[0.641s] Level 1:colcon.colcon_core.package_identification:_identify(build) by extension 'ignore'
[0.641s] Level 1:colcon.colcon_core.package_identification:_identify(build) ignored
[0.641s] Level 1:colcon.colcon_core.package_identification:_identify(install) by extensions ['ignore', 'ignore_ament_install']
[0.642s] Level 1:colcon.colcon_core.package_identification:_identify(install) by extension 'ignore'
[0.642s] Level 1:colcon.colcon_core.package_identification:_identify(install) ignored
[0.642s] Level 1:colcon.colcon_core.package_identification:_identify(log) by extensions ['ignore', 'ignore_ament_install']
[0.642s] Level 1:colcon.colcon_core.package_identification:_identify(log) by extension 'ignore'
[0.642s] Level 1:colcon.colcon_core.package_identification:_identify(log) ignored
[0.642s] Level 1:colcon.colcon_core.package_identification:_identify(src) by extensions ['ignore', 'ignore_ament_install']
[0.642s] Level 1:colcon.colcon_core.package_identification:_identify(src) by extension 'ignore'
[0.642s] Level 1:colcon.colcon_core.package_identification:_identify(src) by extension 'ignore_ament_install'
[0.642s] Level 1:colcon.colcon_core.package_identification:_identify(src) by extensions ['colcon_pkg']
[0.642s] Level 1:colcon.colcon_core.package_identification:_identify(src) by extension 'colcon_pkg'
[0.643s] Level 1:colcon.colcon_core.package_identification:_identify(src) by extensions ['colcon_meta']
[0.643s] Level 1:colcon.colcon_core.package_identification:_identify(src) by extension 'colcon_meta'
[0.643s] Level 1:colcon.colcon_core.package_identification:_identify(src) by extensions ['ros']
[0.643s] Level 1:colcon.colcon_core.package_identification:_identify(src) by extension 'ros'
[0.643s] Level 1:colcon.colcon_core.package_identification:_identify(src) by extensions ['cmake', 'python']
[0.643s] Level 1:colcon.colcon_core.package_identification:_identify(src) by extension 'cmake'
[0.643s] Level 1:colcon.colcon_core.package_identification:_identify(src) by extension 'python'
[0.643s] Level 1:colcon.colcon_core.package_identification:_identify(src) by extensions ['python_setup_py']
[0.643s] Level 1:colcon.colcon_core.package_identification:_identify(src) by extension 'python_setup_py'
[0.643s] Level 1:colcon.colcon_core.package_identification:_identify(src/base_interfaces_demo) by extensions ['ignore', 'ignore_ament_install']
[0.643s] Level 1:colcon.colcon_core.package_identification:_identify(src/base_interfaces_demo) by extension 'ignore'
[0.644s] Level 1:colcon.colcon_core.package_identification:_identify(src/base_interfaces_demo) by extension 'ignore_ament_install'
[0.644s] Level 1:colcon.colcon_core.package_identification:_identify(src/base_interfaces_demo) by extensions ['colcon_pkg']
[0.644s] Level 1:colcon.colcon_core.package_identification:_identify(src/base_interfaces_demo) by extension 'colcon_pkg'
[0.644s] Level 1:colcon.colcon_core.package_identification:_identify(src/base_interfaces_demo) by extensions ['colcon_meta']
[0.644s] Level 1:colcon.colcon_core.package_identification:_identify(src/base_interfaces_demo) by extension 'colcon_meta'
[0.644s] Level 1:colcon.colcon_core.package_identification:_identify(src/base_interfaces_demo) by extensions ['ros']
[0.644s] Level 1:colcon.colcon_core.package_identification:_identify(src/base_interfaces_demo) by extension 'ros'
[0.651s] DEBUG:colcon.colcon_core.package_identification:Package 'src/base_interfaces_demo' with type 'ros.ament_cmake' and name 'base_interfaces_demo'
[0.651s] Level 1:colcon.colcon_core.package_identification:_identify(src/build) by extensions ['ignore', 'ignore_ament_install']
[0.652s] Level 1:colcon.colcon_core.package_identification:_identify(src/build) by extension 'ignore'
[0.652s] Level 1:colcon.colcon_core.package_identification:_identify(src/build) ignored
[0.652s] Level 1:colcon.colcon_core.package_identification:_identify(src/install) by extensions ['ignore', 'ignore_ament_install']
[0.652s] Level 1:colcon.colcon_core.package_identification:_identify(src/install) by extension 'ignore'
[0.652s] Level 1:colcon.colcon_core.package_identification:_identify(src/install) ignored
[0.652s] Level 1:colcon.colcon_core.package_identification:_identify(src/log) by extensions ['ignore', 'ignore_ament_install']
[0.652s] Level 1:colcon.colcon_core.package_identification:_identify(src/log) by extension 'ignore'
[0.652s] Level 1:colcon.colcon_core.package_identification:_identify(src/log) ignored
[0.652s] Level 1:colcon.colcon_core.package_identification:_identify(src/topic_cpp) by extensions ['ignore', 'ignore_ament_install']
[0.653s] Level 1:colcon.colcon_core.package_identification:_identify(src/topic_cpp) by extension 'ignore'
[0.653s] Level 1:colcon.colcon_core.package_identification:_identify(src/topic_cpp) by extension 'ignore_ament_install'
[0.653s] Level 1:colcon.colcon_core.package_identification:_identify(src/topic_cpp) by extensions ['colcon_pkg']
[0.653s] Level 1:colcon.colcon_core.package_identification:_identify(src/topic_cpp) by extension 'colcon_pkg'
[0.653s] Level 1:colcon.colcon_core.package_identification:_identify(src/topic_cpp) by extensions ['colcon_meta']
[0.653s] Level 1:colcon.colcon_core.package_identification:_identify(src/topic_cpp) by extension 'colcon_meta'
[0.653s] Level 1:colcon.colcon_core.package_identification:_identify(src/topic_cpp) by extensions ['ros']
[0.653s] Level 1:colcon.colcon_core.package_identification:_identify(src/topic_cpp) by extension 'ros'
[0.654s] DEBUG:colcon.colcon_core.package_identification:Package 'src/topic_cpp' with type 'ros.ament_cmake' and name 'topic_cpp'
[0.654s] Level 1:colcon.colcon_core.package_discovery:discover_packages(recursive) using defaults
[0.654s] Level 1:colcon.colcon_core.package_discovery:discover_packages(ignore) discover
[0.655s] Level 1:colcon.colcon_core.package_discovery:discover_packages(ignore) using defaults
[0.655s] Level 1:colcon.colcon_core.package_discovery:discover_packages(path) discover
[0.655s] Level 1:colcon.colcon_core.package_discovery:discover_packages(path) using defaults
[0.692s] Level 1:colcon.colcon_core.package_discovery:discover_packages(prefix_path) check parameters
[0.692s] Level 1:colcon.colcon_core.package_discovery:discover_packages(prefix_path) discover
[0.696s] DEBUG:colcon.colcon_installed_package_information.package_discovery:Found 2 installed packages in /home/cwx/demo01_ws/install
[0.699s] DEBUG:colcon.colcon_installed_package_information.package_discovery:Found 319 installed packages in /opt/ros/humble
[0.717s] Level 1:colcon.colcon_core.package_discovery:discover_packages(prefix_path) using defaults
[0.795s] Level 5:colcon.colcon_core.verb:set package 'base_interfaces_demo' build argument 'cmake_args' from command line to 'None'
[0.795s] Level 5:colcon.colcon_core.verb:set package 'base_interfaces_demo' build argument 'cmake_target' from command line to 'None'
[0.795s] Level 5:colcon.colcon_core.verb:set package 'base_interfaces_demo' build argument 'cmake_target_skip_unavailable' from command line to 'False'
[0.795s] Level 5:colcon.colcon_core.verb:set package 'base_interfaces_demo' build argument 'cmake_clean_cache' from command line to 'False'
[0.795s] Level 5:colcon.colcon_core.verb:set package 'base_interfaces_demo' build argument 'cmake_clean_first' from command line to 'False'
[0.796s] Level 5:colcon.colcon_core.verb:set package 'base_interfaces_demo' build argument 'cmake_force_configure' from command line to 'False'
[0.796s] Level 5:colcon.colcon_core.verb:set package 'base_interfaces_demo' build argument 'ament_cmake_args' from command line to 'None'
[0.796s] Level 5:colcon.colcon_core.verb:set package 'base_interfaces_demo' build argument 'catkin_cmake_args' from command line to 'None'
[0.796s] Level 5:colcon.colcon_core.verb:set package 'base_interfaces_demo' build argument 'catkin_skip_building_tests' from command line to 'False'
[0.796s] DEBUG:colcon.colcon_core.verb:Building package 'base_interfaces_demo' with the following arguments: {'ament_cmake_args': None, 'build_base': '/home/cwx/demo01_ws/build/base_interfaces_demo', 'catkin_cmake_args': None, 'catkin_skip_building_tests': False, 'cmake_args': None, 'cmake_clean_cache': False, 'cmake_clean_first': False, 'cmake_force_configure': False, 'cmake_target': None, 'cmake_target_skip_unavailable': False, 'install_base': '/home/cwx/demo01_ws/install/base_interfaces_demo', 'merge_install': False, 'path': '/home/cwx/demo01_ws/src/base_interfaces_demo', 'symlink_install': False, 'test_result_base': None}
[0.797s] Level 5:colcon.colcon_core.verb:set package 'topic_cpp' build argument 'cmake_args' from command line to 'None'
[0.797s] Level 5:colcon.colcon_core.verb:set package 'topic_cpp' build argument 'cmake_target' from command line to 'None'
[0.797s] Level 5:colcon.colcon_core.verb:set package 'topic_cpp' build argument 'cmake_target_skip_unavailable' from command line to 'False'
[0.797s] Level 5:colcon.colcon_core.verb:set package 'topic_cpp' build argument 'cmake_clean_cache' from command line to 'False'
[0.797s] Level 5:colcon.colcon_core.verb:set package 'topic_cpp' build argument 'cmake_clean_first' from command line to 'False'
[0.797s] Level 5:colcon.colcon_core.verb:set package 'topic_cpp' build argument 'cmake_force_configure' from command line to 'False'
[0.797s] Level 5:colcon.colcon_core.verb:set package 'topic_cpp' build argument 'ament_cmake_args' from command line to 'None'
[0.797s] Level 5:colcon.colcon_core.verb:set package 'topic_cpp' build argument 'catkin_cmake_args' from command line to 'None'
[0.797s] Level 5:colcon.colcon_core.verb:set package 'topic_cpp' build argument 'catkin_skip_building_tests' from command line to 'False'
[0.798s] DEBUG:colcon.colcon_core.verb:Building package 'topic_cpp' with the following arguments: {'ament_cmake_args': None, 'build_base': '/home/cwx/demo01_ws/build/topic_cpp', 'catkin_cmake_args': None, 'catkin_skip_building_tests': False, 'cmake_args': None, 'cmake_clean_cache': False, 'cmake_clean_first': False, 'cmake_force_configure': False, 'cmake_target': None, 'cmake_target_skip_unavailable': False, 'install_base': '/home/cwx/demo01_ws/install/topic_cpp', 'merge_install': False, 'path': '/home/cwx/demo01_ws/src/topic_cpp', 'symlink_install': False, 'test_result_base': None}
[0.798s] INFO:colcon.colcon_core.executor:Executing jobs using 'parallel' executor
[0.804s] DEBUG:colcon.colcon_parallel_executor.executor.parallel:run_until_complete
[0.805s] INFO:colcon.colcon_ros.task.ament_cmake.build:Building ROS package in '/home/cwx/demo01_ws/src/base_interfaces_demo' with build type 'ament_cmake'
[0.805s] INFO:colcon.colcon_cmake.task.cmake.build:Building CMake package in '/home/cwx/demo01_ws/src/base_interfaces_demo'
[0.812s] INFO:colcon.colcon_core.plugin_system:Skipping extension 'colcon_core.shell.bat': Not used on non-Windows systems
[0.812s] INFO:colcon.colcon_core.shell:Skip shell extension 'powershell' for command environment: Not usable outside of PowerShell
[0.812s] DEBUG:colcon.colcon_core.shell:Skip shell extension 'dsv' for command environment
[0.829s] INFO:colcon.colcon_ros.task.ament_cmake.build:Building ROS package in '/home/cwx/demo01_ws/src/topic_cpp' with build type 'ament_cmake'
[0.829s] INFO:colcon.colcon_cmake.task.cmake.build:Building CMake package in '/home/cwx/demo01_ws/src/topic_cpp'
[0.830s] INFO:colcon.colcon_core.shell:Skip shell extension 'powershell' for command environment: Not usable outside of PowerShell
[0.830s] DEBUG:colcon.colcon_core.shell:Skip shell extension 'dsv' for command environment
[0.849s] DEBUG:colcon.colcon_core.event_handler.log_command:Invoking command in '/home/cwx/demo01_ws/build/base_interfaces_demo': CMAKE_PREFIX_PATH=${CMAKE_PREFIX_PATH}:/opt/ros/humble /usr/bin/cmake --build /home/cwx/demo01_ws/build/base_interfaces_demo -- -j8 -l8
[0.858s] DEBUG:colcon.colcon_core.event_handler.log_command:Invoking command in '/home/cwx/demo01_ws/build/topic_cpp': CMAKE_PREFIX_PATH=${CMAKE_PREFIX_PATH}:/opt/ros/humble /usr/bin/cmake --build /home/cwx/demo01_ws/build/topic_cpp -- -j8 -l8
[1.527s] DEBUG:colcon.colcon_core.event_handler.log_command:Invoked command in '/home/cwx/demo01_ws/build/base_interfaces_demo' returned '0': CMAKE_PREFIX_PATH=${CMAKE_PREFIX_PATH}:/opt/ros/humble /usr/bin/cmake --build /home/cwx/demo01_ws/build/base_interfaces_demo -- -j8 -l8
[1.549s] DEBUG:colcon.colcon_core.event_handler.log_command:Invoking command in '/home/cwx/demo01_ws/build/base_interfaces_demo': CMAKE_PREFIX_PATH=${CMAKE_PREFIX_PATH}:/opt/ros/humble /usr/bin/cmake --install /home/cwx/demo01_ws/build/base_interfaces_demo
[1.665s] Level 1:colcon.colcon_core.environment:create_environment_scripts_only(base_interfaces_demo)
[1.666s] DEBUG:colcon.colcon_core.event_handler.log_command:Invoked command in '/home/cwx/demo01_ws/build/base_interfaces_demo' returned '0': CMAKE_PREFIX_PATH=${CMAKE_PREFIX_PATH}:/opt/ros/humble /usr/bin/cmake --install /home/cwx/demo01_ws/build/base_interfaces_demo
[1.669s] Level 1:colcon.colcon_core.environment:checking '/home/cwx/demo01_ws/install/base_interfaces_demo' for CMake module files
[1.670s] Level 1:colcon.colcon_core.environment:checking '/home/cwx/demo01_ws/install/base_interfaces_demo' for CMake config files
[1.671s] Level 1:colcon.colcon_core.shell:create_environment_hook('base_interfaces_demo', 'cmake_prefix_path')
[1.672s] INFO:colcon.colcon_core.shell:Creating environment hook '/home/cwx/demo01_ws/install/base_interfaces_demo/share/base_interfaces_demo/hook/cmake_prefix_path.ps1'
[1.673s] INFO:colcon.colcon_core.shell:Creating environment descriptor '/home/cwx/demo01_ws/install/base_interfaces_demo/share/base_interfaces_demo/hook/cmake_prefix_path.dsv'
[1.674s] INFO:colcon.colcon_core.shell:Creating environment hook '/home/cwx/demo01_ws/install/base_interfaces_demo/share/base_interfaces_demo/hook/cmake_prefix_path.sh'
[1.675s] Level 1:colcon.colcon_core.environment:checking '/home/cwx/demo01_ws/install/base_interfaces_demo/lib'
[1.676s] Level 1:colcon.colcon_core.shell:create_environment_hook('base_interfaces_demo', 'ld_library_path_lib')
[1.676s] INFO:colcon.colcon_core.shell:Creating environment hook '/home/cwx/demo01_ws/install/base_interfaces_demo/share/base_interfaces_demo/hook/ld_library_path_lib.ps1'
[1.677s] INFO:colcon.colcon_core.shell:Creating environment descriptor '/home/cwx/demo01_ws/install/base_interfaces_demo/share/base_interfaces_demo/hook/ld_library_path_lib.dsv'
[1.679s] INFO:colcon.colcon_core.shell:Creating environment hook '/home/cwx/demo01_ws/install/base_interfaces_demo/share/base_interfaces_demo/hook/ld_library_path_lib.sh'
[1.680s] Level 1:colcon.colcon_core.environment:checking '/home/cwx/demo01_ws/install/base_interfaces_demo/bin'
[1.680s] Level 1:colcon.colcon_core.environment:checking '/home/cwx/demo01_ws/install/base_interfaces_demo/lib/pkgconfig/base_interfaces_demo.pc'
[1.681s] Level 1:colcon.colcon_core.environment:checking '/home/cwx/demo01_ws/install/base_interfaces_demo/lib/python3.10/site-packages'
[1.681s] Level 1:colcon.colcon_core.environment:checking '/home/cwx/demo01_ws/install/base_interfaces_demo/bin'
[1.681s] INFO:colcon.colcon_core.shell:Creating package script '/home/cwx/demo01_ws/install/base_interfaces_demo/share/base_interfaces_demo/package.ps1'
[1.684s] INFO:colcon.colcon_core.shell:Creating package descriptor '/home/cwx/demo01_ws/install/base_interfaces_demo/share/base_interfaces_demo/package.dsv'
[1.685s] INFO:colcon.colcon_core.shell:Creating package script '/home/cwx/demo01_ws/install/base_interfaces_demo/share/base_interfaces_demo/package.sh'
[1.686s] INFO:colcon.colcon_core.shell:Creating package script '/home/cwx/demo01_ws/install/base_interfaces_demo/share/base_interfaces_demo/package.bash'
[1.687s] INFO:colcon.colcon_core.shell:Creating package script '/home/cwx/demo01_ws/install/base_interfaces_demo/share/base_interfaces_demo/package.zsh'
[1.689s] Level 1:colcon.colcon_core.environment:create_file_with_runtime_dependencies(/home/cwx/demo01_ws/install/base_interfaces_demo/share/colcon-core/packages/base_interfaces_demo)
[1.690s] Level 1:colcon.colcon_core.environment:create_environment_scripts_only(base_interfaces_demo)
[1.690s] Level 1:colcon.colcon_core.environment:checking '/home/cwx/demo01_ws/install/base_interfaces_demo' for CMake module files
[1.691s] Level 1:colcon.colcon_core.environment:checking '/home/cwx/demo01_ws/install/base_interfaces_demo' for CMake config files
[1.692s] Level 1:colcon.colcon_core.shell:create_environment_hook('base_interfaces_demo', 'cmake_prefix_path')
[1.693s] INFO:colcon.colcon_core.shell:Creating environment hook '/home/cwx/demo01_ws/install/base_interfaces_demo/share/base_interfaces_demo/hook/cmake_prefix_path.ps1'
[1.694s] INFO:colcon.colcon_core.shell:Creating environment descriptor '/home/cwx/demo01_ws/install/base_interfaces_demo/share/base_interfaces_demo/hook/cmake_prefix_path.dsv'
[1.695s] INFO:colcon.colcon_core.shell:Creating environment hook '/home/cwx/demo01_ws/install/base_interfaces_demo/share/base_interfaces_demo/hook/cmake_prefix_path.sh'
[1.696s] Level 1:colcon.colcon_core.environment:checking '/home/cwx/demo01_ws/install/base_interfaces_demo/lib'
[1.696s] Level 1:colcon.colcon_core.shell:create_environment_hook('base_interfaces_demo', 'ld_library_path_lib')
[1.697s] INFO:colcon.colcon_core.shell:Creating environment hook '/home/cwx/demo01_ws/install/base_interfaces_demo/share/base_interfaces_demo/hook/ld_library_path_lib.ps1'
[1.697s] INFO:colcon.colcon_core.shell:Creating environment descriptor '/home/cwx/demo01_ws/install/base_interfaces_demo/share/base_interfaces_demo/hook/ld_library_path_lib.dsv'
[1.698s] INFO:colcon.colcon_core.shell:Creating environment hook '/home/cwx/demo01_ws/install/base_interfaces_demo/share/base_interfaces_demo/hook/ld_library_path_lib.sh'
[1.699s] Level 1:colcon.colcon_core.environment:checking '/home/cwx/demo01_ws/install/base_interfaces_demo/bin'
[1.699s] Level 1:colcon.colcon_core.environment:checking '/home/cwx/demo01_ws/install/base_interfaces_demo/lib/pkgconfig/base_interfaces_demo.pc'
[1.700s] Level 1:colcon.colcon_core.environment:checking '/home/cwx/demo01_ws/install/base_interfaces_demo/lib/python3.10/site-packages'
[1.700s] Level 1:colcon.colcon_core.environment:checking '/home/cwx/demo01_ws/install/base_interfaces_demo/bin'
[1.701s] INFO:colcon.colcon_core.shell:Creating package script '/home/cwx/demo01_ws/install/base_interfaces_demo/share/base_interfaces_demo/package.ps1'
[1.702s] INFO:colcon.colcon_core.shell:Creating package descriptor '/home/cwx/demo01_ws/install/base_interfaces_demo/share/base_interfaces_demo/package.dsv'
[1.703s] INFO:colcon.colcon_core.shell:Creating package script '/home/cwx/demo01_ws/install/base_interfaces_demo/share/base_interfaces_demo/package.sh'
[1.704s] INFO:colcon.colcon_core.shell:Creating package script '/home/cwx/demo01_ws/install/base_interfaces_demo/share/base_interfaces_demo/package.bash'
[1.705s] INFO:colcon.colcon_core.shell:Creating package script '/home/cwx/demo01_ws/install/base_interfaces_demo/share/base_interfaces_demo/package.zsh'
[1.706s] Level 1:colcon.colcon_core.environment:create_file_with_runtime_dependencies(/home/cwx/demo01_ws/install/base_interfaces_demo/share/colcon-core/packages/base_interfaces_demo)
[12.543s] DEBUG:colcon.colcon_core.event_handler.log_command:Invoked command in '/home/cwx/demo01_ws/build/topic_cpp' returned '0': CMAKE_PREFIX_PATH=${CMAKE_PREFIX_PATH}:/opt/ros/humble /usr/bin/cmake --build /home/cwx/demo01_ws/build/topic_cpp -- -j8 -l8
[12.547s] DEBUG:colcon.colcon_core.event_handler.log_command:Invoking command in '/home/cwx/demo01_ws/build/topic_cpp': CMAKE_PREFIX_PATH=${CMAKE_PREFIX_PATH}:/opt/ros/humble /usr/bin/cmake --install /home/cwx/demo01_ws/build/topic_cpp
[12.572s] Level 1:colcon.colcon_core.environment:create_environment_scripts_only(topic_cpp)
[12.572s] DEBUG:colcon.colcon_core.event_handler.log_command:Invoked command in '/home/cwx/demo01_ws/build/topic_cpp' returned '0': CMAKE_PREFIX_PATH=${CMAKE_PREFIX_PATH}:/opt/ros/humble /usr/bin/cmake --install /home/cwx/demo01_ws/build/topic_cpp
[12.573s] Level 1:colcon.colcon_core.environment:checking '/home/cwx/demo01_ws/install/topic_cpp' for CMake module files
[12.574s] Level 1:colcon.colcon_core.environment:checking '/home/cwx/demo01_ws/install/topic_cpp' for CMake config files
[12.574s] Level 1:colcon.colcon_core.shell:create_environment_hook('topic_cpp', 'cmake_prefix_path')
[12.575s] INFO:colcon.colcon_core.shell:Creating environment hook '/home/cwx/demo01_ws/install/topic_cpp/share/topic_cpp/hook/cmake_prefix_path.ps1'
[12.576s] INFO:colcon.colcon_core.shell:Creating environment descriptor '/home/cwx/demo01_ws/install/topic_cpp/share/topic_cpp/hook/cmake_prefix_path.dsv'
[12.577s] INFO:colcon.colcon_core.shell:Creating environment hook '/home/cwx/demo01_ws/install/topic_cpp/share/topic_cpp/hook/cmake_prefix_path.sh'
[12.578s] Level 1:colcon.colcon_core.environment:checking '/home/cwx/demo01_ws/install/topic_cpp/lib'
[12.578s] Level 1:colcon.colcon_core.environment:checking '/home/cwx/demo01_ws/install/topic_cpp/bin'
[12.578s] Level 1:colcon.colcon_core.environment:checking '/home/cwx/demo01_ws/install/topic_cpp/lib/pkgconfig/topic_cpp.pc'
[12.579s] Level 1:colcon.colcon_core.environment:checking '/home/cwx/demo01_ws/install/topic_cpp/lib/python3.10/site-packages'
[12.579s] Level 1:colcon.colcon_core.environment:checking '/home/cwx/demo01_ws/install/topic_cpp/bin'
[12.580s] INFO:colcon.colcon_core.shell:Creating package script '/home/cwx/demo01_ws/install/topic_cpp/share/topic_cpp/package.ps1'
[12.581s] INFO:colcon.colcon_core.shell:Creating package descriptor '/home/cwx/demo01_ws/install/topic_cpp/share/topic_cpp/package.dsv'
[12.582s] INFO:colcon.colcon_core.shell:Creating package script '/home/cwx/demo01_ws/install/topic_cpp/share/topic_cpp/package.sh'
[12.583s] INFO:colcon.colcon_core.shell:Creating package script '/home/cwx/demo01_ws/install/topic_cpp/share/topic_cpp/package.bash'
[12.583s] INFO:colcon.colcon_core.shell:Creating package script '/home/cwx/demo01_ws/install/topic_cpp/share/topic_cpp/package.zsh'
[12.584s] Level 1:colcon.colcon_core.environment:create_file_with_runtime_dependencies(/home/cwx/demo01_ws/install/topic_cpp/share/colcon-core/packages/topic_cpp)
[12.586s] Level 1:colcon.colcon_core.environment:create_environment_scripts_only(topic_cpp)
[12.586s] Level 1:colcon.colcon_core.environment:checking '/home/cwx/demo01_ws/install/topic_cpp' for CMake module files
[12.587s] Level 1:colcon.colcon_core.environment:checking '/home/cwx/demo01_ws/install/topic_cpp' for CMake config files
[12.587s] Level 1:colcon.colcon_core.shell:create_environment_hook('topic_cpp', 'cmake_prefix_path')
[12.588s] INFO:colcon.colcon_core.shell:Creating environment hook '/home/cwx/demo01_ws/install/topic_cpp/share/topic_cpp/hook/cmake_prefix_path.ps1'
[12.589s] INFO:colcon.colcon_core.shell:Creating environment descriptor '/home/cwx/demo01_ws/install/topic_cpp/share/topic_cpp/hook/cmake_prefix_path.dsv'
[12.590s] INFO:colcon.colcon_core.shell:Creating environment hook '/home/cwx/demo01_ws/install/topic_cpp/share/topic_cpp/hook/cmake_prefix_path.sh'
[12.591s] Level 1:colcon.colcon_core.environment:checking '/home/cwx/demo01_ws/install/topic_cpp/lib'
[12.591s] Level 1:colcon.colcon_core.environment:checking '/home/cwx/demo01_ws/install/topic_cpp/bin'
[12.591s] Level 1:colcon.colcon_core.environment:checking '/home/cwx/demo01_ws/install/topic_cpp/lib/pkgconfig/topic_cpp.pc'
[12.591s] Level 1:colcon.colcon_core.environment:checking '/home/cwx/demo01_ws/install/topic_cpp/lib/python3.10/site-packages'
[12.592s] Level 1:colcon.colcon_core.environment:checking '/home/cwx/demo01_ws/install/topic_cpp/bin'
[12.592s] INFO:colcon.colcon_core.shell:Creating package script '/home/cwx/demo01_ws/install/topic_cpp/share/topic_cpp/package.ps1'
[12.593s] INFO:colcon.colcon_core.shell:Creating package descriptor '/home/cwx/demo01_ws/install/topic_cpp/share/topic_cpp/package.dsv'
[12.594s] INFO:colcon.colcon_core.shell:Creating package script '/home/cwx/demo01_ws/install/topic_cpp/share/topic_cpp/package.sh'
[12.595s] INFO:colcon.colcon_core.shell:Creating package script '/home/cwx/demo01_ws/install/topic_cpp/share/topic_cpp/package.bash'
[12.595s] INFO:colcon.colcon_core.shell:Creating package script '/home/cwx/demo01_ws/install/topic_cpp/share/topic_cpp/package.zsh'
[12.596s] Level 1:colcon.colcon_core.environment:create_file_with_runtime_dependencies(/home/cwx/demo01_ws/install/topic_cpp/share/colcon-core/packages/topic_cpp)
[12.597s] DEBUG:colcon.colcon_parallel_executor.executor.parallel:closing loop
[12.598s] DEBUG:colcon.colcon_parallel_executor.executor.parallel:loop closed
[12.598s] DEBUG:colcon.colcon_parallel_executor.executor.parallel:run_until_complete finished with '0'
[12.598s] DEBUG:colcon.colcon_core.event_reactor:joining thread
[12.609s] INFO:colcon.colcon_core.plugin_system:Skipping extension 'colcon_notification.desktop_notification.terminal_notifier': Not used on non-Darwin systems
[12.609s] INFO:colcon.colcon_core.plugin_system:Skipping extension 'colcon_notification.desktop_notification.win32': Not used on non-Windows systems
[12.609s] INFO:colcon.colcon_notification.desktop_notification:Sending desktop notification using 'notify2'
[12.632s] DEBUG:colcon.colcon_core.event_reactor:joined thread
[12.633s] INFO:colcon.colcon_core.shell:Creating prefix script '/home/cwx/demo01_ws/install/local_setup.ps1'
[12.635s] INFO:colcon.colcon_core.shell:Creating prefix util module '/home/cwx/demo01_ws/install/_local_setup_util_ps1.py'
[12.637s] INFO:colcon.colcon_core.shell:Creating prefix chain script '/home/cwx/demo01_ws/install/setup.ps1'
[12.639s] INFO:colcon.colcon_core.shell:Creating prefix script '/home/cwx/demo01_ws/install/local_setup.sh'
[12.640s] INFO:colcon.colcon_core.shell:Creating prefix util module '/home/cwx/demo01_ws/install/_local_setup_util_sh.py'
[12.641s] INFO:colcon.colcon_core.shell:Creating prefix chain script '/home/cwx/demo01_ws/install/setup.sh'
[12.643s] INFO:colcon.colcon_core.shell:Creating prefix script '/home/cwx/demo01_ws/install/local_setup.bash'
[12.644s] INFO:colcon.colcon_core.shell:Creating prefix chain script '/home/cwx/demo01_ws/install/setup.bash'
[12.646s] INFO:colcon.colcon_core.shell:Creating prefix script '/home/cwx/demo01_ws/install/local_setup.zsh'
[12.647s] INFO:colcon.colcon_core.shell:Creating prefix chain script '/home/cwx/demo01_ws/install/setup.zsh'
