[0.037s] Invoking command in '/home/cwx/demo01_ws/build/base_interfaces_demo': CMAKE_PREFIX_PATH=/opt/ros/humble /usr/bin/cmake /home/cwx/demo01_ws/src/base_interfaces_demo -DCMAKE_INSTALL_PREFIX=/home/cwx/demo01_ws/install/base_interfaces_demo
[0.505s] -- The C compiler identification is GNU 11.4.0
[0.881s] -- The CXX compiler identification is GNU 11.4.0
[0.919s] -- Detecting C compiler ABI info
[1.244s] -- Detecting C compiler ABI info - done
[1.261s] -- Check for working C compiler: /usr/bin/cc - skipped
[1.262s] -- Detecting C compile features
[1.265s] -- Detecting C compile features - done
[1.278s] -- Detecting CXX compiler ABI info
[1.489s] -- Detecting CXX compiler ABI info - done
[1.502s] -- Check for working CXX compiler: /usr/bin/c++ - skipped
[1.502s] -- Detecting CXX compile features
[1.503s] -- Detecting CXX compile features - done
[1.539s] -- Found ament_cmake: 1.3.11 (/opt/ros/humble/share/ament_cmake/cmake)
[1.946s] -- Found Python3: /usr/bin/python3 (found version "3.10.12") found components: Interpreter 
[2.178s] -- Found rclcpp: 16.0.12 (/opt/ros/humble/share/rclcpp/cmake)
[2.279s] -- Found rosidl_generator_c: 3.1.6 (/opt/ros/humble/share/rosidl_generator_c/cmake)
[2.298s] -- Found rosidl_adapter: 3.1.6 (/opt/ros/humble/share/rosidl_adapter/cmake)
[2.321s] -- Found rosidl_generator_cpp: 3.1.6 (/opt/ros/humble/share/rosidl_generator_cpp/cmake)
[2.363s] -- Using all available rosidl_typesupport_c: rosidl_typesupport_fastrtps_c;rosidl_typesupport_introspection_c
[2.404s] -- Using all available rosidl_typesupport_cpp: rosidl_typesupport_fastrtps_cpp;rosidl_typesupport_introspection_cpp
[2.515s] -- Found rmw_implementation_cmake: 6.1.2 (/opt/ros/humble/share/rmw_implementation_cmake/cmake)
[2.521s] -- Found rmw_fastrtps_cpp: 6.2.7 (/opt/ros/humble/share/rmw_fastrtps_cpp/cmake)
[2.757s] -- Found OpenSSL: /usr/lib/x86_64-linux-gnu/libcrypto.so (found version "3.0.2")  
[2.800s] -- Found FastRTPS: /opt/ros/humble/include  
[2.873s] -- Using RMW implementation 'rmw_fastrtps_cpp' as default
[2.901s] -- Looking for pthread.h
[3.130s] -- Looking for pthread.h - found
[3.131s] -- Performing Test CMAKE_HAVE_LIBC_PTHREAD
[3.411s] -- Performing Test CMAKE_HAVE_LIBC_PTHREAD - Success
[3.413s] -- Found Threads: TRUE  
[3.604s] -- Found rosidl_default_generators: 1.2.0 (/opt/ros/humble/share/rosidl_default_generators/cmake)
[3.636s] -- Found turtlesim: 1.4.2 (/opt/ros/humble/share/turtlesim/cmake)
[3.798s] [31mCMake Error at /opt/ros/humble/share/rosidl_cmake/cmake/rosidl_generate_interfaces.cmake:93 (message):
[3.799s]   rosidl_generate_interfaces() the passed file 'msg/position.srv' doesn't
[3.799s]   exist relative to the CMAKE_CURRENT_SOURCE_DIR
[3.799s]   '/home/cwx/demo01_ws/src/base_interfaces_demo'
[3.799s] Call Stack (most recent call first):
[3.799s]   CMakeLists.txt:15 (rosidl_generate_interfaces)
[3.799s] 
[3.799s] [0m
[3.800s] -- Configuring incomplete, errors occurred!
[3.800s] See also "/home/cwx/demo01_ws/build/base_interfaces_demo/CMakeFiles/CMakeOutput.log".
[3.816s] Invoked command in '/home/cwx/demo01_ws/build/base_interfaces_demo' returned '1': CMAKE_PREFIX_PATH=/opt/ros/humble /usr/bin/cmake /home/cwx/demo01_ws/src/base_interfaces_demo -DCMAKE_INSTALL_PREFIX=/home/cwx/demo01_ws/install/base_interfaces_demo
