[0.173s] DEBUG:colcon:Command line arguments: ['/usr/bin/colcon', 'build']
[0.174s] DEBUG:colcon:Parsed command line arguments: Namespace(log_base=None, log_level=None, verb_name='build', build_base='build', install_base='install', merge_install=False, symlink_install=False, test_result_base=None, continue_on_error=False, executor='parallel', parallel_workers=8, event_handlers=None, ignore_user_meta=False, metas=['./colcon.meta'], base_paths=['.'], packages_ignore=None, packages_ignore_regex=None, paths=None, packages_up_to=None, packages_up_to_regex=None, packages_above=None, packages_above_and_dependencies=None, packages_above_depth=None, packages_select_by_dep=None, packages_skip_by_dep=None, packages_skip_up_to=None, packages_select_build_failed=False, packages_skip_build_finished=False, packages_select_test_failures=False, packages_skip_test_passed=False, packages_select=None, packages_skip=None, packages_select_regex=None, packages_skip_regex=None, packages_start=None, packages_end=None, allow_overriding=[], cmake_args=None, cmake_target=None, cmake_target_skip_unavailable=False, cmake_clean_cache=False, cmake_clean_first=False, cmake_force_configure=False, ament_cmake_args=None, catkin_cmake_args=None, catkin_skip_building_tests=False, verb_parser=<colcon_defaults.argument_parser.defaults.DefaultArgumentsDecorator object at 0x714669623a00>, verb_extension=<colcon_core.verb.build.BuildVerb object at 0x7146696234f0>, main=<bound method BuildVerb.main of <colcon_core.verb.build.BuildVerb object at 0x7146696234f0>>)
[0.450s] Level 1:colcon.colcon_core.package_discovery:discover_packages(colcon_meta) check parameters
[0.450s] Level 1:colcon.colcon_core.package_discovery:discover_packages(recursive) check parameters
[0.450s] Level 1:colcon.colcon_core.package_discovery:discover_packages(ignore) check parameters
[0.450s] Level 1:colcon.colcon_core.package_discovery:discover_packages(path) check parameters
[0.450s] Level 1:colcon.colcon_core.package_discovery:discover_packages(colcon_meta) discover
[0.451s] Level 1:colcon.colcon_core.package_discovery:discover_packages(recursive) discover
[0.451s] INFO:colcon.colcon_core.package_discovery:Crawling recursively for packages in '/home/cwx/demo01_ws'
[0.451s] Level 1:colcon.colcon_core.package_identification:_identify(.) by extensions ['ignore', 'ignore_ament_install']
[0.451s] Level 1:colcon.colcon_core.package_identification:_identify(.) by extension 'ignore'
[0.451s] Level 1:colcon.colcon_core.package_identification:_identify(.) by extension 'ignore_ament_install'
[0.451s] Level 1:colcon.colcon_core.package_identification:_identify(.) by extensions ['colcon_pkg']
[0.451s] Level 1:colcon.colcon_core.package_identification:_identify(.) by extension 'colcon_pkg'
[0.451s] Level 1:colcon.colcon_core.package_identification:_identify(.) by extensions ['colcon_meta']
[0.451s] Level 1:colcon.colcon_core.package_identification:_identify(.) by extension 'colcon_meta'
[0.451s] Level 1:colcon.colcon_core.package_identification:_identify(.) by extensions ['ros']
[0.451s] Level 1:colcon.colcon_core.package_identification:_identify(.) by extension 'ros'
[0.473s] Level 1:colcon.colcon_core.package_identification:_identify(.) by extensions ['cmake', 'python']
[0.473s] Level 1:colcon.colcon_core.package_identification:_identify(.) by extension 'cmake'
[0.473s] Level 1:colcon.colcon_core.package_identification:_identify(.) by extension 'python'
[0.473s] Level 1:colcon.colcon_core.package_identification:_identify(.) by extensions ['python_setup_py']
[0.473s] Level 1:colcon.colcon_core.package_identification:_identify(.) by extension 'python_setup_py'
[0.473s] Level 1:colcon.colcon_core.package_identification:_identify(build) by extensions ['ignore', 'ignore_ament_install']
[0.474s] Level 1:colcon.colcon_core.package_identification:_identify(build) by extension 'ignore'
[0.474s] Level 1:colcon.colcon_core.package_identification:_identify(build) ignored
[0.474s] Level 1:colcon.colcon_core.package_identification:_identify(install) by extensions ['ignore', 'ignore_ament_install']
[0.474s] Level 1:colcon.colcon_core.package_identification:_identify(install) by extension 'ignore'
[0.474s] Level 1:colcon.colcon_core.package_identification:_identify(install) ignored
[0.475s] Level 1:colcon.colcon_core.package_identification:_identify(log) by extensions ['ignore', 'ignore_ament_install']
[0.475s] Level 1:colcon.colcon_core.package_identification:_identify(log) by extension 'ignore'
[0.475s] Level 1:colcon.colcon_core.package_identification:_identify(log) ignored
[0.475s] Level 1:colcon.colcon_core.package_identification:_identify(src) by extensions ['ignore', 'ignore_ament_install']
[0.475s] Level 1:colcon.colcon_core.package_identification:_identify(src) by extension 'ignore'
[0.476s] Level 1:colcon.colcon_core.package_identification:_identify(src) by extension 'ignore_ament_install'
[0.476s] Level 1:colcon.colcon_core.package_identification:_identify(src) by extensions ['colcon_pkg']
[0.476s] Level 1:colcon.colcon_core.package_identification:_identify(src) by extension 'colcon_pkg'
[0.476s] Level 1:colcon.colcon_core.package_identification:_identify(src) by extensions ['colcon_meta']
[0.476s] Level 1:colcon.colcon_core.package_identification:_identify(src) by extension 'colcon_meta'
[0.476s] Level 1:colcon.colcon_core.package_identification:_identify(src) by extensions ['ros']
[0.476s] Level 1:colcon.colcon_core.package_identification:_identify(src) by extension 'ros'
[0.476s] Level 1:colcon.colcon_core.package_identification:_identify(src) by extensions ['cmake', 'python']
[0.476s] Level 1:colcon.colcon_core.package_identification:_identify(src) by extension 'cmake'
[0.476s] Level 1:colcon.colcon_core.package_identification:_identify(src) by extension 'python'
[0.476s] Level 1:colcon.colcon_core.package_identification:_identify(src) by extensions ['python_setup_py']
[0.477s] Level 1:colcon.colcon_core.package_identification:_identify(src) by extension 'python_setup_py'
[0.477s] Level 1:colcon.colcon_core.package_identification:_identify(src/base_interfaces_demo) by extensions ['ignore', 'ignore_ament_install']
[0.477s] Level 1:colcon.colcon_core.package_identification:_identify(src/base_interfaces_demo) by extension 'ignore'
[0.477s] Level 1:colcon.colcon_core.package_identification:_identify(src/base_interfaces_demo) by extension 'ignore_ament_install'
[0.477s] Level 1:colcon.colcon_core.package_identification:_identify(src/base_interfaces_demo) by extensions ['colcon_pkg']
[0.477s] Level 1:colcon.colcon_core.package_identification:_identify(src/base_interfaces_demo) by extension 'colcon_pkg'
[0.478s] Level 1:colcon.colcon_core.package_identification:_identify(src/base_interfaces_demo) by extensions ['colcon_meta']
[0.478s] Level 1:colcon.colcon_core.package_identification:_identify(src/base_interfaces_demo) by extension 'colcon_meta'
[0.478s] Level 1:colcon.colcon_core.package_identification:_identify(src/base_interfaces_demo) by extensions ['ros']
[0.478s] Level 1:colcon.colcon_core.package_identification:_identify(src/base_interfaces_demo) by extension 'ros'
[0.483s] DEBUG:colcon.colcon_core.package_identification:Package 'src/base_interfaces_demo' with type 'ros.ament_cmake' and name 'base_interfaces_demo'
[0.483s] Level 1:colcon.colcon_core.package_identification:_identify(src/build) by extensions ['ignore', 'ignore_ament_install']
[0.484s] Level 1:colcon.colcon_core.package_identification:_identify(src/build) by extension 'ignore'
[0.484s] Level 1:colcon.colcon_core.package_identification:_identify(src/build) ignored
[0.484s] Level 1:colcon.colcon_core.package_identification:_identify(src/install) by extensions ['ignore', 'ignore_ament_install']
[0.484s] Level 1:colcon.colcon_core.package_identification:_identify(src/install) by extension 'ignore'
[0.484s] Level 1:colcon.colcon_core.package_identification:_identify(src/install) ignored
[0.484s] Level 1:colcon.colcon_core.package_identification:_identify(src/log) by extensions ['ignore', 'ignore_ament_install']
[0.484s] Level 1:colcon.colcon_core.package_identification:_identify(src/log) by extension 'ignore'
[0.484s] Level 1:colcon.colcon_core.package_identification:_identify(src/log) ignored
[0.485s] Level 1:colcon.colcon_core.package_identification:_identify(src/topic_cpp) by extensions ['ignore', 'ignore_ament_install']
[0.485s] Level 1:colcon.colcon_core.package_identification:_identify(src/topic_cpp) by extension 'ignore'
[0.485s] Level 1:colcon.colcon_core.package_identification:_identify(src/topic_cpp) by extension 'ignore_ament_install'
[0.486s] Level 1:colcon.colcon_core.package_identification:_identify(src/topic_cpp) by extensions ['colcon_pkg']
[0.486s] Level 1:colcon.colcon_core.package_identification:_identify(src/topic_cpp) by extension 'colcon_pkg'
[0.486s] Level 1:colcon.colcon_core.package_identification:_identify(src/topic_cpp) by extensions ['colcon_meta']
[0.486s] Level 1:colcon.colcon_core.package_identification:_identify(src/topic_cpp) by extension 'colcon_meta'
[0.486s] Level 1:colcon.colcon_core.package_identification:_identify(src/topic_cpp) by extensions ['ros']
[0.486s] Level 1:colcon.colcon_core.package_identification:_identify(src/topic_cpp) by extension 'ros'
[0.487s] DEBUG:colcon.colcon_core.package_identification:Package 'src/topic_cpp' with type 'ros.ament_cmake' and name 'topic_cpp'
[0.488s] Level 1:colcon.colcon_core.package_discovery:discover_packages(recursive) using defaults
[0.488s] Level 1:colcon.colcon_core.package_discovery:discover_packages(ignore) discover
[0.488s] Level 1:colcon.colcon_core.package_discovery:discover_packages(ignore) using defaults
[0.488s] Level 1:colcon.colcon_core.package_discovery:discover_packages(path) discover
[0.488s] Level 1:colcon.colcon_core.package_discovery:discover_packages(path) using defaults
[0.524s] Level 1:colcon.colcon_core.package_discovery:discover_packages(prefix_path) check parameters
[0.524s] Level 1:colcon.colcon_core.package_discovery:discover_packages(prefix_path) discover
[0.527s] DEBUG:colcon.colcon_installed_package_information.package_discovery:Found 2 installed packages in /home/cwx/demo01_ws/install
[0.529s] DEBUG:colcon.colcon_installed_package_information.package_discovery:Found 319 installed packages in /opt/ros/humble
[0.552s] Level 1:colcon.colcon_core.package_discovery:discover_packages(prefix_path) using defaults
[0.631s] Level 5:colcon.colcon_core.verb:set package 'base_interfaces_demo' build argument 'cmake_args' from command line to 'None'
[0.631s] Level 5:colcon.colcon_core.verb:set package 'base_interfaces_demo' build argument 'cmake_target' from command line to 'None'
[0.631s] Level 5:colcon.colcon_core.verb:set package 'base_interfaces_demo' build argument 'cmake_target_skip_unavailable' from command line to 'False'
[0.631s] Level 5:colcon.colcon_core.verb:set package 'base_interfaces_demo' build argument 'cmake_clean_cache' from command line to 'False'
[0.631s] Level 5:colcon.colcon_core.verb:set package 'base_interfaces_demo' build argument 'cmake_clean_first' from command line to 'False'
[0.631s] Level 5:colcon.colcon_core.verb:set package 'base_interfaces_demo' build argument 'cmake_force_configure' from command line to 'False'
[0.631s] Level 5:colcon.colcon_core.verb:set package 'base_interfaces_demo' build argument 'ament_cmake_args' from command line to 'None'
[0.631s] Level 5:colcon.colcon_core.verb:set package 'base_interfaces_demo' build argument 'catkin_cmake_args' from command line to 'None'
[0.631s] Level 5:colcon.colcon_core.verb:set package 'base_interfaces_demo' build argument 'catkin_skip_building_tests' from command line to 'False'
[0.631s] DEBUG:colcon.colcon_core.verb:Building package 'base_interfaces_demo' with the following arguments: {'ament_cmake_args': None, 'build_base': '/home/cwx/demo01_ws/build/base_interfaces_demo', 'catkin_cmake_args': None, 'catkin_skip_building_tests': False, 'cmake_args': None, 'cmake_clean_cache': False, 'cmake_clean_first': False, 'cmake_force_configure': False, 'cmake_target': None, 'cmake_target_skip_unavailable': False, 'install_base': '/home/cwx/demo01_ws/install/base_interfaces_demo', 'merge_install': False, 'path': '/home/cwx/demo01_ws/src/base_interfaces_demo', 'symlink_install': False, 'test_result_base': None}
[0.632s] Level 5:colcon.colcon_core.verb:set package 'topic_cpp' build argument 'cmake_args' from command line to 'None'
[0.632s] Level 5:colcon.colcon_core.verb:set package 'topic_cpp' build argument 'cmake_target' from command line to 'None'
[0.632s] Level 5:colcon.colcon_core.verb:set package 'topic_cpp' build argument 'cmake_target_skip_unavailable' from command line to 'False'
[0.632s] Level 5:colcon.colcon_core.verb:set package 'topic_cpp' build argument 'cmake_clean_cache' from command line to 'False'
[0.632s] Level 5:colcon.colcon_core.verb:set package 'topic_cpp' build argument 'cmake_clean_first' from command line to 'False'
[0.632s] Level 5:colcon.colcon_core.verb:set package 'topic_cpp' build argument 'cmake_force_configure' from command line to 'False'
[0.632s] Level 5:colcon.colcon_core.verb:set package 'topic_cpp' build argument 'ament_cmake_args' from command line to 'None'
[0.632s] Level 5:colcon.colcon_core.verb:set package 'topic_cpp' build argument 'catkin_cmake_args' from command line to 'None'
[0.632s] Level 5:colcon.colcon_core.verb:set package 'topic_cpp' build argument 'catkin_skip_building_tests' from command line to 'False'
[0.632s] DEBUG:colcon.colcon_core.verb:Building package 'topic_cpp' with the following arguments: {'ament_cmake_args': None, 'build_base': '/home/cwx/demo01_ws/build/topic_cpp', 'catkin_cmake_args': None, 'catkin_skip_building_tests': False, 'cmake_args': None, 'cmake_clean_cache': False, 'cmake_clean_first': False, 'cmake_force_configure': False, 'cmake_target': None, 'cmake_target_skip_unavailable': False, 'install_base': '/home/cwx/demo01_ws/install/topic_cpp', 'merge_install': False, 'path': '/home/cwx/demo01_ws/src/topic_cpp', 'symlink_install': False, 'test_result_base': None}
[0.633s] INFO:colcon.colcon_core.executor:Executing jobs using 'parallel' executor
[0.635s] DEBUG:colcon.colcon_parallel_executor.executor.parallel:run_until_complete
[0.636s] INFO:colcon.colcon_ros.task.ament_cmake.build:Building ROS package in '/home/cwx/demo01_ws/src/base_interfaces_demo' with build type 'ament_cmake'
[0.636s] INFO:colcon.colcon_cmake.task.cmake.build:Building CMake package in '/home/cwx/demo01_ws/src/base_interfaces_demo'
[0.641s] INFO:colcon.colcon_core.plugin_system:Skipping extension 'colcon_core.shell.bat': Not used on non-Windows systems
[0.641s] INFO:colcon.colcon_core.shell:Skip shell extension 'powershell' for command environment: Not usable outside of PowerShell
[0.641s] DEBUG:colcon.colcon_core.shell:Skip shell extension 'dsv' for command environment
[0.647s] INFO:colcon.colcon_ros.task.ament_cmake.build:Building ROS package in '/home/cwx/demo01_ws/src/topic_cpp' with build type 'ament_cmake'
[0.648s] INFO:colcon.colcon_cmake.task.cmake.build:Building CMake package in '/home/cwx/demo01_ws/src/topic_cpp'
[0.648s] INFO:colcon.colcon_core.shell:Skip shell extension 'powershell' for command environment: Not usable outside of PowerShell
[0.648s] DEBUG:colcon.colcon_core.shell:Skip shell extension 'dsv' for command environment
[0.667s] DEBUG:colcon.colcon_core.event_handler.log_command:Invoking command in '/home/cwx/demo01_ws/build/base_interfaces_demo': CMAKE_PREFIX_PATH=${CMAKE_PREFIX_PATH}:/opt/ros/humble /usr/bin/cmake --build /home/cwx/demo01_ws/build/base_interfaces_demo -- -j8 -l8
[0.677s] DEBUG:colcon.colcon_core.event_handler.log_command:Invoking command in '/home/cwx/demo01_ws/build/topic_cpp': CMAKE_PREFIX_PATH=${CMAKE_PREFIX_PATH}:/opt/ros/humble /usr/bin/cmake --build /home/cwx/demo01_ws/build/topic_cpp -- -j8 -l8
[1.371s] DEBUG:colcon.colcon_core.event_handler.log_command:Invoked command in '/home/cwx/demo01_ws/build/base_interfaces_demo' returned '0': CMAKE_PREFIX_PATH=${CMAKE_PREFIX_PATH}:/opt/ros/humble /usr/bin/cmake --build /home/cwx/demo01_ws/build/base_interfaces_demo -- -j8 -l8
[1.392s] DEBUG:colcon.colcon_core.event_handler.log_command:Invoking command in '/home/cwx/demo01_ws/build/base_interfaces_demo': CMAKE_PREFIX_PATH=${CMAKE_PREFIX_PATH}:/opt/ros/humble /usr/bin/cmake --install /home/cwx/demo01_ws/build/base_interfaces_demo
[1.496s] Level 1:colcon.colcon_core.environment:create_environment_scripts_only(base_interfaces_demo)
[1.497s] DEBUG:colcon.colcon_core.event_handler.log_command:Invoked command in '/home/cwx/demo01_ws/build/base_interfaces_demo' returned '0': CMAKE_PREFIX_PATH=${CMAKE_PREFIX_PATH}:/opt/ros/humble /usr/bin/cmake --install /home/cwx/demo01_ws/build/base_interfaces_demo
[1.502s] Level 1:colcon.colcon_core.environment:checking '/home/cwx/demo01_ws/install/base_interfaces_demo' for CMake module files
[1.503s] Level 1:colcon.colcon_core.environment:checking '/home/cwx/demo01_ws/install/base_interfaces_demo' for CMake config files
[1.504s] Level 1:colcon.colcon_core.shell:create_environment_hook('base_interfaces_demo', 'cmake_prefix_path')
[1.504s] INFO:colcon.colcon_core.shell:Creating environment hook '/home/cwx/demo01_ws/install/base_interfaces_demo/share/base_interfaces_demo/hook/cmake_prefix_path.ps1'
[1.505s] INFO:colcon.colcon_core.shell:Creating environment descriptor '/home/cwx/demo01_ws/install/base_interfaces_demo/share/base_interfaces_demo/hook/cmake_prefix_path.dsv'
[1.506s] INFO:colcon.colcon_core.shell:Creating environment hook '/home/cwx/demo01_ws/install/base_interfaces_demo/share/base_interfaces_demo/hook/cmake_prefix_path.sh'
[1.508s] Level 1:colcon.colcon_core.environment:checking '/home/cwx/demo01_ws/install/base_interfaces_demo/lib'
[1.508s] Level 1:colcon.colcon_core.shell:create_environment_hook('base_interfaces_demo', 'ld_library_path_lib')
[1.509s] INFO:colcon.colcon_core.shell:Creating environment hook '/home/cwx/demo01_ws/install/base_interfaces_demo/share/base_interfaces_demo/hook/ld_library_path_lib.ps1'
[1.510s] INFO:colcon.colcon_core.shell:Creating environment descriptor '/home/cwx/demo01_ws/install/base_interfaces_demo/share/base_interfaces_demo/hook/ld_library_path_lib.dsv'
[1.511s] INFO:colcon.colcon_core.shell:Creating environment hook '/home/cwx/demo01_ws/install/base_interfaces_demo/share/base_interfaces_demo/hook/ld_library_path_lib.sh'
[1.511s] Level 1:colcon.colcon_core.environment:checking '/home/cwx/demo01_ws/install/base_interfaces_demo/bin'
[1.512s] Level 1:colcon.colcon_core.environment:checking '/home/cwx/demo01_ws/install/base_interfaces_demo/lib/pkgconfig/base_interfaces_demo.pc'
[1.512s] Level 1:colcon.colcon_core.environment:checking '/home/cwx/demo01_ws/install/base_interfaces_demo/lib/python3.10/site-packages'
[1.512s] Level 1:colcon.colcon_core.environment:checking '/home/cwx/demo01_ws/install/base_interfaces_demo/bin'
[1.513s] INFO:colcon.colcon_core.shell:Creating package script '/home/cwx/demo01_ws/install/base_interfaces_demo/share/base_interfaces_demo/package.ps1'
[1.515s] INFO:colcon.colcon_core.shell:Creating package descriptor '/home/cwx/demo01_ws/install/base_interfaces_demo/share/base_interfaces_demo/package.dsv'
[1.519s] INFO:colcon.colcon_core.shell:Creating package script '/home/cwx/demo01_ws/install/base_interfaces_demo/share/base_interfaces_demo/package.sh'
[1.520s] INFO:colcon.colcon_core.shell:Creating package script '/home/cwx/demo01_ws/install/base_interfaces_demo/share/base_interfaces_demo/package.bash'
[1.522s] INFO:colcon.colcon_core.shell:Creating package script '/home/cwx/demo01_ws/install/base_interfaces_demo/share/base_interfaces_demo/package.zsh'
[1.523s] Level 1:colcon.colcon_core.environment:create_file_with_runtime_dependencies(/home/cwx/demo01_ws/install/base_interfaces_demo/share/colcon-core/packages/base_interfaces_demo)
[1.524s] Level 1:colcon.colcon_core.environment:create_environment_scripts_only(base_interfaces_demo)
[1.525s] Level 1:colcon.colcon_core.environment:checking '/home/cwx/demo01_ws/install/base_interfaces_demo' for CMake module files
[1.526s] Level 1:colcon.colcon_core.environment:checking '/home/cwx/demo01_ws/install/base_interfaces_demo' for CMake config files
[1.527s] Level 1:colcon.colcon_core.shell:create_environment_hook('base_interfaces_demo', 'cmake_prefix_path')
[1.527s] INFO:colcon.colcon_core.shell:Creating environment hook '/home/cwx/demo01_ws/install/base_interfaces_demo/share/base_interfaces_demo/hook/cmake_prefix_path.ps1'
[1.528s] INFO:colcon.colcon_core.shell:Creating environment descriptor '/home/cwx/demo01_ws/install/base_interfaces_demo/share/base_interfaces_demo/hook/cmake_prefix_path.dsv'
[1.529s] INFO:colcon.colcon_core.shell:Creating environment hook '/home/cwx/demo01_ws/install/base_interfaces_demo/share/base_interfaces_demo/hook/cmake_prefix_path.sh'
[1.530s] Level 1:colcon.colcon_core.environment:checking '/home/cwx/demo01_ws/install/base_interfaces_demo/lib'
[1.531s] Level 1:colcon.colcon_core.shell:create_environment_hook('base_interfaces_demo', 'ld_library_path_lib')
[1.531s] INFO:colcon.colcon_core.shell:Creating environment hook '/home/cwx/demo01_ws/install/base_interfaces_demo/share/base_interfaces_demo/hook/ld_library_path_lib.ps1'
[1.532s] INFO:colcon.colcon_core.shell:Creating environment descriptor '/home/cwx/demo01_ws/install/base_interfaces_demo/share/base_interfaces_demo/hook/ld_library_path_lib.dsv'
[1.533s] INFO:colcon.colcon_core.shell:Creating environment hook '/home/cwx/demo01_ws/install/base_interfaces_demo/share/base_interfaces_demo/hook/ld_library_path_lib.sh'
[1.534s] Level 1:colcon.colcon_core.environment:checking '/home/cwx/demo01_ws/install/base_interfaces_demo/bin'
[1.534s] Level 1:colcon.colcon_core.environment:checking '/home/cwx/demo01_ws/install/base_interfaces_demo/lib/pkgconfig/base_interfaces_demo.pc'
[1.534s] Level 1:colcon.colcon_core.environment:checking '/home/cwx/demo01_ws/install/base_interfaces_demo/lib/python3.10/site-packages'
[1.535s] Level 1:colcon.colcon_core.environment:checking '/home/cwx/demo01_ws/install/base_interfaces_demo/bin'
[1.535s] INFO:colcon.colcon_core.shell:Creating package script '/home/cwx/demo01_ws/install/base_interfaces_demo/share/base_interfaces_demo/package.ps1'
[1.537s] INFO:colcon.colcon_core.shell:Creating package descriptor '/home/cwx/demo01_ws/install/base_interfaces_demo/share/base_interfaces_demo/package.dsv'
[1.538s] INFO:colcon.colcon_core.shell:Creating package script '/home/cwx/demo01_ws/install/base_interfaces_demo/share/base_interfaces_demo/package.sh'
[1.539s] INFO:colcon.colcon_core.shell:Creating package script '/home/cwx/demo01_ws/install/base_interfaces_demo/share/base_interfaces_demo/package.bash'
[1.540s] INFO:colcon.colcon_core.shell:Creating package script '/home/cwx/demo01_ws/install/base_interfaces_demo/share/base_interfaces_demo/package.zsh'
[1.541s] Level 1:colcon.colcon_core.environment:create_file_with_runtime_dependencies(/home/cwx/demo01_ws/install/base_interfaces_demo/share/colcon-core/packages/base_interfaces_demo)
[16.765s] DEBUG:colcon.colcon_core.event_handler.log_command:Invoked command in '/home/cwx/demo01_ws/build/topic_cpp' returned '0': CMAKE_PREFIX_PATH=${CMAKE_PREFIX_PATH}:/opt/ros/humble /usr/bin/cmake --build /home/cwx/demo01_ws/build/topic_cpp -- -j8 -l8
[16.769s] DEBUG:colcon.colcon_core.event_handler.log_command:Invoking command in '/home/cwx/demo01_ws/build/topic_cpp': CMAKE_PREFIX_PATH=${CMAKE_PREFIX_PATH}:/opt/ros/humble /usr/bin/cmake --install /home/cwx/demo01_ws/build/topic_cpp
[16.800s] Level 1:colcon.colcon_core.environment:create_environment_scripts_only(topic_cpp)
[16.801s] Level 1:colcon.colcon_core.environment:checking '/home/cwx/demo01_ws/install/topic_cpp' for CMake module files
[16.802s] DEBUG:colcon.colcon_core.event_handler.log_command:Invoked command in '/home/cwx/demo01_ws/build/topic_cpp' returned '0': CMAKE_PREFIX_PATH=${CMAKE_PREFIX_PATH}:/opt/ros/humble /usr/bin/cmake --install /home/cwx/demo01_ws/build/topic_cpp
[16.802s] Level 1:colcon.colcon_core.environment:checking '/home/cwx/demo01_ws/install/topic_cpp' for CMake config files
[16.803s] Level 1:colcon.colcon_core.shell:create_environment_hook('topic_cpp', 'cmake_prefix_path')
[16.803s] INFO:colcon.colcon_core.shell:Creating environment hook '/home/cwx/demo01_ws/install/topic_cpp/share/topic_cpp/hook/cmake_prefix_path.ps1'
[16.804s] INFO:colcon.colcon_core.shell:Creating environment descriptor '/home/cwx/demo01_ws/install/topic_cpp/share/topic_cpp/hook/cmake_prefix_path.dsv'
[16.805s] INFO:colcon.colcon_core.shell:Creating environment hook '/home/cwx/demo01_ws/install/topic_cpp/share/topic_cpp/hook/cmake_prefix_path.sh'
[16.806s] Level 1:colcon.colcon_core.environment:checking '/home/cwx/demo01_ws/install/topic_cpp/lib'
[16.806s] Level 1:colcon.colcon_core.environment:checking '/home/cwx/demo01_ws/install/topic_cpp/bin'
[16.806s] Level 1:colcon.colcon_core.environment:checking '/home/cwx/demo01_ws/install/topic_cpp/lib/pkgconfig/topic_cpp.pc'
[16.807s] Level 1:colcon.colcon_core.environment:checking '/home/cwx/demo01_ws/install/topic_cpp/lib/python3.10/site-packages'
[16.807s] Level 1:colcon.colcon_core.environment:checking '/home/cwx/demo01_ws/install/topic_cpp/bin'
[16.808s] INFO:colcon.colcon_core.shell:Creating package script '/home/cwx/demo01_ws/install/topic_cpp/share/topic_cpp/package.ps1'
[16.809s] INFO:colcon.colcon_core.shell:Creating package descriptor '/home/cwx/demo01_ws/install/topic_cpp/share/topic_cpp/package.dsv'
[16.810s] INFO:colcon.colcon_core.shell:Creating package script '/home/cwx/demo01_ws/install/topic_cpp/share/topic_cpp/package.sh'
[16.810s] INFO:colcon.colcon_core.shell:Creating package script '/home/cwx/demo01_ws/install/topic_cpp/share/topic_cpp/package.bash'
[16.811s] INFO:colcon.colcon_core.shell:Creating package script '/home/cwx/demo01_ws/install/topic_cpp/share/topic_cpp/package.zsh'
[16.812s] Level 1:colcon.colcon_core.environment:create_file_with_runtime_dependencies(/home/cwx/demo01_ws/install/topic_cpp/share/colcon-core/packages/topic_cpp)
[16.813s] Level 1:colcon.colcon_core.environment:create_environment_scripts_only(topic_cpp)
[16.814s] Level 1:colcon.colcon_core.environment:checking '/home/cwx/demo01_ws/install/topic_cpp' for CMake module files
[16.815s] Level 1:colcon.colcon_core.environment:checking '/home/cwx/demo01_ws/install/topic_cpp' for CMake config files
[16.815s] Level 1:colcon.colcon_core.shell:create_environment_hook('topic_cpp', 'cmake_prefix_path')
[16.816s] INFO:colcon.colcon_core.shell:Creating environment hook '/home/cwx/demo01_ws/install/topic_cpp/share/topic_cpp/hook/cmake_prefix_path.ps1'
[16.817s] INFO:colcon.colcon_core.shell:Creating environment descriptor '/home/cwx/demo01_ws/install/topic_cpp/share/topic_cpp/hook/cmake_prefix_path.dsv'
[16.818s] INFO:colcon.colcon_core.shell:Creating environment hook '/home/cwx/demo01_ws/install/topic_cpp/share/topic_cpp/hook/cmake_prefix_path.sh'
[16.819s] Level 1:colcon.colcon_core.environment:checking '/home/cwx/demo01_ws/install/topic_cpp/lib'
[16.819s] Level 1:colcon.colcon_core.environment:checking '/home/cwx/demo01_ws/install/topic_cpp/bin'
[16.819s] Level 1:colcon.colcon_core.environment:checking '/home/cwx/demo01_ws/install/topic_cpp/lib/pkgconfig/topic_cpp.pc'
[16.820s] Level 1:colcon.colcon_core.environment:checking '/home/cwx/demo01_ws/install/topic_cpp/lib/python3.10/site-packages'
[16.820s] Level 1:colcon.colcon_core.environment:checking '/home/cwx/demo01_ws/install/topic_cpp/bin'
[16.820s] INFO:colcon.colcon_core.shell:Creating package script '/home/cwx/demo01_ws/install/topic_cpp/share/topic_cpp/package.ps1'
[16.822s] INFO:colcon.colcon_core.shell:Creating package descriptor '/home/cwx/demo01_ws/install/topic_cpp/share/topic_cpp/package.dsv'
[16.823s] INFO:colcon.colcon_core.shell:Creating package script '/home/cwx/demo01_ws/install/topic_cpp/share/topic_cpp/package.sh'
[16.823s] INFO:colcon.colcon_core.shell:Creating package script '/home/cwx/demo01_ws/install/topic_cpp/share/topic_cpp/package.bash'
[16.824s] INFO:colcon.colcon_core.shell:Creating package script '/home/cwx/demo01_ws/install/topic_cpp/share/topic_cpp/package.zsh'
[16.825s] Level 1:colcon.colcon_core.environment:create_file_with_runtime_dependencies(/home/cwx/demo01_ws/install/topic_cpp/share/colcon-core/packages/topic_cpp)
[16.826s] DEBUG:colcon.colcon_parallel_executor.executor.parallel:closing loop
[16.827s] DEBUG:colcon.colcon_parallel_executor.executor.parallel:loop closed
[16.828s] DEBUG:colcon.colcon_parallel_executor.executor.parallel:run_until_complete finished with '0'
[16.828s] DEBUG:colcon.colcon_core.event_reactor:joining thread
[16.837s] INFO:colcon.colcon_core.plugin_system:Skipping extension 'colcon_notification.desktop_notification.terminal_notifier': Not used on non-Darwin systems
[16.838s] INFO:colcon.colcon_core.plugin_system:Skipping extension 'colcon_notification.desktop_notification.win32': Not used on non-Windows systems
[16.838s] INFO:colcon.colcon_notification.desktop_notification:Sending desktop notification using 'notify2'
[16.861s] DEBUG:colcon.colcon_core.event_reactor:joined thread
[16.862s] INFO:colcon.colcon_core.shell:Creating prefix script '/home/cwx/demo01_ws/install/local_setup.ps1'
[16.864s] INFO:colcon.colcon_core.shell:Creating prefix util module '/home/cwx/demo01_ws/install/_local_setup_util_ps1.py'
[16.867s] INFO:colcon.colcon_core.shell:Creating prefix chain script '/home/cwx/demo01_ws/install/setup.ps1'
[16.869s] INFO:colcon.colcon_core.shell:Creating prefix script '/home/cwx/demo01_ws/install/local_setup.sh'
[16.870s] INFO:colcon.colcon_core.shell:Creating prefix util module '/home/cwx/demo01_ws/install/_local_setup_util_sh.py'
[16.871s] INFO:colcon.colcon_core.shell:Creating prefix chain script '/home/cwx/demo01_ws/install/setup.sh'
[16.873s] INFO:colcon.colcon_core.shell:Creating prefix script '/home/cwx/demo01_ws/install/local_setup.bash'
[16.874s] INFO:colcon.colcon_core.shell:Creating prefix chain script '/home/cwx/demo01_ws/install/setup.bash'
[16.876s] INFO:colcon.colcon_core.shell:Creating prefix script '/home/cwx/demo01_ws/install/local_setup.zsh'
[16.877s] INFO:colcon.colcon_core.shell:Creating prefix chain script '/home/cwx/demo01_ws/install/setup.zsh'
