[0.028s] Invoking command in '/home/cwx/demo01_ws/build/topic_cpp': CMAKE_PREFIX_PATH=/opt/ros/humble /usr/bin/cmake --build /home/cwx/demo01_ws/build/topic_cpp -- -j8 -l8
[0.144s] [35m[1mConsolidate compiler generated dependencies of target turtle_client[0m
[0.147s] [35m[1mConsolidate compiler generated dependencies of target turtle_server[0m
[0.187s] [ 20%] Built target topic_publisher
[0.198s] [ 40%] Built target topic_subscriber
[0.220s] [ 60%] Built target turtle_server
[0.226s] [ 80%] Built target turtle_chase
[0.255s] [100%] Built target turtle_client
[0.277s] Invoked command in '/home/cwx/demo01_ws/build/topic_cpp' returned '0': CMAKE_PREFIX_PATH=/opt/ros/humble /usr/bin/cmake --build /home/cwx/demo01_ws/build/topic_cpp -- -j8 -l8
[0.298s] Invoking command in '/home/cwx/demo01_ws/build/topic_cpp': CMAKE_PREFIX_PATH=/opt/ros/humble /usr/bin/cmake --install /home/cwx/demo01_ws/build/topic_cpp
[0.315s] -- Install configuration: ""
[0.316s] -- Up-to-date: /home/cwx/demo01_ws/install/topic_cpp/lib/topic_cpp/topic_publisher
[0.316s] -- Up-to-date: /home/cwx/demo01_ws/install/topic_cpp/lib/topic_cpp/topic_subscriber
[0.317s] -- Up-to-date: /home/cwx/demo01_ws/install/topic_cpp/lib/topic_cpp/turtle_server
[0.317s] -- Up-to-date: /home/cwx/demo01_ws/install/topic_cpp/lib/topic_cpp/turtle_client
[0.319s] -- Up-to-date: /home/cwx/demo01_ws/install/topic_cpp/lib/topic_cpp/turtle_chase
[0.319s] -- Up-to-date: /home/cwx/demo01_ws/install/topic_cpp/share/ament_index/resource_index/package_run_dependencies/topic_cpp
[0.320s] -- Up-to-date: /home/cwx/demo01_ws/install/topic_cpp/share/ament_index/resource_index/parent_prefix_path/topic_cpp
[0.320s] -- Up-to-date: /home/cwx/demo01_ws/install/topic_cpp/share/topic_cpp/environment/ament_prefix_path.sh
[0.320s] -- Up-to-date: /home/cwx/demo01_ws/install/topic_cpp/share/topic_cpp/environment/ament_prefix_path.dsv
[0.320s] -- Up-to-date: /home/cwx/demo01_ws/install/topic_cpp/share/topic_cpp/environment/path.sh
[0.320s] -- Up-to-date: /home/cwx/demo01_ws/install/topic_cpp/share/topic_cpp/environment/path.dsv
[0.320s] -- Up-to-date: /home/cwx/demo01_ws/install/topic_cpp/share/topic_cpp/local_setup.bash
[0.320s] -- Up-to-date: /home/cwx/demo01_ws/install/topic_cpp/share/topic_cpp/local_setup.sh
[0.320s] -- Up-to-date: /home/cwx/demo01_ws/install/topic_cpp/share/topic_cpp/local_setup.zsh
[0.320s] -- Up-to-date: /home/cwx/demo01_ws/install/topic_cpp/share/topic_cpp/local_setup.dsv
[0.320s] -- Installing: /home/cwx/demo01_ws/install/topic_cpp/share/topic_cpp/package.dsv
[0.321s] -- Up-to-date: /home/cwx/demo01_ws/install/topic_cpp/share/ament_index/resource_index/packages/topic_cpp
[0.321s] -- Up-to-date: /home/cwx/demo01_ws/install/topic_cpp/share/topic_cpp/cmake/topic_cppConfig.cmake
[0.321s] -- Up-to-date: /home/cwx/demo01_ws/install/topic_cpp/share/topic_cpp/cmake/topic_cppConfig-version.cmake
[0.321s] -- Up-to-date: /home/cwx/demo01_ws/install/topic_cpp/share/topic_cpp/package.xml
[0.324s] Invoked command in '/home/cwx/demo01_ws/build/topic_cpp' returned '0': CMAKE_PREFIX_PATH=/opt/ros/humble /usr/bin/cmake --install /home/cwx/demo01_ws/build/topic_cpp
