[0.030s] Invoking command in '/home/cwx/demo01_ws/build/base_interfaces_demo': CMAKE_PREFIX_PATH=/opt/ros/humble /usr/bin/cmake --build /home/cwx/demo01_ws/build/base_interfaces_demo -- -j8 -l8
[0.154s] [  3%] Built target base_interfaces_demo__cpp
[0.175s] [ 12%] Built target base_interfaces_demo__rosidl_generator_c
[0.198s] [ 12%] Built target ament_cmake_python_copy_base_interfaces_demo
[0.231s] [ 22%] Built target base_interfaces_demo__rosidl_typesupport_introspection_cpp
[0.232s] [ 32%] Built target base_interfaces_demo__rosidl_typesupport_cpp
[0.239s] [ 41%] Built target base_interfaces_demo__rosidl_typesupport_introspection_c
[0.241s] [ 51%] Built target base_interfaces_demo__rosidl_typesupport_fastrtps_cpp
[0.244s] [ 61%] Built target base_interfaces_demo__rosidl_typesupport_fastrtps_c
[0.255s] [ 70%] Built target base_interfaces_demo__rosidl_typesupport_c
[0.310s] [ 70%] Built target base_interfaces_demo
[0.365s] [ 74%] Built target base_interfaces_demo__py
[0.422s] [ 80%] Built target base_interfaces_demo__rosidl_generator_py
[0.477s] [ 87%] Built target base_interfaces_demo__rosidl_typesupport_fastrtps_c__pyext
[0.478s] [ 93%] Built target base_interfaces_demo__rosidl_typesupport_introspection_c__pyext
[0.480s] [100%] Built target base_interfaces_demo__rosidl_typesupport_c__pyext
[0.649s] running egg_info
[0.650s] writing base_interfaces_demo.egg-info/PKG-INFO
[0.651s] writing dependency_links to base_interfaces_demo.egg-info/dependency_links.txt
[0.652s] writing top-level names to base_interfaces_demo.egg-info/top_level.txt
[0.655s] reading manifest file 'base_interfaces_demo.egg-info/SOURCES.txt'
[0.656s] writing manifest file 'base_interfaces_demo.egg-info/SOURCES.txt'
[0.710s] [100%] Built target ament_cmake_python_build_base_interfaces_demo_egg
[0.736s] Invoked command in '/home/cwx/demo01_ws/build/base_interfaces_demo' returned '0': CMAKE_PREFIX_PATH=/opt/ros/humble /usr/bin/cmake --build /home/cwx/demo01_ws/build/base_interfaces_demo -- -j8 -l8
[0.757s] Invoking command in '/home/cwx/demo01_ws/build/base_interfaces_demo': CMAKE_PREFIX_PATH=/opt/ros/humble /usr/bin/cmake --install /home/cwx/demo01_ws/build/base_interfaces_demo
[0.777s] -- Install configuration: ""
[0.777s] -- Up-to-date: /home/cwx/demo01_ws/install/base_interfaces_demo/share/ament_index/resource_index/rosidl_interfaces/base_interfaces_demo
[0.777s] -- Up-to-date: /home/cwx/demo01_ws/install/base_interfaces_demo/include/base_interfaces_demo/base_interfaces_demo
[0.777s] -- Up-to-date: /home/cwx/demo01_ws/install/base_interfaces_demo/include/base_interfaces_demo/base_interfaces_demo/srv
[0.777s] -- Up-to-date: /home/cwx/demo01_ws/install/base_interfaces_demo/include/base_interfaces_demo/base_interfaces_demo/srv/position.h
[0.777s] -- Up-to-date: /home/cwx/demo01_ws/install/base_interfaces_demo/include/base_interfaces_demo/base_interfaces_demo/srv/detail
[0.777s] -- Up-to-date: /home/cwx/demo01_ws/install/base_interfaces_demo/include/base_interfaces_demo/base_interfaces_demo/srv/detail/position__functions.c
[0.778s] -- Up-to-date: /home/cwx/demo01_ws/install/base_interfaces_demo/include/base_interfaces_demo/base_interfaces_demo/srv/detail/position__functions.h
[0.778s] -- Up-to-date: /home/cwx/demo01_ws/install/base_interfaces_demo/include/base_interfaces_demo/base_interfaces_demo/srv/detail/position__type_support.h
[0.779s] -- Up-to-date: /home/cwx/demo01_ws/install/base_interfaces_demo/include/base_interfaces_demo/base_interfaces_demo/srv/detail/position__struct.h
[0.779s] -- Up-to-date: /home/cwx/demo01_ws/install/base_interfaces_demo/include/base_interfaces_demo/base_interfaces_demo/msg
[0.779s] -- Up-to-date: /home/cwx/demo01_ws/install/base_interfaces_demo/include/base_interfaces_demo/base_interfaces_demo/msg/rosidl_generator_c__visibility_control.h
[0.779s] -- Up-to-date: /home/cwx/demo01_ws/install/base_interfaces_demo/share/base_interfaces_demo/environment/library_path.sh
[0.780s] -- Up-to-date: /home/cwx/demo01_ws/install/base_interfaces_demo/share/base_interfaces_demo/environment/library_path.dsv
[0.780s] -- Up-to-date: /home/cwx/demo01_ws/install/base_interfaces_demo/lib/libbase_interfaces_demo__rosidl_generator_c.so
[0.780s] -- Up-to-date: /home/cwx/demo01_ws/install/base_interfaces_demo/include/base_interfaces_demo/base_interfaces_demo
[0.780s] -- Up-to-date: /home/cwx/demo01_ws/install/base_interfaces_demo/include/base_interfaces_demo/base_interfaces_demo/srv
[0.780s] -- Up-to-date: /home/cwx/demo01_ws/install/base_interfaces_demo/include/base_interfaces_demo/base_interfaces_demo/srv/detail
[0.781s] -- Up-to-date: /home/cwx/demo01_ws/install/base_interfaces_demo/include/base_interfaces_demo/base_interfaces_demo/srv/detail/position__rosidl_typesupport_fastrtps_c.h
[0.781s] -- Up-to-date: /home/cwx/demo01_ws/install/base_interfaces_demo/include/base_interfaces_demo/base_interfaces_demo/msg
[0.781s] -- Up-to-date: /home/cwx/demo01_ws/install/base_interfaces_demo/include/base_interfaces_demo/base_interfaces_demo/msg/rosidl_typesupport_fastrtps_c__visibility_control.h
[0.781s] -- Up-to-date: /home/cwx/demo01_ws/install/base_interfaces_demo/lib/libbase_interfaces_demo__rosidl_typesupport_fastrtps_c.so
[0.782s] -- Up-to-date: /home/cwx/demo01_ws/install/base_interfaces_demo/include/base_interfaces_demo/base_interfaces_demo
[0.782s] -- Up-to-date: /home/cwx/demo01_ws/install/base_interfaces_demo/include/base_interfaces_demo/base_interfaces_demo/srv
[0.782s] -- Up-to-date: /home/cwx/demo01_ws/install/base_interfaces_demo/include/base_interfaces_demo/base_interfaces_demo/srv/detail
[0.782s] -- Up-to-date: /home/cwx/demo01_ws/install/base_interfaces_demo/include/base_interfaces_demo/base_interfaces_demo/srv/detail/position__struct.hpp
[0.782s] -- Up-to-date: /home/cwx/demo01_ws/install/base_interfaces_demo/include/base_interfaces_demo/base_interfaces_demo/srv/detail/position__type_support.hpp
[0.782s] -- Up-to-date: /home/cwx/demo01_ws/install/base_interfaces_demo/include/base_interfaces_demo/base_interfaces_demo/srv/detail/position__traits.hpp
[0.783s] -- Up-to-date: /home/cwx/demo01_ws/install/base_interfaces_demo/include/base_interfaces_demo/base_interfaces_demo/srv/detail/position__builder.hpp
[0.783s] -- Up-to-date: /home/cwx/demo01_ws/install/base_interfaces_demo/include/base_interfaces_demo/base_interfaces_demo/srv/position.hpp
[0.783s] -- Up-to-date: /home/cwx/demo01_ws/install/base_interfaces_demo/include/base_interfaces_demo/base_interfaces_demo/msg
[0.784s] -- Up-to-date: /home/cwx/demo01_ws/install/base_interfaces_demo/include/base_interfaces_demo/base_interfaces_demo/msg/rosidl_generator_cpp__visibility_control.hpp
[0.784s] -- Up-to-date: /home/cwx/demo01_ws/install/base_interfaces_demo/include/base_interfaces_demo/base_interfaces_demo
[0.784s] -- Up-to-date: /home/cwx/demo01_ws/install/base_interfaces_demo/include/base_interfaces_demo/base_interfaces_demo/srv
[0.784s] -- Up-to-date: /home/cwx/demo01_ws/install/base_interfaces_demo/include/base_interfaces_demo/base_interfaces_demo/srv/detail
[0.784s] -- Up-to-date: /home/cwx/demo01_ws/install/base_interfaces_demo/include/base_interfaces_demo/base_interfaces_demo/srv/detail/position__rosidl_typesupport_fastrtps_cpp.hpp
[0.784s] -- Up-to-date: /home/cwx/demo01_ws/install/base_interfaces_demo/include/base_interfaces_demo/base_interfaces_demo/srv/detail/dds_fastrtps
[0.784s] -- Up-to-date: /home/cwx/demo01_ws/install/base_interfaces_demo/include/base_interfaces_demo/base_interfaces_demo/msg
[0.784s] -- Up-to-date: /home/cwx/demo01_ws/install/base_interfaces_demo/include/base_interfaces_demo/base_interfaces_demo/msg/rosidl_typesupport_fastrtps_cpp__visibility_control.h
[0.785s] -- Up-to-date: /home/cwx/demo01_ws/install/base_interfaces_demo/lib/libbase_interfaces_demo__rosidl_typesupport_fastrtps_cpp.so
[0.785s] -- Up-to-date: /home/cwx/demo01_ws/install/base_interfaces_demo/include/base_interfaces_demo/base_interfaces_demo
[0.785s] -- Up-to-date: /home/cwx/demo01_ws/install/base_interfaces_demo/include/base_interfaces_demo/base_interfaces_demo/srv
[0.786s] -- Up-to-date: /home/cwx/demo01_ws/install/base_interfaces_demo/include/base_interfaces_demo/base_interfaces_demo/srv/detail
[0.786s] -- Up-to-date: /home/cwx/demo01_ws/install/base_interfaces_demo/include/base_interfaces_demo/base_interfaces_demo/srv/detail/position__rosidl_typesupport_introspection_c.h
[0.786s] -- Up-to-date: /home/cwx/demo01_ws/install/base_interfaces_demo/include/base_interfaces_demo/base_interfaces_demo/srv/detail/position__type_support.c
[0.786s] -- Up-to-date: /home/cwx/demo01_ws/install/base_interfaces_demo/include/base_interfaces_demo/base_interfaces_demo/msg
[0.786s] -- Up-to-date: /home/cwx/demo01_ws/install/base_interfaces_demo/include/base_interfaces_demo/base_interfaces_demo/msg/rosidl_typesupport_introspection_c__visibility_control.h
[0.786s] -- Up-to-date: /home/cwx/demo01_ws/install/base_interfaces_demo/lib/libbase_interfaces_demo__rosidl_typesupport_introspection_c.so
[0.787s] -- Up-to-date: /home/cwx/demo01_ws/install/base_interfaces_demo/lib/libbase_interfaces_demo__rosidl_typesupport_c.so
[0.787s] -- Up-to-date: /home/cwx/demo01_ws/install/base_interfaces_demo/include/base_interfaces_demo/base_interfaces_demo
[0.787s] -- Up-to-date: /home/cwx/demo01_ws/install/base_interfaces_demo/include/base_interfaces_demo/base_interfaces_demo/srv
[0.787s] -- Up-to-date: /home/cwx/demo01_ws/install/base_interfaces_demo/include/base_interfaces_demo/base_interfaces_demo/srv/detail
[0.787s] -- Up-to-date: /home/cwx/demo01_ws/install/base_interfaces_demo/include/base_interfaces_demo/base_interfaces_demo/srv/detail/position__type_support.cpp
[0.787s] -- Up-to-date: /home/cwx/demo01_ws/install/base_interfaces_demo/include/base_interfaces_demo/base_interfaces_demo/srv/detail/position__rosidl_typesupport_introspection_cpp.hpp
[0.787s] -- Up-to-date: /home/cwx/demo01_ws/install/base_interfaces_demo/lib/libbase_interfaces_demo__rosidl_typesupport_introspection_cpp.so
[0.787s] -- Up-to-date: /home/cwx/demo01_ws/install/base_interfaces_demo/lib/libbase_interfaces_demo__rosidl_typesupport_cpp.so
[0.787s] -- Up-to-date: /home/cwx/demo01_ws/install/base_interfaces_demo/share/base_interfaces_demo/environment/pythonpath.sh
[0.787s] -- Up-to-date: /home/cwx/demo01_ws/install/base_interfaces_demo/share/base_interfaces_demo/environment/pythonpath.dsv
[0.788s] -- Up-to-date: /home/cwx/demo01_ws/install/base_interfaces_demo/local/lib/python3.10/dist-packages/base_interfaces_demo-0.0.0-py3.10.egg-info
[0.788s] -- Installing: /home/cwx/demo01_ws/install/base_interfaces_demo/local/lib/python3.10/dist-packages/base_interfaces_demo-0.0.0-py3.10.egg-info/SOURCES.txt
[0.788s] -- Installing: /home/cwx/demo01_ws/install/base_interfaces_demo/local/lib/python3.10/dist-packages/base_interfaces_demo-0.0.0-py3.10.egg-info/top_level.txt
[0.788s] -- Installing: /home/cwx/demo01_ws/install/base_interfaces_demo/local/lib/python3.10/dist-packages/base_interfaces_demo-0.0.0-py3.10.egg-info/PKG-INFO
[0.788s] -- Installing: /home/cwx/demo01_ws/install/base_interfaces_demo/local/lib/python3.10/dist-packages/base_interfaces_demo-0.0.0-py3.10.egg-info/dependency_links.txt
[0.788s] -- Up-to-date: /home/cwx/demo01_ws/install/base_interfaces_demo/local/lib/python3.10/dist-packages/base_interfaces_demo
[0.788s] -- Up-to-date: /home/cwx/demo01_ws/install/base_interfaces_demo/local/lib/python3.10/dist-packages/base_interfaces_demo/_base_interfaces_demo_s.ep.rosidl_typesupport_fastrtps_c.c
[0.788s] -- Up-to-date: /home/cwx/demo01_ws/install/base_interfaces_demo/local/lib/python3.10/dist-packages/base_interfaces_demo/srv
[0.788s] -- Up-to-date: /home/cwx/demo01_ws/install/base_interfaces_demo/local/lib/python3.10/dist-packages/base_interfaces_demo/srv/_position.py
[0.788s] -- Up-to-date: /home/cwx/demo01_ws/install/base_interfaces_demo/local/lib/python3.10/dist-packages/base_interfaces_demo/srv/_position_s.c
[0.788s] -- Up-to-date: /home/cwx/demo01_ws/install/base_interfaces_demo/local/lib/python3.10/dist-packages/base_interfaces_demo/srv/__init__.py
[0.788s] -- Up-to-date: /home/cwx/demo01_ws/install/base_interfaces_demo/local/lib/python3.10/dist-packages/base_interfaces_demo/libbase_interfaces_demo__rosidl_generator_py.so
[0.789s] -- Up-to-date: /home/cwx/demo01_ws/install/base_interfaces_demo/local/lib/python3.10/dist-packages/base_interfaces_demo/base_interfaces_demo_s__rosidl_typesupport_introspection_c.cpython-310-x86_64-linux-gnu.so
[0.789s] -- Up-to-date: /home/cwx/demo01_ws/install/base_interfaces_demo/local/lib/python3.10/dist-packages/base_interfaces_demo/_base_interfaces_demo_s.ep.rosidl_typesupport_introspection_c.c
[0.789s] -- Up-to-date: /home/cwx/demo01_ws/install/base_interfaces_demo/local/lib/python3.10/dist-packages/base_interfaces_demo/base_interfaces_demo_s__rosidl_typesupport_fastrtps_c.cpython-310-x86_64-linux-gnu.so
[0.789s] -- Up-to-date: /home/cwx/demo01_ws/install/base_interfaces_demo/local/lib/python3.10/dist-packages/base_interfaces_demo/__init__.py
[0.789s] -- Up-to-date: /home/cwx/demo01_ws/install/base_interfaces_demo/local/lib/python3.10/dist-packages/base_interfaces_demo/_base_interfaces_demo_s.ep.rosidl_typesupport_c.c
[0.789s] -- Up-to-date: /home/cwx/demo01_ws/install/base_interfaces_demo/local/lib/python3.10/dist-packages/base_interfaces_demo/base_interfaces_demo_s__rosidl_typesupport_c.cpython-310-x86_64-linux-gnu.so
[0.845s] Listing '/home/cwx/demo01_ws/install/base_interfaces_demo/local/lib/python3.10/dist-packages/base_interfaces_demo'...
[0.845s] Listing '/home/cwx/demo01_ws/install/base_interfaces_demo/local/lib/python3.10/dist-packages/base_interfaces_demo/srv'...
[0.853s] -- Up-to-date: /home/cwx/demo01_ws/install/base_interfaces_demo/local/lib/python3.10/dist-packages/base_interfaces_demo/base_interfaces_demo_s__rosidl_typesupport_fastrtps_c.cpython-310-x86_64-linux-gnu.so
[0.853s] -- Up-to-date: /home/cwx/demo01_ws/install/base_interfaces_demo/local/lib/python3.10/dist-packages/base_interfaces_demo/base_interfaces_demo_s__rosidl_typesupport_introspection_c.cpython-310-x86_64-linux-gnu.so
[0.854s] -- Up-to-date: /home/cwx/demo01_ws/install/base_interfaces_demo/local/lib/python3.10/dist-packages/base_interfaces_demo/base_interfaces_demo_s__rosidl_typesupport_c.cpython-310-x86_64-linux-gnu.so
[0.855s] -- Up-to-date: /home/cwx/demo01_ws/install/base_interfaces_demo/lib/libbase_interfaces_demo__rosidl_generator_py.so
[0.855s] -- Up-to-date: /home/cwx/demo01_ws/install/base_interfaces_demo/share/base_interfaces_demo/srv/Position.idl
[0.855s] -- Up-to-date: /home/cwx/demo01_ws/install/base_interfaces_demo/share/base_interfaces_demo/srv/Position.srv
[0.855s] -- Up-to-date: /home/cwx/demo01_ws/install/base_interfaces_demo/share/base_interfaces_demo/srv/Position_Request.msg
[0.856s] -- Up-to-date: /home/cwx/demo01_ws/install/base_interfaces_demo/share/base_interfaces_demo/srv/Position_Response.msg
[0.856s] -- Up-to-date: /home/cwx/demo01_ws/install/base_interfaces_demo/share/ament_index/resource_index/package_run_dependencies/base_interfaces_demo
[0.856s] -- Up-to-date: /home/cwx/demo01_ws/install/base_interfaces_demo/share/ament_index/resource_index/parent_prefix_path/base_interfaces_demo
[0.856s] -- Up-to-date: /home/cwx/demo01_ws/install/base_interfaces_demo/share/base_interfaces_demo/environment/ament_prefix_path.sh
[0.856s] -- Up-to-date: /home/cwx/demo01_ws/install/base_interfaces_demo/share/base_interfaces_demo/environment/ament_prefix_path.dsv
[0.857s] -- Up-to-date: /home/cwx/demo01_ws/install/base_interfaces_demo/share/base_interfaces_demo/environment/path.sh
[0.857s] -- Up-to-date: /home/cwx/demo01_ws/install/base_interfaces_demo/share/base_interfaces_demo/environment/path.dsv
[0.857s] -- Up-to-date: /home/cwx/demo01_ws/install/base_interfaces_demo/share/base_interfaces_demo/local_setup.bash
[0.857s] -- Up-to-date: /home/cwx/demo01_ws/install/base_interfaces_demo/share/base_interfaces_demo/local_setup.sh
[0.857s] -- Up-to-date: /home/cwx/demo01_ws/install/base_interfaces_demo/share/base_interfaces_demo/local_setup.zsh
[0.857s] -- Up-to-date: /home/cwx/demo01_ws/install/base_interfaces_demo/share/base_interfaces_demo/local_setup.dsv
[0.857s] -- Installing: /home/cwx/demo01_ws/install/base_interfaces_demo/share/base_interfaces_demo/package.dsv
[0.857s] -- Up-to-date: /home/cwx/demo01_ws/install/base_interfaces_demo/share/ament_index/resource_index/packages/base_interfaces_demo
[0.858s] -- Up-to-date: /home/cwx/demo01_ws/install/base_interfaces_demo/share/base_interfaces_demo/cmake/export_base_interfaces_demo__rosidl_generator_cExport.cmake
[0.858s] -- Up-to-date: /home/cwx/demo01_ws/install/base_interfaces_demo/share/base_interfaces_demo/cmake/export_base_interfaces_demo__rosidl_generator_cExport-noconfig.cmake
[0.858s] -- Up-to-date: /home/cwx/demo01_ws/install/base_interfaces_demo/share/base_interfaces_demo/cmake/export_base_interfaces_demo__rosidl_typesupport_fastrtps_cExport.cmake
[0.858s] -- Up-to-date: /home/cwx/demo01_ws/install/base_interfaces_demo/share/base_interfaces_demo/cmake/export_base_interfaces_demo__rosidl_typesupport_fastrtps_cExport-noconfig.cmake
[0.859s] -- Up-to-date: /home/cwx/demo01_ws/install/base_interfaces_demo/share/base_interfaces_demo/cmake/export_base_interfaces_demo__rosidl_generator_cppExport.cmake
[0.859s] -- Up-to-date: /home/cwx/demo01_ws/install/base_interfaces_demo/share/base_interfaces_demo/cmake/export_base_interfaces_demo__rosidl_typesupport_fastrtps_cppExport.cmake
[0.859s] -- Up-to-date: /home/cwx/demo01_ws/install/base_interfaces_demo/share/base_interfaces_demo/cmake/export_base_interfaces_demo__rosidl_typesupport_fastrtps_cppExport-noconfig.cmake
[0.859s] -- Up-to-date: /home/cwx/demo01_ws/install/base_interfaces_demo/share/base_interfaces_demo/cmake/base_interfaces_demo__rosidl_typesupport_introspection_cExport.cmake
[0.859s] -- Up-to-date: /home/cwx/demo01_ws/install/base_interfaces_demo/share/base_interfaces_demo/cmake/base_interfaces_demo__rosidl_typesupport_introspection_cExport-noconfig.cmake
[0.859s] -- Up-to-date: /home/cwx/demo01_ws/install/base_interfaces_demo/share/base_interfaces_demo/cmake/base_interfaces_demo__rosidl_typesupport_cExport.cmake
[0.859s] -- Up-to-date: /home/cwx/demo01_ws/install/base_interfaces_demo/share/base_interfaces_demo/cmake/base_interfaces_demo__rosidl_typesupport_cExport-noconfig.cmake
[0.860s] -- Up-to-date: /home/cwx/demo01_ws/install/base_interfaces_demo/share/base_interfaces_demo/cmake/base_interfaces_demo__rosidl_typesupport_introspection_cppExport.cmake
[0.860s] -- Up-to-date: /home/cwx/demo01_ws/install/base_interfaces_demo/share/base_interfaces_demo/cmake/base_interfaces_demo__rosidl_typesupport_introspection_cppExport-noconfig.cmake
[0.860s] -- Up-to-date: /home/cwx/demo01_ws/install/base_interfaces_demo/share/base_interfaces_demo/cmake/base_interfaces_demo__rosidl_typesupport_cppExport.cmake
[0.860s] -- Up-to-date: /home/cwx/demo01_ws/install/base_interfaces_demo/share/base_interfaces_demo/cmake/base_interfaces_demo__rosidl_typesupport_cppExport-noconfig.cmake
[0.860s] -- Up-to-date: /home/cwx/demo01_ws/install/base_interfaces_demo/share/base_interfaces_demo/cmake/export_base_interfaces_demo__rosidl_generator_pyExport.cmake
[0.860s] -- Up-to-date: /home/cwx/demo01_ws/install/base_interfaces_demo/share/base_interfaces_demo/cmake/export_base_interfaces_demo__rosidl_generator_pyExport-noconfig.cmake
[0.860s] -- Up-to-date: /home/cwx/demo01_ws/install/base_interfaces_demo/share/base_interfaces_demo/cmake/rosidl_cmake-extras.cmake
[0.861s] -- Up-to-date: /home/cwx/demo01_ws/install/base_interfaces_demo/share/base_interfaces_demo/cmake/ament_cmake_export_include_directories-extras.cmake
[0.861s] -- Up-to-date: /home/cwx/demo01_ws/install/base_interfaces_demo/share/base_interfaces_demo/cmake/ament_cmake_export_libraries-extras.cmake
[0.861s] -- Up-to-date: /home/cwx/demo01_ws/install/base_interfaces_demo/share/base_interfaces_demo/cmake/ament_cmake_export_targets-extras.cmake
[0.861s] -- Up-to-date: /home/cwx/demo01_ws/install/base_interfaces_demo/share/base_interfaces_demo/cmake/rosidl_cmake_export_typesupport_targets-extras.cmake
[0.861s] -- Up-to-date: /home/cwx/demo01_ws/install/base_interfaces_demo/share/base_interfaces_demo/cmake/ament_cmake_export_dependencies-extras.cmake
[0.861s] -- Up-to-date: /home/cwx/demo01_ws/install/base_interfaces_demo/share/base_interfaces_demo/cmake/rosidl_cmake_export_typesupport_libraries-extras.cmake
[0.861s] -- Up-to-date: /home/cwx/demo01_ws/install/base_interfaces_demo/share/base_interfaces_demo/cmake/base_interfaces_demoConfig.cmake
[0.861s] -- Up-to-date: /home/cwx/demo01_ws/install/base_interfaces_demo/share/base_interfaces_demo/cmake/base_interfaces_demoConfig-version.cmake
[0.861s] -- Up-to-date: /home/cwx/demo01_ws/install/base_interfaces_demo/share/base_interfaces_demo/package.xml
[0.865s] Invoked command in '/home/cwx/demo01_ws/build/base_interfaces_demo' returned '0': CMAKE_PREFIX_PATH=/opt/ros/humble /usr/bin/cmake --install /home/cwx/demo01_ws/build/base_interfaces_demo
