[1.384s] DEBUG:colcon:Command line arguments: ['/usr/bin/colcon', 'build']
[1.384s] DEBUG:colcon:Parsed command line arguments: Namespace(log_base=None, log_level=None, verb_name='build', build_base='build', install_base='install', merge_install=False, symlink_install=False, test_result_base=None, continue_on_error=False, executor='parallel', parallel_workers=8, event_handlers=None, ignore_user_meta=False, metas=['./colcon.meta'], base_paths=['.'], packages_ignore=None, packages_ignore_regex=None, paths=None, packages_up_to=None, packages_up_to_regex=None, packages_above=None, packages_above_and_dependencies=None, packages_above_depth=None, packages_select_by_dep=None, packages_skip_by_dep=None, packages_skip_up_to=None, packages_select_build_failed=False, packages_skip_build_finished=False, packages_select_test_failures=False, packages_skip_test_passed=False, packages_select=None, packages_skip=None, packages_select_regex=None, packages_skip_regex=None, packages_start=None, packages_end=None, allow_overriding=[], cmake_args=None, cmake_target=None, cmake_target_skip_unavailable=False, cmake_clean_cache=False, cmake_clean_first=False, cmake_force_configure=False, ament_cmake_args=None, catkin_cmake_args=None, catkin_skip_building_tests=False, verb_parser=<colcon_defaults.argument_parser.defaults.DefaultArgumentsDecorator object at 0x7c421461f970>, verb_extension=<colcon_core.verb.build.BuildVerb object at 0x7c421461f460>, main=<bound method BuildVerb.main of <colcon_core.verb.build.BuildVerb object at 0x7c421461f460>>)
[2.252s] Level 1:colcon.colcon_core.package_discovery:discover_packages(colcon_meta) check parameters
[2.252s] Level 1:colcon.colcon_core.package_discovery:discover_packages(recursive) check parameters
[2.252s] Level 1:colcon.colcon_core.package_discovery:discover_packages(ignore) check parameters
[2.252s] Level 1:colcon.colcon_core.package_discovery:discover_packages(path) check parameters
[2.252s] Level 1:colcon.colcon_core.package_discovery:discover_packages(colcon_meta) discover
[2.253s] Level 1:colcon.colcon_core.package_discovery:discover_packages(recursive) discover
[2.253s] INFO:colcon.colcon_core.package_discovery:Crawling recursively for packages in '/home/cwx/demo01_ws'
[2.253s] Level 1:colcon.colcon_core.package_identification:_identify(.) by extensions ['ignore', 'ignore_ament_install']
[2.253s] Level 1:colcon.colcon_core.package_identification:_identify(.) by extension 'ignore'
[2.253s] Level 1:colcon.colcon_core.package_identification:_identify(.) by extension 'ignore_ament_install'
[2.253s] Level 1:colcon.colcon_core.package_identification:_identify(.) by extensions ['colcon_pkg']
[2.253s] Level 1:colcon.colcon_core.package_identification:_identify(.) by extension 'colcon_pkg'
[2.253s] Level 1:colcon.colcon_core.package_identification:_identify(.) by extensions ['colcon_meta']
[2.253s] Level 1:colcon.colcon_core.package_identification:_identify(.) by extension 'colcon_meta'
[2.253s] Level 1:colcon.colcon_core.package_identification:_identify(.) by extensions ['ros']
[2.253s] Level 1:colcon.colcon_core.package_identification:_identify(.) by extension 'ros'
[2.286s] Level 1:colcon.colcon_core.package_identification:_identify(.) by extensions ['cmake', 'python']
[2.286s] Level 1:colcon.colcon_core.package_identification:_identify(.) by extension 'cmake'
[2.286s] Level 1:colcon.colcon_core.package_identification:_identify(.) by extension 'python'
[2.287s] Level 1:colcon.colcon_core.package_identification:_identify(.) by extensions ['python_setup_py']
[2.287s] Level 1:colcon.colcon_core.package_identification:_identify(.) by extension 'python_setup_py'
[2.287s] Level 1:colcon.colcon_core.package_identification:_identify(build) by extensions ['ignore', 'ignore_ament_install']
[2.287s] Level 1:colcon.colcon_core.package_identification:_identify(build) by extension 'ignore'
[2.287s] Level 1:colcon.colcon_core.package_identification:_identify(build) ignored
[2.287s] Level 1:colcon.colcon_core.package_identification:_identify(install) by extensions ['ignore', 'ignore_ament_install']
[2.287s] Level 1:colcon.colcon_core.package_identification:_identify(install) by extension 'ignore'
[2.287s] Level 1:colcon.colcon_core.package_identification:_identify(install) ignored
[2.287s] Level 1:colcon.colcon_core.package_identification:_identify(log) by extensions ['ignore', 'ignore_ament_install']
[2.288s] Level 1:colcon.colcon_core.package_identification:_identify(log) by extension 'ignore'
[2.288s] Level 1:colcon.colcon_core.package_identification:_identify(log) ignored
[2.288s] Level 1:colcon.colcon_core.package_identification:_identify(src) by extensions ['ignore', 'ignore_ament_install']
[2.288s] Level 1:colcon.colcon_core.package_identification:_identify(src) by extension 'ignore'
[2.288s] Level 1:colcon.colcon_core.package_identification:_identify(src) by extension 'ignore_ament_install'
[2.289s] Level 1:colcon.colcon_core.package_identification:_identify(src) by extensions ['colcon_pkg']
[2.289s] Level 1:colcon.colcon_core.package_identification:_identify(src) by extension 'colcon_pkg'
[2.289s] Level 1:colcon.colcon_core.package_identification:_identify(src) by extensions ['colcon_meta']
[2.289s] Level 1:colcon.colcon_core.package_identification:_identify(src) by extension 'colcon_meta'
[2.289s] Level 1:colcon.colcon_core.package_identification:_identify(src) by extensions ['ros']
[2.289s] Level 1:colcon.colcon_core.package_identification:_identify(src) by extension 'ros'
[2.289s] Level 1:colcon.colcon_core.package_identification:_identify(src) by extensions ['cmake', 'python']
[2.289s] Level 1:colcon.colcon_core.package_identification:_identify(src) by extension 'cmake'
[2.289s] Level 1:colcon.colcon_core.package_identification:_identify(src) by extension 'python'
[2.289s] Level 1:colcon.colcon_core.package_identification:_identify(src) by extensions ['python_setup_py']
[2.289s] Level 1:colcon.colcon_core.package_identification:_identify(src) by extension 'python_setup_py'
[2.289s] Level 1:colcon.colcon_core.package_identification:_identify(src/base_interfaces_demo) by extensions ['ignore', 'ignore_ament_install']
[2.290s] Level 1:colcon.colcon_core.package_identification:_identify(src/base_interfaces_demo) by extension 'ignore'
[2.290s] Level 1:colcon.colcon_core.package_identification:_identify(src/base_interfaces_demo) by extension 'ignore_ament_install'
[2.290s] Level 1:colcon.colcon_core.package_identification:_identify(src/base_interfaces_demo) by extensions ['colcon_pkg']
[2.290s] Level 1:colcon.colcon_core.package_identification:_identify(src/base_interfaces_demo) by extension 'colcon_pkg'
[2.290s] Level 1:colcon.colcon_core.package_identification:_identify(src/base_interfaces_demo) by extensions ['colcon_meta']
[2.290s] Level 1:colcon.colcon_core.package_identification:_identify(src/base_interfaces_demo) by extension 'colcon_meta'
[2.290s] Level 1:colcon.colcon_core.package_identification:_identify(src/base_interfaces_demo) by extensions ['ros']
[2.290s] Level 1:colcon.colcon_core.package_identification:_identify(src/base_interfaces_demo) by extension 'ros'
[2.299s] DEBUG:colcon.colcon_core.package_identification:Package 'src/base_interfaces_demo' with type 'ros.ament_cmake' and name 'base_interfaces_demo'
[2.299s] Level 1:colcon.colcon_core.package_identification:_identify(src/build) by extensions ['ignore', 'ignore_ament_install']
[2.299s] Level 1:colcon.colcon_core.package_identification:_identify(src/build) by extension 'ignore'
[2.299s] Level 1:colcon.colcon_core.package_identification:_identify(src/build) ignored
[2.299s] Level 1:colcon.colcon_core.package_identification:_identify(src/install) by extensions ['ignore', 'ignore_ament_install']
[2.299s] Level 1:colcon.colcon_core.package_identification:_identify(src/install) by extension 'ignore'
[2.300s] Level 1:colcon.colcon_core.package_identification:_identify(src/install) ignored
[2.300s] Level 1:colcon.colcon_core.package_identification:_identify(src/log) by extensions ['ignore', 'ignore_ament_install']
[2.300s] Level 1:colcon.colcon_core.package_identification:_identify(src/log) by extension 'ignore'
[2.300s] Level 1:colcon.colcon_core.package_identification:_identify(src/log) ignored
[2.301s] Level 1:colcon.colcon_core.package_identification:_identify(src/topic_cpp) by extensions ['ignore', 'ignore_ament_install']
[2.301s] Level 1:colcon.colcon_core.package_identification:_identify(src/topic_cpp) by extension 'ignore'
[2.301s] Level 1:colcon.colcon_core.package_identification:_identify(src/topic_cpp) by extension 'ignore_ament_install'
[2.301s] Level 1:colcon.colcon_core.package_identification:_identify(src/topic_cpp) by extensions ['colcon_pkg']
[2.301s] Level 1:colcon.colcon_core.package_identification:_identify(src/topic_cpp) by extension 'colcon_pkg'
[2.301s] Level 1:colcon.colcon_core.package_identification:_identify(src/topic_cpp) by extensions ['colcon_meta']
[2.301s] Level 1:colcon.colcon_core.package_identification:_identify(src/topic_cpp) by extension 'colcon_meta'
[2.301s] Level 1:colcon.colcon_core.package_identification:_identify(src/topic_cpp) by extensions ['ros']
[2.301s] Level 1:colcon.colcon_core.package_identification:_identify(src/topic_cpp) by extension 'ros'
[2.303s] DEBUG:colcon.colcon_core.package_identification:Package 'src/topic_cpp' with type 'ros.ament_cmake' and name 'topic_cpp'
[2.303s] Level 1:colcon.colcon_core.package_discovery:discover_packages(recursive) using defaults
[2.303s] Level 1:colcon.colcon_core.package_discovery:discover_packages(ignore) discover
[2.303s] Level 1:colcon.colcon_core.package_discovery:discover_packages(ignore) using defaults
[2.303s] Level 1:colcon.colcon_core.package_discovery:discover_packages(path) discover
[2.303s] Level 1:colcon.colcon_core.package_discovery:discover_packages(path) using defaults
[2.393s] Level 1:colcon.colcon_core.package_discovery:discover_packages(prefix_path) check parameters
[2.393s] Level 1:colcon.colcon_core.package_discovery:discover_packages(prefix_path) discover
[2.404s] DEBUG:colcon.colcon_installed_package_information.package_discovery:Found 319 installed packages in /opt/ros/humble
[2.427s] Level 1:colcon.colcon_core.package_discovery:discover_packages(prefix_path) using defaults
[2.532s] Level 5:colcon.colcon_core.verb:set package 'base_interfaces_demo' build argument 'cmake_args' from command line to 'None'
[2.532s] Level 5:colcon.colcon_core.verb:set package 'base_interfaces_demo' build argument 'cmake_target' from command line to 'None'
[2.533s] Level 5:colcon.colcon_core.verb:set package 'base_interfaces_demo' build argument 'cmake_target_skip_unavailable' from command line to 'False'
[2.533s] Level 5:colcon.colcon_core.verb:set package 'base_interfaces_demo' build argument 'cmake_clean_cache' from command line to 'False'
[2.533s] Level 5:colcon.colcon_core.verb:set package 'base_interfaces_demo' build argument 'cmake_clean_first' from command line to 'False'
[2.533s] Level 5:colcon.colcon_core.verb:set package 'base_interfaces_demo' build argument 'cmake_force_configure' from command line to 'False'
[2.533s] Level 5:colcon.colcon_core.verb:set package 'base_interfaces_demo' build argument 'ament_cmake_args' from command line to 'None'
[2.533s] Level 5:colcon.colcon_core.verb:set package 'base_interfaces_demo' build argument 'catkin_cmake_args' from command line to 'None'
[2.533s] Level 5:colcon.colcon_core.verb:set package 'base_interfaces_demo' build argument 'catkin_skip_building_tests' from command line to 'False'
[2.533s] DEBUG:colcon.colcon_core.verb:Building package 'base_interfaces_demo' with the following arguments: {'ament_cmake_args': None, 'build_base': '/home/cwx/demo01_ws/build/base_interfaces_demo', 'catkin_cmake_args': None, 'catkin_skip_building_tests': False, 'cmake_args': None, 'cmake_clean_cache': False, 'cmake_clean_first': False, 'cmake_force_configure': False, 'cmake_target': None, 'cmake_target_skip_unavailable': False, 'install_base': '/home/cwx/demo01_ws/install/base_interfaces_demo', 'merge_install': False, 'path': '/home/cwx/demo01_ws/src/base_interfaces_demo', 'symlink_install': False, 'test_result_base': None}
[2.534s] Level 5:colcon.colcon_core.verb:set package 'topic_cpp' build argument 'cmake_args' from command line to 'None'
[2.534s] Level 5:colcon.colcon_core.verb:set package 'topic_cpp' build argument 'cmake_target' from command line to 'None'
[2.534s] Level 5:colcon.colcon_core.verb:set package 'topic_cpp' build argument 'cmake_target_skip_unavailable' from command line to 'False'
[2.534s] Level 5:colcon.colcon_core.verb:set package 'topic_cpp' build argument 'cmake_clean_cache' from command line to 'False'
[2.534s] Level 5:colcon.colcon_core.verb:set package 'topic_cpp' build argument 'cmake_clean_first' from command line to 'False'
[2.534s] Level 5:colcon.colcon_core.verb:set package 'topic_cpp' build argument 'cmake_force_configure' from command line to 'False'
[2.534s] Level 5:colcon.colcon_core.verb:set package 'topic_cpp' build argument 'ament_cmake_args' from command line to 'None'
[2.534s] Level 5:colcon.colcon_core.verb:set package 'topic_cpp' build argument 'catkin_cmake_args' from command line to 'None'
[2.534s] Level 5:colcon.colcon_core.verb:set package 'topic_cpp' build argument 'catkin_skip_building_tests' from command line to 'False'
[2.534s] DEBUG:colcon.colcon_core.verb:Building package 'topic_cpp' with the following arguments: {'ament_cmake_args': None, 'build_base': '/home/cwx/demo01_ws/build/topic_cpp', 'catkin_cmake_args': None, 'catkin_skip_building_tests': False, 'cmake_args': None, 'cmake_clean_cache': False, 'cmake_clean_first': False, 'cmake_force_configure': False, 'cmake_target': None, 'cmake_target_skip_unavailable': False, 'install_base': '/home/cwx/demo01_ws/install/topic_cpp', 'merge_install': False, 'path': '/home/cwx/demo01_ws/src/topic_cpp', 'symlink_install': False, 'test_result_base': None}
[2.534s] INFO:colcon.colcon_core.executor:Executing jobs using 'parallel' executor
[2.536s] DEBUG:colcon.colcon_parallel_executor.executor.parallel:run_until_complete
[2.537s] INFO:colcon.colcon_ros.task.ament_cmake.build:Building ROS package in '/home/cwx/demo01_ws/src/base_interfaces_demo' with build type 'ament_cmake'
[2.537s] INFO:colcon.colcon_cmake.task.cmake.build:Building CMake package in '/home/cwx/demo01_ws/src/base_interfaces_demo'
[2.552s] INFO:colcon.colcon_core.plugin_system:Skipping extension 'colcon_core.shell.bat': Not used on non-Windows systems
[2.553s] INFO:colcon.colcon_core.shell:Skip shell extension 'powershell' for command environment: Not usable outside of PowerShell
[2.553s] DEBUG:colcon.colcon_core.shell:Skip shell extension 'dsv' for command environment
[2.559s] INFO:colcon.colcon_ros.task.ament_cmake.build:Building ROS package in '/home/cwx/demo01_ws/src/topic_cpp' with build type 'ament_cmake'
[2.560s] INFO:colcon.colcon_cmake.task.cmake.build:Building CMake package in '/home/cwx/demo01_ws/src/topic_cpp'
[2.560s] INFO:colcon.colcon_core.shell:Skip shell extension 'powershell' for command environment: Not usable outside of PowerShell
[2.560s] DEBUG:colcon.colcon_core.shell:Skip shell extension 'dsv' for command environment
[2.575s] DEBUG:colcon.colcon_core.event_handler.log_command:Invoking command in '/home/cwx/demo01_ws/build/base_interfaces_demo': CMAKE_PREFIX_PATH=/opt/ros/humble /usr/bin/cmake --build /home/cwx/demo01_ws/build/base_interfaces_demo -- -j8 -l8
[2.592s] DEBUG:colcon.colcon_core.event_handler.log_command:Invoking command in '/home/cwx/demo01_ws/build/topic_cpp': CMAKE_PREFIX_PATH=/opt/ros/humble /usr/bin/cmake --build /home/cwx/demo01_ws/build/topic_cpp -- -j8 -l8
[3.512s] DEBUG:colcon.colcon_core.event_handler.log_command:Invoked command in '/home/cwx/demo01_ws/build/base_interfaces_demo' returned '0': CMAKE_PREFIX_PATH=/opt/ros/humble /usr/bin/cmake --build /home/cwx/demo01_ws/build/base_interfaces_demo -- -j8 -l8
[3.535s] DEBUG:colcon.colcon_core.event_handler.log_command:Invoking command in '/home/cwx/demo01_ws/build/base_interfaces_demo': CMAKE_PREFIX_PATH=/opt/ros/humble /usr/bin/cmake --install /home/cwx/demo01_ws/build/base_interfaces_demo
[3.682s] Level 1:colcon.colcon_core.environment:create_environment_scripts_only(base_interfaces_demo)
[3.684s] DEBUG:colcon.colcon_core.event_handler.log_command:Invoked command in '/home/cwx/demo01_ws/build/base_interfaces_demo' returned '0': CMAKE_PREFIX_PATH=/opt/ros/humble /usr/bin/cmake --install /home/cwx/demo01_ws/build/base_interfaces_demo
[3.697s] Level 1:colcon.colcon_core.environment:checking '/home/cwx/demo01_ws/install/base_interfaces_demo' for CMake module files
[3.699s] Level 1:colcon.colcon_core.environment:checking '/home/cwx/demo01_ws/install/base_interfaces_demo' for CMake config files
[3.700s] Level 1:colcon.colcon_core.shell:create_environment_hook('base_interfaces_demo', 'cmake_prefix_path')
[3.700s] INFO:colcon.colcon_core.shell:Creating environment hook '/home/cwx/demo01_ws/install/base_interfaces_demo/share/base_interfaces_demo/hook/cmake_prefix_path.ps1'
[3.703s] INFO:colcon.colcon_core.shell:Creating environment descriptor '/home/cwx/demo01_ws/install/base_interfaces_demo/share/base_interfaces_demo/hook/cmake_prefix_path.dsv'
[3.706s] INFO:colcon.colcon_core.shell:Creating environment hook '/home/cwx/demo01_ws/install/base_interfaces_demo/share/base_interfaces_demo/hook/cmake_prefix_path.sh'
[3.709s] Level 1:colcon.colcon_core.environment:checking '/home/cwx/demo01_ws/install/base_interfaces_demo/lib'
[3.709s] Level 1:colcon.colcon_core.shell:create_environment_hook('base_interfaces_demo', 'ld_library_path_lib')
[3.709s] INFO:colcon.colcon_core.shell:Creating environment hook '/home/cwx/demo01_ws/install/base_interfaces_demo/share/base_interfaces_demo/hook/ld_library_path_lib.ps1'
[3.710s] INFO:colcon.colcon_core.shell:Creating environment descriptor '/home/cwx/demo01_ws/install/base_interfaces_demo/share/base_interfaces_demo/hook/ld_library_path_lib.dsv'
[3.711s] INFO:colcon.colcon_core.shell:Creating environment hook '/home/cwx/demo01_ws/install/base_interfaces_demo/share/base_interfaces_demo/hook/ld_library_path_lib.sh'
[3.712s] Level 1:colcon.colcon_core.environment:checking '/home/cwx/demo01_ws/install/base_interfaces_demo/bin'
[3.712s] Level 1:colcon.colcon_core.environment:checking '/home/cwx/demo01_ws/install/base_interfaces_demo/lib/pkgconfig/base_interfaces_demo.pc'
[3.712s] Level 1:colcon.colcon_core.environment:checking '/home/cwx/demo01_ws/install/base_interfaces_demo/lib/python3.10/site-packages'
[3.713s] Level 1:colcon.colcon_core.environment:checking '/home/cwx/demo01_ws/install/base_interfaces_demo/bin'
[3.713s] INFO:colcon.colcon_core.shell:Creating package script '/home/cwx/demo01_ws/install/base_interfaces_demo/share/base_interfaces_demo/package.ps1'
[3.716s] INFO:colcon.colcon_core.shell:Creating package descriptor '/home/cwx/demo01_ws/install/base_interfaces_demo/share/base_interfaces_demo/package.dsv'
[3.718s] INFO:colcon.colcon_core.shell:Creating package script '/home/cwx/demo01_ws/install/base_interfaces_demo/share/base_interfaces_demo/package.sh'
[3.720s] INFO:colcon.colcon_core.shell:Creating package script '/home/cwx/demo01_ws/install/base_interfaces_demo/share/base_interfaces_demo/package.bash'
[3.722s] INFO:colcon.colcon_core.shell:Creating package script '/home/cwx/demo01_ws/install/base_interfaces_demo/share/base_interfaces_demo/package.zsh'
[3.726s] Level 1:colcon.colcon_core.environment:create_file_with_runtime_dependencies(/home/cwx/demo01_ws/install/base_interfaces_demo/share/colcon-core/packages/base_interfaces_demo)
[3.727s] Level 1:colcon.colcon_core.environment:create_environment_scripts_only(base_interfaces_demo)
[3.728s] Level 1:colcon.colcon_core.environment:checking '/home/cwx/demo01_ws/install/base_interfaces_demo' for CMake module files
[3.729s] Level 1:colcon.colcon_core.environment:checking '/home/cwx/demo01_ws/install/base_interfaces_demo' for CMake config files
[3.730s] Level 1:colcon.colcon_core.shell:create_environment_hook('base_interfaces_demo', 'cmake_prefix_path')
[3.730s] INFO:colcon.colcon_core.shell:Creating environment hook '/home/cwx/demo01_ws/install/base_interfaces_demo/share/base_interfaces_demo/hook/cmake_prefix_path.ps1'
[3.731s] INFO:colcon.colcon_core.shell:Creating environment descriptor '/home/cwx/demo01_ws/install/base_interfaces_demo/share/base_interfaces_demo/hook/cmake_prefix_path.dsv'
[3.732s] INFO:colcon.colcon_core.shell:Creating environment hook '/home/cwx/demo01_ws/install/base_interfaces_demo/share/base_interfaces_demo/hook/cmake_prefix_path.sh'
[3.733s] Level 1:colcon.colcon_core.environment:checking '/home/cwx/demo01_ws/install/base_interfaces_demo/lib'
[3.733s] Level 1:colcon.colcon_core.shell:create_environment_hook('base_interfaces_demo', 'ld_library_path_lib')
[3.733s] INFO:colcon.colcon_core.shell:Creating environment hook '/home/cwx/demo01_ws/install/base_interfaces_demo/share/base_interfaces_demo/hook/ld_library_path_lib.ps1'
[3.734s] INFO:colcon.colcon_core.shell:Creating environment descriptor '/home/cwx/demo01_ws/install/base_interfaces_demo/share/base_interfaces_demo/hook/ld_library_path_lib.dsv'
[3.735s] INFO:colcon.colcon_core.shell:Creating environment hook '/home/cwx/demo01_ws/install/base_interfaces_demo/share/base_interfaces_demo/hook/ld_library_path_lib.sh'
[3.736s] Level 1:colcon.colcon_core.environment:checking '/home/cwx/demo01_ws/install/base_interfaces_demo/bin'
[3.736s] Level 1:colcon.colcon_core.environment:checking '/home/cwx/demo01_ws/install/base_interfaces_demo/lib/pkgconfig/base_interfaces_demo.pc'
[3.736s] Level 1:colcon.colcon_core.environment:checking '/home/cwx/demo01_ws/install/base_interfaces_demo/lib/python3.10/site-packages'
[3.737s] Level 1:colcon.colcon_core.environment:checking '/home/cwx/demo01_ws/install/base_interfaces_demo/bin'
[3.738s] INFO:colcon.colcon_core.shell:Creating package script '/home/cwx/demo01_ws/install/base_interfaces_demo/share/base_interfaces_demo/package.ps1'
[3.739s] INFO:colcon.colcon_core.shell:Creating package descriptor '/home/cwx/demo01_ws/install/base_interfaces_demo/share/base_interfaces_demo/package.dsv'
[3.740s] INFO:colcon.colcon_core.shell:Creating package script '/home/cwx/demo01_ws/install/base_interfaces_demo/share/base_interfaces_demo/package.sh'
[3.741s] INFO:colcon.colcon_core.shell:Creating package script '/home/cwx/demo01_ws/install/base_interfaces_demo/share/base_interfaces_demo/package.bash'
[3.742s] INFO:colcon.colcon_core.shell:Creating package script '/home/cwx/demo01_ws/install/base_interfaces_demo/share/base_interfaces_demo/package.zsh'
[3.744s] Level 1:colcon.colcon_core.environment:create_file_with_runtime_dependencies(/home/cwx/demo01_ws/install/base_interfaces_demo/share/colcon-core/packages/base_interfaces_demo)
[4.068s] DEBUG:colcon.colcon_core.event_handler.log_command:Invoked command in '/home/cwx/demo01_ws/build/topic_cpp' returned '2': CMAKE_PREFIX_PATH=/opt/ros/humble /usr/bin/cmake --build /home/cwx/demo01_ws/build/topic_cpp -- -j8 -l8
[4.070s] Level 1:colcon.colcon_core.environment:create_environment_scripts_only(topic_cpp)
[4.070s] Level 1:colcon.colcon_core.environment:checking '/home/cwx/demo01_ws/install/topic_cpp' for CMake module files
[4.071s] Level 1:colcon.colcon_core.environment:checking '/home/cwx/demo01_ws/install/topic_cpp' for CMake config files
[4.071s] Level 1:colcon.colcon_core.shell:create_environment_hook('topic_cpp', 'cmake_prefix_path')
[4.071s] INFO:colcon.colcon_core.shell:Creating environment hook '/home/cwx/demo01_ws/install/topic_cpp/share/topic_cpp/hook/cmake_prefix_path.ps1'
[4.073s] INFO:colcon.colcon_core.shell:Creating environment descriptor '/home/cwx/demo01_ws/install/topic_cpp/share/topic_cpp/hook/cmake_prefix_path.dsv'
[4.073s] INFO:colcon.colcon_core.shell:Creating environment hook '/home/cwx/demo01_ws/install/topic_cpp/share/topic_cpp/hook/cmake_prefix_path.sh'
[4.075s] Level 1:colcon.colcon_core.environment:checking '/home/cwx/demo01_ws/install/topic_cpp/lib'
[4.075s] Level 1:colcon.colcon_core.environment:checking '/home/cwx/demo01_ws/install/topic_cpp/bin'
[4.075s] Level 1:colcon.colcon_core.environment:checking '/home/cwx/demo01_ws/install/topic_cpp/lib/pkgconfig/topic_cpp.pc'
[4.075s] Level 1:colcon.colcon_core.environment:checking '/home/cwx/demo01_ws/install/topic_cpp/lib/python3.10/site-packages'
[4.076s] Level 1:colcon.colcon_core.environment:checking '/home/cwx/demo01_ws/install/topic_cpp/bin'
[4.076s] INFO:colcon.colcon_core.shell:Creating package script '/home/cwx/demo01_ws/install/topic_cpp/share/topic_cpp/package.ps1'
[4.077s] INFO:colcon.colcon_core.shell:Creating package descriptor '/home/cwx/demo01_ws/install/topic_cpp/share/topic_cpp/package.dsv'
[4.078s] INFO:colcon.colcon_core.shell:Creating package script '/home/cwx/demo01_ws/install/topic_cpp/share/topic_cpp/package.sh'
[4.079s] INFO:colcon.colcon_core.shell:Creating package script '/home/cwx/demo01_ws/install/topic_cpp/share/topic_cpp/package.bash'
[4.080s] INFO:colcon.colcon_core.shell:Creating package script '/home/cwx/demo01_ws/install/topic_cpp/share/topic_cpp/package.zsh'
[4.081s] Level 1:colcon.colcon_core.environment:create_file_with_runtime_dependencies(/home/cwx/demo01_ws/install/topic_cpp/share/colcon-core/packages/topic_cpp)
[4.092s] DEBUG:colcon.colcon_parallel_executor.executor.parallel:closing loop
[4.092s] DEBUG:colcon.colcon_parallel_executor.executor.parallel:loop closed
[4.093s] DEBUG:colcon.colcon_parallel_executor.executor.parallel:run_until_complete finished with '2'
[4.093s] DEBUG:colcon.colcon_core.event_reactor:joining thread
[4.105s] INFO:colcon.colcon_core.plugin_system:Skipping extension 'colcon_notification.desktop_notification.terminal_notifier': Not used on non-Darwin systems
[4.105s] INFO:colcon.colcon_core.plugin_system:Skipping extension 'colcon_notification.desktop_notification.win32': Not used on non-Windows systems
[4.105s] INFO:colcon.colcon_notification.desktop_notification:Sending desktop notification using 'notify2'
[4.129s] DEBUG:colcon.colcon_core.event_reactor:joined thread
[4.130s] INFO:colcon.colcon_core.shell:Creating prefix script '/home/cwx/demo01_ws/install/local_setup.ps1'
[4.132s] INFO:colcon.colcon_core.shell:Creating prefix util module '/home/cwx/demo01_ws/install/_local_setup_util_ps1.py'
[4.136s] INFO:colcon.colcon_core.shell:Creating prefix chain script '/home/cwx/demo01_ws/install/setup.ps1'
[4.139s] INFO:colcon.colcon_core.shell:Creating prefix script '/home/cwx/demo01_ws/install/local_setup.sh'
[4.142s] INFO:colcon.colcon_core.shell:Creating prefix util module '/home/cwx/demo01_ws/install/_local_setup_util_sh.py'
[4.143s] INFO:colcon.colcon_core.shell:Creating prefix chain script '/home/cwx/demo01_ws/install/setup.sh'
[4.146s] INFO:colcon.colcon_core.shell:Creating prefix script '/home/cwx/demo01_ws/install/local_setup.bash'
[4.148s] INFO:colcon.colcon_core.shell:Creating prefix chain script '/home/cwx/demo01_ws/install/setup.bash'
[4.152s] INFO:colcon.colcon_core.shell:Creating prefix script '/home/cwx/demo01_ws/install/local_setup.zsh'
[4.154s] INFO:colcon.colcon_core.shell:Creating prefix chain script '/home/cwx/demo01_ws/install/setup.zsh'
