[0.024s] Invoking command in '/home/cwx/demo01_ws/build/topic_cpp': CMAKE_PREFIX_PATH=${CMAKE_PREFIX_PATH}:/opt/ros/humble /usr/bin/cmake --build /home/cwx/demo01_ws/build/topic_cpp -- -j8 -l8
[0.073s] -- Found ament_cmake: 1.3.11 (/opt/ros/humble/share/ament_cmake/cmake)
[0.339s] -- Found rclcpp: 16.0.12 (/opt/ros/humble/share/rclcpp/cmake)
[0.384s] -- Found rosidl_generator_c: 3.1.6 (/opt/ros/humble/share/rosidl_generator_c/cmake)
[0.389s] -- Found rosidl_adapter: 3.1.6 (/opt/ros/humble/share/rosidl_adapter/cmake)
[0.399s] -- Found rosidl_generator_cpp: 3.1.6 (/opt/ros/humble/share/rosidl_generator_cpp/cmake)
[0.423s] -- Using all available rosidl_typesupport_c: rosidl_typesupport_fastrtps_c;rosidl_typesupport_introspection_c
[0.444s] -- Using all available rosidl_typesupport_cpp: rosidl_typesupport_fastrtps_cpp;rosidl_typesupport_introspection_cpp
[0.494s] -- Found rmw_implementation_cmake: 6.1.2 (/opt/ros/humble/share/rmw_implementation_cmake/cmake)
[0.496s] -- Found rmw_fastrtps_cpp: 6.2.7 (/opt/ros/humble/share/rmw_fastrtps_cpp/cmake)
[0.655s] -- Using RMW implementation 'rmw_fastrtps_cpp' as default
[0.732s] -- Found turtlesim: 1.4.2 (/opt/ros/humble/share/turtlesim/cmake)
[0.785s] -- Found geometry_msgs: 4.9.0 (/opt/ros/humble/share/geometry_msgs/cmake)
[0.805s] -- Found base_interfaces_demo: 0.0.0 (/home/cwx/demo01_ws/install/base_interfaces_demo/share/base_interfaces_demo/cmake)
[0.827s] -- Found ament_lint_auto: 0.12.12 (/opt/ros/humble/share/ament_lint_auto/cmake)
[0.952s] -- Added test 'cppcheck' to perform static code analysis on C / C++ code
[0.952s] -- Configured cppcheck include dirs: 
[0.953s] -- Configured cppcheck exclude dirs and/or files: 
[0.953s] -- Added test 'lint_cmake' to check CMake code style
[0.955s] -- Added test 'uncrustify' to check C / C++ code style
[0.955s] -- Configured uncrustify additional arguments: 
[0.955s] -- Added test 'xmllint' to check XML markup files
[0.957s] -- Configuring done
[0.996s] -- Generating done
[1.018s] -- Build files have been written to: /home/cwx/demo01_ws/build/topic_cpp
[1.082s] [35m[1mConsolidate compiler generated dependencies of target turtle_server[0m
[1.083s] [35m[1mConsolidate compiler generated dependencies of target topic_publisher[0m
[1.083s] [35m[1mConsolidate compiler generated dependencies of target topic_subscriber[0m
[1.083s] [35m[1mConsolidate compiler generated dependencies of target turtle_client[0m
[1.083s] [35m[1mConsolidate compiler generated dependencies of target turtle_chase[0m
[1.120s] [ 20%] Built target topic_subscriber
[1.120s] [ 30%] [32mBuilding CXX object CMakeFiles/turtle_server.dir/src/turtle_server.cpp.o[0m
[1.123s] [ 40%] [32mBuilding CXX object CMakeFiles/turtle_client.dir/src/turtle_client.cpp.o[0m
[1.126s] [ 60%] Built target topic_publisher
[1.127s] [ 70%] [32m[1mLinking CXX executable turtle_chase[0m
[1.889s] [ 80%] Built target turtle_chase
[7.884s] [ 90%] [32m[1mLinking CXX executable turtle_client[0m
[8.186s] [ 90%] Built target turtle_client
[16.468s] [100%] [32m[1mLinking CXX executable turtle_server[0m
[17.200s] [100%] Built target turtle_server
[17.224s] Invoked command in '/home/cwx/demo01_ws/build/topic_cpp' returned '0': CMAKE_PREFIX_PATH=${CMAKE_PREFIX_PATH}:/opt/ros/humble /usr/bin/cmake --build /home/cwx/demo01_ws/build/topic_cpp -- -j8 -l8
[17.227s] Invoking command in '/home/cwx/demo01_ws/build/topic_cpp': CMAKE_PREFIX_PATH=${CMAKE_PREFIX_PATH}:/opt/ros/humble /usr/bin/cmake --install /home/cwx/demo01_ws/build/topic_cpp
[17.243s] -- Install configuration: ""
[17.244s] -- Up-to-date: /home/cwx/demo01_ws/install/topic_cpp/lib/topic_cpp/topic_publisher
[17.244s] -- Up-to-date: /home/cwx/demo01_ws/install/topic_cpp/lib/topic_cpp/topic_subscriber
[17.245s] -- Installing: /home/cwx/demo01_ws/install/topic_cpp/lib/topic_cpp/turtle_server
[17.252s] -- Set runtime path of "/home/cwx/demo01_ws/install/topic_cpp/lib/topic_cpp/turtle_server" to ""
[17.253s] -- Installing: /home/cwx/demo01_ws/install/topic_cpp/lib/topic_cpp/turtle_client
[17.255s] -- Set runtime path of "/home/cwx/demo01_ws/install/topic_cpp/lib/topic_cpp/turtle_client" to ""
[17.255s] -- Installing: /home/cwx/demo01_ws/install/topic_cpp/lib/topic_cpp/turtle_chase
[17.260s] -- Set runtime path of "/home/cwx/demo01_ws/install/topic_cpp/lib/topic_cpp/turtle_chase" to ""
[17.261s] -- Up-to-date: /home/cwx/demo01_ws/install/topic_cpp/share/ament_index/resource_index/package_run_dependencies/topic_cpp
[17.261s] -- Installing: /home/cwx/demo01_ws/install/topic_cpp/share/ament_index/resource_index/parent_prefix_path/topic_cpp
[17.261s] -- Up-to-date: /home/cwx/demo01_ws/install/topic_cpp/share/topic_cpp/environment/ament_prefix_path.sh
[17.261s] -- Installing: /home/cwx/demo01_ws/install/topic_cpp/share/topic_cpp/environment/ament_prefix_path.dsv
[17.262s] -- Up-to-date: /home/cwx/demo01_ws/install/topic_cpp/share/topic_cpp/environment/path.sh
[17.262s] -- Installing: /home/cwx/demo01_ws/install/topic_cpp/share/topic_cpp/environment/path.dsv
[17.262s] -- Up-to-date: /home/cwx/demo01_ws/install/topic_cpp/share/topic_cpp/local_setup.bash
[17.263s] -- Up-to-date: /home/cwx/demo01_ws/install/topic_cpp/share/topic_cpp/local_setup.sh
[17.263s] -- Up-to-date: /home/cwx/demo01_ws/install/topic_cpp/share/topic_cpp/local_setup.zsh
[17.263s] -- Installing: /home/cwx/demo01_ws/install/topic_cpp/share/topic_cpp/local_setup.dsv
[17.263s] -- Installing: /home/cwx/demo01_ws/install/topic_cpp/share/topic_cpp/package.dsv
[17.263s] -- Up-to-date: /home/cwx/demo01_ws/install/topic_cpp/share/ament_index/resource_index/packages/topic_cpp
[17.263s] -- Up-to-date: /home/cwx/demo01_ws/install/topic_cpp/share/topic_cpp/cmake/topic_cppConfig.cmake
[17.263s] -- Up-to-date: /home/cwx/demo01_ws/install/topic_cpp/share/topic_cpp/cmake/topic_cppConfig-version.cmake
[17.263s] -- Up-to-date: /home/cwx/demo01_ws/install/topic_cpp/share/topic_cpp/package.xml
[17.267s] Invoked command in '/home/cwx/demo01_ws/build/topic_cpp' returned '0': CMAKE_PREFIX_PATH=${CMAKE_PREFIX_PATH}:/opt/ros/humble /usr/bin/cmake --install /home/cwx/demo01_ws/build/topic_cpp
