[0.029s] Invoking command in '/home/cwx/demo01_ws/src/build/topic_cpp': CMAKE_PREFIX_PATH=${CMAKE_PREFIX_PATH}:/opt/ros/humble /usr/bin/cmake /home/cwx/demo01_ws/src/topic_cpp -DCMAKE_INSTALL_PREFIX=/home/cwx/demo01_ws/src/install/topic_cpp
[0.182s] -- The C compiler identification is GNU 11.4.0
[0.332s] -- The CXX compiler identification is GNU 11.4.0
[0.360s] -- Detecting C compiler ABI info
[0.535s] -- Detecting C compiler ABI info - done
[0.552s] -- Check for working C compiler: /usr/bin/cc - skipped
[0.557s] -- Detecting C compile features
[0.557s] -- Detecting C compile features - done
[0.559s] -- Detecting CXX compiler ABI info
[0.801s] -- Detecting CXX compiler ABI info - done
[0.817s] -- Check for working CXX compiler: /usr/bin/c++ - skipped
[0.817s] -- Detecting CXX compile features
[0.820s] -- Detecting CXX compile features - done
[0.826s] -- Found ament_cmake: 1.3.11 (/opt/ros/humble/share/ament_cmake/cmake)
[1.199s] -- Found Python3: /usr/bin/python3 (found version "3.10.12") found components: Interpreter 
[1.414s] -- Found rclcpp: 16.0.12 (/opt/ros/humble/share/rclcpp/cmake)
[1.486s] -- Found rosidl_generator_c: 3.1.6 (/opt/ros/humble/share/rosidl_generator_c/cmake)
[1.497s] -- Found rosidl_adapter: 3.1.6 (/opt/ros/humble/share/rosidl_adapter/cmake)
[1.513s] -- Found rosidl_generator_cpp: 3.1.6 (/opt/ros/humble/share/rosidl_generator_cpp/cmake)
[1.535s] -- Using all available rosidl_typesupport_c: rosidl_typesupport_fastrtps_c;rosidl_typesupport_introspection_c
[1.566s] -- Using all available rosidl_typesupport_cpp: rosidl_typesupport_fastrtps_cpp;rosidl_typesupport_introspection_cpp
[1.654s] -- Found rmw_implementation_cmake: 6.1.2 (/opt/ros/humble/share/rmw_implementation_cmake/cmake)
[1.656s] -- Found rmw_fastrtps_cpp: 6.2.7 (/opt/ros/humble/share/rmw_fastrtps_cpp/cmake)
[1.900s] -- Found OpenSSL: /usr/lib/x86_64-linux-gnu/libcrypto.so (found version "3.0.2")  
[1.959s] -- Found FastRTPS: /opt/ros/humble/include  
[2.047s] -- Using RMW implementation 'rmw_fastrtps_cpp' as default
[2.066s] -- Looking for pthread.h
[2.282s] -- Looking for pthread.h - found
[2.285s] -- Performing Test CMAKE_HAVE_LIBC_PTHREAD
[2.522s] -- Performing Test CMAKE_HAVE_LIBC_PTHREAD - Success
[2.523s] -- Found Threads: TRUE  
[2.632s] -- Found ament_lint_auto: 0.12.12 (/opt/ros/humble/share/ament_lint_auto/cmake)
[2.804s] -- Added test 'lint_cmake' to check CMake code style
[2.810s] -- Added test 'xmllint' to check XML markup files
[2.810s] -- Configuring done
[2.820s] -- Generating done
[2.829s] -- Build files have been written to: /home/cwx/demo01_ws/src/build/topic_cpp
[2.842s] Invoked command in '/home/cwx/demo01_ws/src/build/topic_cpp' returned '0': CMAKE_PREFIX_PATH=${CMAKE_PREFIX_PATH}:/opt/ros/humble /usr/bin/cmake /home/cwx/demo01_ws/src/topic_cpp -DCMAKE_INSTALL_PREFIX=/home/cwx/demo01_ws/src/install/topic_cpp
[2.848s] Invoking command in '/home/cwx/demo01_ws/src/build/topic_cpp': CMAKE_PREFIX_PATH=${CMAKE_PREFIX_PATH}:/opt/ros/humble /usr/bin/cmake --build /home/cwx/demo01_ws/src/build/topic_cpp -- -j8 -l8
[2.993s] Invoked command in '/home/cwx/demo01_ws/src/build/topic_cpp' returned '0': CMAKE_PREFIX_PATH=${CMAKE_PREFIX_PATH}:/opt/ros/humble /usr/bin/cmake --build /home/cwx/demo01_ws/src/build/topic_cpp -- -j8 -l8
[3.022s] Invoking command in '/home/cwx/demo01_ws/src/build/topic_cpp': CMAKE_PREFIX_PATH=${CMAKE_PREFIX_PATH}:/opt/ros/humble /usr/bin/cmake --install /home/cwx/demo01_ws/src/build/topic_cpp
[3.049s] -- Install configuration: ""
[3.049s] -- Installing: /home/cwx/demo01_ws/src/install/topic_cpp/share/ament_index/resource_index/package_run_dependencies/topic_cpp
[3.049s] -- Installing: /home/cwx/demo01_ws/src/install/topic_cpp/share/ament_index/resource_index/parent_prefix_path/topic_cpp
[3.049s] -- Installing: /home/cwx/demo01_ws/src/install/topic_cpp/share/topic_cpp/environment/ament_prefix_path.sh
[3.050s] -- Installing: /home/cwx/demo01_ws/src/install/topic_cpp/share/topic_cpp/environment/ament_prefix_path.dsv
[3.050s] -- Installing: /home/cwx/demo01_ws/src/install/topic_cpp/share/topic_cpp/environment/path.sh
[3.050s] -- Installing: /home/cwx/demo01_ws/src/install/topic_cpp/share/topic_cpp/environment/path.dsv
[3.050s] -- Installing: /home/cwx/demo01_ws/src/install/topic_cpp/share/topic_cpp/local_setup.bash
[3.050s] -- Installing: /home/cwx/demo01_ws/src/install/topic_cpp/share/topic_cpp/local_setup.sh
[3.050s] -- Installing: /home/cwx/demo01_ws/src/install/topic_cpp/share/topic_cpp/local_setup.zsh
[3.051s] -- Installing: /home/cwx/demo01_ws/src/install/topic_cpp/share/topic_cpp/local_setup.dsv
[3.051s] -- Installing: /home/cwx/demo01_ws/src/install/topic_cpp/share/topic_cpp/package.dsv
[3.052s] -- Installing: /home/cwx/demo01_ws/src/install/topic_cpp/share/ament_index/resource_index/packages/topic_cpp
[3.052s] -- Installing: /home/cwx/demo01_ws/src/install/topic_cpp/share/topic_cpp/cmake/topic_cppConfig.cmake
[3.052s] -- Installing: /home/cwx/demo01_ws/src/install/topic_cpp/share/topic_cpp/cmake/topic_cppConfig-version.cmake
[3.052s] -- Installing: /home/cwx/demo01_ws/src/install/topic_cpp/share/topic_cpp/package.xml
[3.055s] Invoked command in '/home/cwx/demo01_ws/src/build/topic_cpp' returned '0': CMAKE_PREFIX_PATH=${CMAKE_PREFIX_PATH}:/opt/ros/humble /usr/bin/cmake --install /home/cwx/demo01_ws/src/build/topic_cpp
