[0.029s] Invoking command in '/home/cwx/demo01_ws/build/topic_cpp': CMAKE_PREFIX_PATH=/opt/ros/humble /usr/bin/cmake --build /home/cwx/demo01_ws/build/topic_cpp -- -j8 -l8
[0.083s] -- Found ament_cmake: 1.3.11 (/opt/ros/humble/share/ament_cmake/cmake)
[0.377s] -- Found rclcpp: 16.0.12 (/opt/ros/humble/share/rclcpp/cmake)
[0.429s] -- Found rosidl_generator_c: 3.1.6 (/opt/ros/humble/share/rosidl_generator_c/cmake)
[0.432s] -- Found rosidl_adapter: 3.1.6 (/opt/ros/humble/share/rosidl_adapter/cmake)
[0.443s] -- Found rosidl_generator_cpp: 3.1.6 (/opt/ros/humble/share/rosidl_generator_cpp/cmake)
[0.459s] -- Using all available rosidl_typesupport_c: rosidl_typesupport_fastrtps_c;rosidl_typesupport_introspection_c
[0.481s] -- Using all available rosidl_typesupport_cpp: rosidl_typesupport_fastrtps_cpp;rosidl_typesupport_introspection_cpp
[0.536s] -- Found rmw_implementation_cmake: 6.1.2 (/opt/ros/humble/share/rmw_implementation_cmake/cmake)
[0.536s] -- Found rmw_fastrtps_cpp: 6.2.7 (/opt/ros/humble/share/rmw_fastrtps_cpp/cmake)
[0.700s] -- Using RMW implementation 'rmw_fastrtps_cpp' as default
[0.778s] -- Found turtlesim: 1.4.2 (/opt/ros/humble/share/turtlesim/cmake)
[0.840s] -- Found geometry_msgs: 4.9.0 (/opt/ros/humble/share/geometry_msgs/cmake)
[0.880s] -- Found base_interfaces_demo: 0.0.0 (/home/cwx/demo01_ws/install/base_interfaces_demo/share/base_interfaces_demo/cmake)
[0.912s] -- Found ament_lint_auto: 0.12.12 (/opt/ros/humble/share/ament_lint_auto/cmake)
[1.071s] -- Added test 'cppcheck' to perform static code analysis on C / C++ code
[1.071s] -- Configured cppcheck include dirs: 
[1.071s] -- Configured cppcheck exclude dirs and/or files: 
[1.074s] -- Added test 'lint_cmake' to check CMake code style
[1.076s] -- Added test 'uncrustify' to check C / C++ code style
[1.076s] -- Configured uncrustify additional arguments: 
[1.077s] -- Added test 'xmllint' to check XML markup files
[1.081s] -- Configuring done
[1.156s] -- Generating done
[1.172s] -- Build files have been written to: /home/cwx/demo01_ws/build/topic_cpp
[1.244s] [35m[1mConsolidate compiler generated dependencies of target turtle_server[0m
[1.244s] [35m[1mConsolidate compiler generated dependencies of target topic_publisher[0m
[1.252s] [35m[1mConsolidate compiler generated dependencies of target topic_subscriber[0m
[1.262s] [35m[1mConsolidate compiler generated dependencies of target turtle_client[0m
[1.271s] [ 10%] [32mBuilding CXX object CMakeFiles/turtle_chase.dir/src/turtle_chase.cpp.o[0m
[1.342s] [ 20%] [32mBuilding CXX object CMakeFiles/turtle_client.dir/src/turtle_client.cpp.o[0m
[1.343s] [ 30%] [32mBuilding CXX object CMakeFiles/turtle_server.dir/src/turtle_server.cpp.o[0m
[1.345s] [ 40%] [32mBuilding CXX object CMakeFiles/topic_subscriber.dir/src/topic_subscriber.cpp.o[0m
[1.352s] [ 60%] Built target topic_publisher
[14.151s] [ 70%] [32m[1mLinking CXX executable turtle_client[0m
[14.751s] [ 70%] Built target turtle_client
[24.357s] [ 80%] [32m[1mLinking CXX executable topic_subscriber[0m
[24.540s] [ 90%] [32m[1mLinking CXX executable turtle_chase[0m
[25.034s] [ 90%] Built target topic_subscriber
[25.254s] [100%] [32m[1mLinking CXX executable turtle_server[0m
[25.335s] [100%] Built target turtle_chase
[25.969s] [100%] Built target turtle_server
[25.994s] Invoked command in '/home/cwx/demo01_ws/build/topic_cpp' returned '0': CMAKE_PREFIX_PATH=/opt/ros/humble /usr/bin/cmake --build /home/cwx/demo01_ws/build/topic_cpp -- -j8 -l8
[25.999s] Invoking command in '/home/cwx/demo01_ws/build/topic_cpp': CMAKE_PREFIX_PATH=/opt/ros/humble /usr/bin/cmake --install /home/cwx/demo01_ws/build/topic_cpp
[26.013s] -- Install configuration: ""
[26.019s] -- Up-to-date: /home/cwx/demo01_ws/install/topic_cpp/lib/topic_cpp/topic_publisher
[26.021s] -- Installing: /home/cwx/demo01_ws/install/topic_cpp/lib/topic_cpp/topic_subscriber
[26.027s] -- Set runtime path of "/home/cwx/demo01_ws/install/topic_cpp/lib/topic_cpp/topic_subscriber" to ""
[26.032s] -- Installing: /home/cwx/demo01_ws/install/topic_cpp/lib/topic_cpp/turtle_server
[26.039s] -- Set runtime path of "/home/cwx/demo01_ws/install/topic_cpp/lib/topic_cpp/turtle_server" to ""
[26.046s] -- Installing: /home/cwx/demo01_ws/install/topic_cpp/lib/topic_cpp/turtle_client
[26.048s] -- Set runtime path of "/home/cwx/demo01_ws/install/topic_cpp/lib/topic_cpp/turtle_client" to ""
[26.049s] -- Up-to-date: /home/cwx/demo01_ws/install/topic_cpp/share/ament_index/resource_index/package_run_dependencies/topic_cpp
[26.049s] -- Installing: /home/cwx/demo01_ws/install/topic_cpp/share/ament_index/resource_index/parent_prefix_path/topic_cpp
[26.049s] -- Up-to-date: /home/cwx/demo01_ws/install/topic_cpp/share/topic_cpp/environment/ament_prefix_path.sh
[26.049s] -- Installing: /home/cwx/demo01_ws/install/topic_cpp/share/topic_cpp/environment/ament_prefix_path.dsv
[26.049s] -- Up-to-date: /home/cwx/demo01_ws/install/topic_cpp/share/topic_cpp/environment/path.sh
[26.050s] -- Installing: /home/cwx/demo01_ws/install/topic_cpp/share/topic_cpp/environment/path.dsv
[26.050s] -- Up-to-date: /home/cwx/demo01_ws/install/topic_cpp/share/topic_cpp/local_setup.bash
[26.050s] -- Up-to-date: /home/cwx/demo01_ws/install/topic_cpp/share/topic_cpp/local_setup.sh
[26.050s] -- Up-to-date: /home/cwx/demo01_ws/install/topic_cpp/share/topic_cpp/local_setup.zsh
[26.050s] -- Installing: /home/cwx/demo01_ws/install/topic_cpp/share/topic_cpp/local_setup.dsv
[26.051s] -- Installing: /home/cwx/demo01_ws/install/topic_cpp/share/topic_cpp/package.dsv
[26.051s] -- Up-to-date: /home/cwx/demo01_ws/install/topic_cpp/share/ament_index/resource_index/packages/topic_cpp
[26.051s] -- Up-to-date: /home/cwx/demo01_ws/install/topic_cpp/share/topic_cpp/cmake/topic_cppConfig.cmake
[26.051s] -- Up-to-date: /home/cwx/demo01_ws/install/topic_cpp/share/topic_cpp/cmake/topic_cppConfig-version.cmake
[26.051s] -- Up-to-date: /home/cwx/demo01_ws/install/topic_cpp/share/topic_cpp/package.xml
[26.056s] Invoked command in '/home/cwx/demo01_ws/build/topic_cpp' returned '0': CMAKE_PREFIX_PATH=/opt/ros/humble /usr/bin/cmake --install /home/cwx/demo01_ws/build/topic_cpp
