[0.031s] Invoking command in '/home/cwx/demo01_ws/build/base_interfaces_demo': CMAKE_PREFIX_PATH=/opt/ros/humble /usr/bin/cmake /home/cwx/demo01_ws/src/base_interfaces_demo -DCMAKE_INSTALL_PREFIX=/home/cwx/demo01_ws/install/base_interfaces_demo
[0.064s] -- Found ament_cmake: 1.3.11 (/opt/ros/humble/share/ament_cmake/cmake)
[0.372s] -- Found rclcpp: 16.0.12 (/opt/ros/humble/share/rclcpp/cmake)
[0.419s] -- Found rosidl_generator_c: 3.1.6 (/opt/ros/humble/share/rosidl_generator_c/cmake)
[0.423s] -- Found rosidl_adapter: 3.1.6 (/opt/ros/humble/share/rosidl_adapter/cmake)
[0.432s] -- Found rosidl_generator_cpp: 3.1.6 (/opt/ros/humble/share/rosidl_generator_cpp/cmake)
[0.451s] -- Using all available rosidl_typesupport_c: rosidl_typesupport_fastrtps_c;rosidl_typesupport_introspection_c
[0.472s] -- Using all available rosidl_typesupport_cpp: rosidl_typesupport_fastrtps_cpp;rosidl_typesupport_introspection_cpp
[0.527s] -- Found rmw_implementation_cmake: 6.1.2 (/opt/ros/humble/share/rmw_implementation_cmake/cmake)
[0.529s] -- Found rmw_fastrtps_cpp: 6.2.7 (/opt/ros/humble/share/rmw_fastrtps_cpp/cmake)
[0.700s] -- Using RMW implementation 'rmw_fastrtps_cpp' as default
[0.777s] -- Found rosidl_default_generators: 1.2.0 (/opt/ros/humble/share/rosidl_default_generators/cmake)
[0.786s] -- Found turtlesim: 1.4.2 (/opt/ros/humble/share/turtlesim/cmake)
[1.172s] [31mCMake Error at /opt/ros/humble/share/rosidl_adapter/cmake/rosidl_adapt_interfaces.cmake:59 (message):
[1.172s]   execute_process(/usr/bin/python3 -m rosidl_adapter --package-name
[1.172s]   base_interfaces_demo --arguments-file
[1.172s]   /home/cwx/demo01_ws/build/base_interfaces_demo/rosidl_adapter__arguments__base_interfaces_demo.json
[1.172s]   --output-dir
[1.173s]   /home/cwx/demo01_ws/build/base_interfaces_demo/rosidl_adapter/base_interfaces_demo
[1.173s]   --output-file
[1.173s]   /home/cwx/demo01_ws/build/base_interfaces_demo/rosidl_adapter/base_interfaces_demo.idls)
[1.173s]   returned error code 1:
[1.173s] 
[1.173s]   Traceback (most recent call last):
[1.173s] 
[1.173s]     File "/usr/lib/python3.10/runpy.py", line 196, in _run_module_as_main
[1.174s]       return _run_code(code, main_globals, None,
[1.174s]     File "/usr/lib/python3.10/runpy.py", line 86, in _run_code
[1.174s]       exec(code, run_globals)
[1.174s]     File "/opt/ros/humble/local/lib/python3.10/dist-packages/rosidl_adapter/__main__.py", line 19, in <module>
[1.174s]       sys.exit(main())
[1.174s]     File "/opt/ros/humble/local/lib/python3.10/dist-packages/rosidl_adapter/main.py", line 53, in main
[1.174s]       abs_idl_file = convert_to_idl(
[1.174s]     File "/opt/ros/humble/local/lib/python3.10/dist-packages/rosidl_adapter/__init__.py", line 24, in convert_to_idl
[1.175s]       return convert_srv_to_idl(
[1.175s]     File "/opt/ros/humble/local/lib/python3.10/dist-packages/rosidl_adapter/srv/__init__.py", line 28, in convert_srv_to_idl
[1.175s]       srv = parse_service_string(package_name, input_file.stem, content)
[1.175s]     File "/opt/ros/humble/local/lib/python3.10/dist-packages/rosidl_adapter/parser.py", line 859, in parse_service_string
[1.175s]       request_message = parse_message_string(
[1.176s]     File "/opt/ros/humble/local/lib/python3.10/dist-packages/rosidl_adapter/parser.py", line 544, in parse_message_string
[1.176s]       msg = MessageSpecification(pkg_name, msg_name, fields, constants)
[1.176s]     File "/opt/ros/humble/local/lib/python3.10/dist-packages/rosidl_adapter/parser.py", line 388, in __init__
[1.176s]       self.base_type = BaseType(
[1.176s]     File "/opt/ros/humble/local/lib/python3.10/dist-packages/rosidl_adapter/parser.py", line 205, in __init__
[1.176s]       raise InvalidResourceName(
[1.176s] 
[1.177s]   rosidl_adapter.parser.InvalidResourceName: 'position_Request' is an invalid
[1.177s]   message name.  It should have the pattern '^[A-Z][A-Za-z0-9]*$'
[1.177s] 
[1.177s] Call Stack (most recent call first):
[1.177s]   /opt/ros/humble/share/rosidl_cmake/cmake/rosidl_generate_interfaces.cmake:130 (rosidl_adapt_interfaces)
[1.177s]   CMakeLists.txt:19 (rosidl_generate_interfaces)
[1.177s] 
[1.177s] [0m
[1.177s] -- Configuring incomplete, errors occurred!
[1.178s] See also "/home/cwx/demo01_ws/build/base_interfaces_demo/CMakeFiles/CMakeOutput.log".
[1.191s] Invoked command in '/home/cwx/demo01_ws/build/base_interfaces_demo' returned '1': CMAKE_PREFIX_PATH=/opt/ros/humble /usr/bin/cmake /home/cwx/demo01_ws/src/base_interfaces_demo -DCMAKE_INSTALL_PREFIX=/home/cwx/demo01_ws/install/base_interfaces_demo
