-- Found ament_cmake: 1.3.11 (/opt/ros/humble/share/ament_cmake/cmake)
-- Found rclcpp: 16.0.12 (/opt/ros/humble/share/rclcpp/cmake)
-- Found rosidl_generator_c: 3.1.6 (/opt/ros/humble/share/rosidl_generator_c/cmake)
-- Found rosidl_adapter: 3.1.6 (/opt/ros/humble/share/rosidl_adapter/cmake)
-- Found rosidl_generator_cpp: 3.1.6 (/opt/ros/humble/share/rosidl_generator_cpp/cmake)
-- Using all available rosidl_typesupport_c: rosidl_typesupport_fastrtps_c;rosidl_typesupport_introspection_c
-- Using all available rosidl_typesupport_cpp: rosidl_typesupport_fastrtps_cpp;rosidl_typesupport_introspection_cpp
-- Found rmw_implementation_cmake: 6.1.2 (/opt/ros/humble/share/rmw_implementation_cmake/cmake)
-- Found rmw_fastrtps_cpp: 6.2.7 (/opt/ros/humble/share/rmw_fastrtps_cpp/cmake)
-- Using RMW implementation 'rmw_fastrtps_cpp' as default
-- Found rosidl_default_generators: 1.2.0 (/opt/ros/humble/share/rosidl_default_generators/cmake)
-- Found turtlesim: 1.4.2 (/opt/ros/humble/share/turtlesim/cmake)
-- Found ament_cmake_ros: 0.10.0 (/opt/ros/humble/share/ament_cmake_ros/cmake)
-- Using all available rosidl_typesupport_c: rosidl_typesupport_fastrtps_c;rosidl_typesupport_introspection_c
-- Using all available rosidl_typesupport_cpp: rosidl_typesupport_fastrtps_cpp;rosidl_typesupport_introspection_cpp
-- Found PythonInterp: /usr/bin/python3 (found suitable version "3.10.12", minimum required is "3.6") 
-- Found python_cmake_module: 0.10.0 (/opt/ros/humble/share/python_cmake_module/cmake)
-- Found PythonLibs: /usr/lib/x86_64-linux-gnu/libpython3.10.so (found suitable version "3.10.12", minimum required is "3.5") 
-- Using PYTHON_EXECUTABLE: /usr/bin/python3
-- Using PYTHON_INCLUDE_DIRS: /usr/include/python3.10
-- Using PYTHON_LIBRARIES: /usr/lib/x86_64-linux-gnu/libpython3.10.so
-- Found PythonExtra: .so  
-- Found ament_lint_auto: 0.12.12 (/opt/ros/humble/share/ament_lint_auto/cmake)
-- Added test 'lint_cmake' to check CMake code style
-- Added test 'xmllint' to check XML markup files
-- Configuring done
-- Generating done
-- Build files have been written to: /home/cwx/demo01_ws/build/base_interfaces_demo
[  3%] [34m[1mGenerating C code for ROS interfaces[0m
[  6%] [34m[1mGenerating C++ code for ROS interfaces[0m
[  6%] Built target ament_cmake_python_copy_base_interfaces_demo
running egg_info
creating base_interfaces_demo.egg-info
writing base_interfaces_demo.egg-info/PKG-INFO
writing dependency_links to base_interfaces_demo.egg-info/dependency_links.txt
writing top-level names to base_interfaces_demo.egg-info/top_level.txt
writing manifest file 'base_interfaces_demo.egg-info/SOURCES.txt'
reading manifest file 'base_interfaces_demo.egg-info/SOURCES.txt'
writing manifest file 'base_interfaces_demo.egg-info/SOURCES.txt'
[  6%] Built target base_interfaces_demo__cpp
[  9%] [32mBuilding C object CMakeFiles/base_interfaces_demo__rosidl_generator_c.dir/rosidl_generator_c/base_interfaces_demo/srv/detail/position__functions.c.o[0m
[  9%] Built target ament_cmake_python_build_base_interfaces_demo_egg
[ 16%] [34m[1mGenerating C++ type support dispatch for ROS interfaces[0m
[ 16%] [34m[1mGenerating C++ type support for eProsima Fast-RTPS[0m
[ 19%] [34m[1mGenerating C++ introspection for ROS interfaces[0m
[ 22%] [32m[1mLinking C shared library libbase_interfaces_demo__rosidl_generator_c.so[0m
[ 22%] Built target base_interfaces_demo__rosidl_generator_c
[ 25%] [34m[1mGenerating C type support for eProsima Fast-RTPS[0m
[ 29%] [34m[1mGenerating C introspection for ROS interfaces[0m
[ 32%] [34m[1mGenerating C type support dispatch for ROS interfaces[0m
[ 35%] [32mBuilding CXX object CMakeFiles/base_interfaces_demo__rosidl_typesupport_cpp.dir/rosidl_typesupport_cpp/base_interfaces_demo/srv/position__type_support.cpp.o[0m
[ 38%] [32mBuilding CXX object CMakeFiles/base_interfaces_demo__rosidl_typesupport_introspection_cpp.dir/rosidl_typesupport_introspection_cpp/base_interfaces_demo/srv/detail/position__type_support.cpp.o[0m
[ 41%] [32mBuilding CXX object CMakeFiles/base_interfaces_demo__rosidl_typesupport_fastrtps_cpp.dir/rosidl_typesupport_fastrtps_cpp/base_interfaces_demo/srv/detail/dds_fastrtps/position__type_support.cpp.o[0m
[ 45%] [32mBuilding CXX object CMakeFiles/base_interfaces_demo__rosidl_typesupport_c.dir/rosidl_typesupport_c/base_interfaces_demo/srv/position__type_support.cpp.o[0m
[ 48%] [32mBuilding CXX object CMakeFiles/base_interfaces_demo__rosidl_typesupport_fastrtps_c.dir/rosidl_typesupport_fastrtps_c/base_interfaces_demo/srv/detail/position__type_support_c.cpp.o[0m
[ 51%] [32mBuilding C object CMakeFiles/base_interfaces_demo__rosidl_typesupport_introspection_c.dir/rosidl_typesupport_introspection_c/base_interfaces_demo/srv/detail/position__type_support.c.o[0m
[ 54%] [32m[1mLinking CXX shared library libbase_interfaces_demo__rosidl_typesupport_c.so[0m
[ 58%] [32m[1mLinking C shared library libbase_interfaces_demo__rosidl_typesupport_introspection_c.so[0m
[ 58%] Built target base_interfaces_demo__rosidl_typesupport_c
[ 58%] Built target base_interfaces_demo__rosidl_typesupport_introspection_c
[ 61%] [32m[1mLinking CXX shared library libbase_interfaces_demo__rosidl_typesupport_cpp.so[0m
[ 61%] Built target base_interfaces_demo__rosidl_typesupport_cpp
[ 64%] [32m[1mLinking CXX shared library libbase_interfaces_demo__rosidl_typesupport_fastrtps_c.so[0m
[ 67%] [32m[1mLinking CXX shared library libbase_interfaces_demo__rosidl_typesupport_fastrtps_cpp.so[0m
[ 70%] [32m[1mLinking CXX shared library libbase_interfaces_demo__rosidl_typesupport_introspection_cpp.so[0m
[ 70%] Built target base_interfaces_demo__rosidl_typesupport_introspection_cpp
[ 70%] Built target base_interfaces_demo__rosidl_typesupport_fastrtps_cpp
[ 70%] Built target base_interfaces_demo__rosidl_typesupport_fastrtps_c
[ 70%] Built target base_interfaces_demo
[ 74%] [34m[1mGenerating Python code for ROS interfaces[0m
[ 74%] Built target base_interfaces_demo__py
[ 77%] [32mBuilding C object CMakeFiles/base_interfaces_demo__rosidl_generator_py.dir/rosidl_generator_py/base_interfaces_demo/srv/_position_s.c.o[0m
[ 80%] [32m[1mLinking C shared library rosidl_generator_py/base_interfaces_demo/libbase_interfaces_demo__rosidl_generator_py.so[0m
[ 80%] Built target base_interfaces_demo__rosidl_generator_py
[ 83%] [32mBuilding C object CMakeFiles/base_interfaces_demo__rosidl_typesupport_fastrtps_c__pyext.dir/rosidl_generator_py/base_interfaces_demo/_base_interfaces_demo_s.ep.rosidl_typesupport_fastrtps_c.c.o[0m
[ 87%] [32mBuilding C object CMakeFiles/base_interfaces_demo__rosidl_typesupport_c__pyext.dir/rosidl_generator_py/base_interfaces_demo/_base_interfaces_demo_s.ep.rosidl_typesupport_c.c.o[0m
[ 90%] [32mBuilding C object CMakeFiles/base_interfaces_demo__rosidl_typesupport_introspection_c__pyext.dir/rosidl_generator_py/base_interfaces_demo/_base_interfaces_demo_s.ep.rosidl_typesupport_introspection_c.c.o[0m
[ 96%] [32m[1mLinking C shared library rosidl_generator_py/base_interfaces_demo/base_interfaces_demo_s__rosidl_typesupport_c.cpython-310-x86_64-linux-gnu.so[0m
[ 96%] [32m[1mLinking C shared library rosidl_generator_py/base_interfaces_demo/base_interfaces_demo_s__rosidl_typesupport_introspection_c.cpython-310-x86_64-linux-gnu.so[0m
[100%] [32m[1mLinking C shared library rosidl_generator_py/base_interfaces_demo/base_interfaces_demo_s__rosidl_typesupport_fastrtps_c.cpython-310-x86_64-linux-gnu.so[0m
[100%] Built target base_interfaces_demo__rosidl_typesupport_c__pyext
[100%] Built target base_interfaces_demo__rosidl_typesupport_fastrtps_c__pyext
[100%] Built target base_interfaces_demo__rosidl_typesupport_introspection_c__pyext
-- Install configuration: ""
-- Installing: /home/cwx/demo01_ws/install/base_interfaces_demo/share/ament_index/resource_index/rosidl_interfaces/base_interfaces_demo
-- Installing: /home/cwx/demo01_ws/install/base_interfaces_demo/include/base_interfaces_demo/base_interfaces_demo
-- Installing: /home/cwx/demo01_ws/install/base_interfaces_demo/include/base_interfaces_demo/base_interfaces_demo/srv
-- Installing: /home/cwx/demo01_ws/install/base_interfaces_demo/include/base_interfaces_demo/base_interfaces_demo/srv/position.h
-- Installing: /home/cwx/demo01_ws/install/base_interfaces_demo/include/base_interfaces_demo/base_interfaces_demo/srv/detail
-- Installing: /home/cwx/demo01_ws/install/base_interfaces_demo/include/base_interfaces_demo/base_interfaces_demo/srv/detail/position__functions.c
-- Installing: /home/cwx/demo01_ws/install/base_interfaces_demo/include/base_interfaces_demo/base_interfaces_demo/srv/detail/position__functions.h
-- Installing: /home/cwx/demo01_ws/install/base_interfaces_demo/include/base_interfaces_demo/base_interfaces_demo/srv/detail/position__type_support.h
-- Installing: /home/cwx/demo01_ws/install/base_interfaces_demo/include/base_interfaces_demo/base_interfaces_demo/srv/detail/position__struct.h
-- Installing: /home/cwx/demo01_ws/install/base_interfaces_demo/include/base_interfaces_demo/base_interfaces_demo/msg
-- Installing: /home/cwx/demo01_ws/install/base_interfaces_demo/include/base_interfaces_demo/base_interfaces_demo/msg/rosidl_generator_c__visibility_control.h
-- Installing: /home/cwx/demo01_ws/install/base_interfaces_demo/share/base_interfaces_demo/environment/library_path.sh
-- Installing: /home/cwx/demo01_ws/install/base_interfaces_demo/share/base_interfaces_demo/environment/library_path.dsv
-- Installing: /home/cwx/demo01_ws/install/base_interfaces_demo/lib/libbase_interfaces_demo__rosidl_generator_c.so
-- Set runtime path of "/home/cwx/demo01_ws/install/base_interfaces_demo/lib/libbase_interfaces_demo__rosidl_generator_c.so" to ""
-- Up-to-date: /home/cwx/demo01_ws/install/base_interfaces_demo/include/base_interfaces_demo/base_interfaces_demo
-- Up-to-date: /home/cwx/demo01_ws/install/base_interfaces_demo/include/base_interfaces_demo/base_interfaces_demo/srv
-- Up-to-date: /home/cwx/demo01_ws/install/base_interfaces_demo/include/base_interfaces_demo/base_interfaces_demo/srv/detail
-- Installing: /home/cwx/demo01_ws/install/base_interfaces_demo/include/base_interfaces_demo/base_interfaces_demo/srv/detail/position__rosidl_typesupport_fastrtps_c.h
-- Up-to-date: /home/cwx/demo01_ws/install/base_interfaces_demo/include/base_interfaces_demo/base_interfaces_demo/msg
-- Installing: /home/cwx/demo01_ws/install/base_interfaces_demo/include/base_interfaces_demo/base_interfaces_demo/msg/rosidl_typesupport_fastrtps_c__visibility_control.h
-- Installing: /home/cwx/demo01_ws/install/base_interfaces_demo/lib/libbase_interfaces_demo__rosidl_typesupport_fastrtps_c.so
-- Set runtime path of "/home/cwx/demo01_ws/install/base_interfaces_demo/lib/libbase_interfaces_demo__rosidl_typesupport_fastrtps_c.so" to ""
-- Up-to-date: /home/cwx/demo01_ws/install/base_interfaces_demo/include/base_interfaces_demo/base_interfaces_demo
-- Up-to-date: /home/cwx/demo01_ws/install/base_interfaces_demo/include/base_interfaces_demo/base_interfaces_demo/srv
-- Up-to-date: /home/cwx/demo01_ws/install/base_interfaces_demo/include/base_interfaces_demo/base_interfaces_demo/srv/detail
-- Installing: /home/cwx/demo01_ws/install/base_interfaces_demo/include/base_interfaces_demo/base_interfaces_demo/srv/detail/position__struct.hpp
-- Installing: /home/cwx/demo01_ws/install/base_interfaces_demo/include/base_interfaces_demo/base_interfaces_demo/srv/detail/position__type_support.hpp
-- Installing: /home/cwx/demo01_ws/install/base_interfaces_demo/include/base_interfaces_demo/base_interfaces_demo/srv/detail/position__traits.hpp
-- Installing: /home/cwx/demo01_ws/install/base_interfaces_demo/include/base_interfaces_demo/base_interfaces_demo/srv/detail/position__builder.hpp
-- Installing: /home/cwx/demo01_ws/install/base_interfaces_demo/include/base_interfaces_demo/base_interfaces_demo/srv/position.hpp
-- Up-to-date: /home/cwx/demo01_ws/install/base_interfaces_demo/include/base_interfaces_demo/base_interfaces_demo/msg
-- Installing: /home/cwx/demo01_ws/install/base_interfaces_demo/include/base_interfaces_demo/base_interfaces_demo/msg/rosidl_generator_cpp__visibility_control.hpp
-- Up-to-date: /home/cwx/demo01_ws/install/base_interfaces_demo/include/base_interfaces_demo/base_interfaces_demo
-- Up-to-date: /home/cwx/demo01_ws/install/base_interfaces_demo/include/base_interfaces_demo/base_interfaces_demo/srv
-- Up-to-date: /home/cwx/demo01_ws/install/base_interfaces_demo/include/base_interfaces_demo/base_interfaces_demo/srv/detail
-- Installing: /home/cwx/demo01_ws/install/base_interfaces_demo/include/base_interfaces_demo/base_interfaces_demo/srv/detail/position__rosidl_typesupport_fastrtps_cpp.hpp
-- Installing: /home/cwx/demo01_ws/install/base_interfaces_demo/include/base_interfaces_demo/base_interfaces_demo/srv/detail/dds_fastrtps
-- Up-to-date: /home/cwx/demo01_ws/install/base_interfaces_demo/include/base_interfaces_demo/base_interfaces_demo/msg
-- Installing: /home/cwx/demo01_ws/install/base_interfaces_demo/include/base_interfaces_demo/base_interfaces_demo/msg/rosidl_typesupport_fastrtps_cpp__visibility_control.h
-- Installing: /home/cwx/demo01_ws/install/base_interfaces_demo/lib/libbase_interfaces_demo__rosidl_typesupport_fastrtps_cpp.so
-- Set runtime path of "/home/cwx/demo01_ws/install/base_interfaces_demo/lib/libbase_interfaces_demo__rosidl_typesupport_fastrtps_cpp.so" to ""
-- Up-to-date: /home/cwx/demo01_ws/install/base_interfaces_demo/include/base_interfaces_demo/base_interfaces_demo
-- Up-to-date: /home/cwx/demo01_ws/install/base_interfaces_demo/include/base_interfaces_demo/base_interfaces_demo/srv
-- Up-to-date: /home/cwx/demo01_ws/install/base_interfaces_demo/include/base_interfaces_demo/base_interfaces_demo/srv/detail
-- Installing: /home/cwx/demo01_ws/install/base_interfaces_demo/include/base_interfaces_demo/base_interfaces_demo/srv/detail/position__rosidl_typesupport_introspection_c.h
-- Installing: /home/cwx/demo01_ws/install/base_interfaces_demo/include/base_interfaces_demo/base_interfaces_demo/srv/detail/position__type_support.c
-- Up-to-date: /home/cwx/demo01_ws/install/base_interfaces_demo/include/base_interfaces_demo/base_interfaces_demo/msg
-- Installing: /home/cwx/demo01_ws/install/base_interfaces_demo/include/base_interfaces_demo/base_interfaces_demo/msg/rosidl_typesupport_introspection_c__visibility_control.h
-- Installing: /home/cwx/demo01_ws/install/base_interfaces_demo/lib/libbase_interfaces_demo__rosidl_typesupport_introspection_c.so
-- Set runtime path of "/home/cwx/demo01_ws/install/base_interfaces_demo/lib/libbase_interfaces_demo__rosidl_typesupport_introspection_c.so" to ""
-- Installing: /home/cwx/demo01_ws/install/base_interfaces_demo/lib/libbase_interfaces_demo__rosidl_typesupport_c.so
-- Set runtime path of "/home/cwx/demo01_ws/install/base_interfaces_demo/lib/libbase_interfaces_demo__rosidl_typesupport_c.so" to ""
-- Up-to-date: /home/cwx/demo01_ws/install/base_interfaces_demo/include/base_interfaces_demo/base_interfaces_demo
-- Up-to-date: /home/cwx/demo01_ws/install/base_interfaces_demo/include/base_interfaces_demo/base_interfaces_demo/srv
-- Up-to-date: /home/cwx/demo01_ws/install/base_interfaces_demo/include/base_interfaces_demo/base_interfaces_demo/srv/detail
-- Installing: /home/cwx/demo01_ws/install/base_interfaces_demo/include/base_interfaces_demo/base_interfaces_demo/srv/detail/position__type_support.cpp
-- Installing: /home/cwx/demo01_ws/install/base_interfaces_demo/include/base_interfaces_demo/base_interfaces_demo/srv/detail/position__rosidl_typesupport_introspection_cpp.hpp
-- Installing: /home/cwx/demo01_ws/install/base_interfaces_demo/lib/libbase_interfaces_demo__rosidl_typesupport_introspection_cpp.so
-- Set runtime path of "/home/cwx/demo01_ws/install/base_interfaces_demo/lib/libbase_interfaces_demo__rosidl_typesupport_introspection_cpp.so" to ""
-- Installing: /home/cwx/demo01_ws/install/base_interfaces_demo/lib/libbase_interfaces_demo__rosidl_typesupport_cpp.so
-- Set runtime path of "/home/cwx/demo01_ws/install/base_interfaces_demo/lib/libbase_interfaces_demo__rosidl_typesupport_cpp.so" to ""
-- Installing: /home/cwx/demo01_ws/install/base_interfaces_demo/share/base_interfaces_demo/environment/pythonpath.sh
-- Installing: /home/cwx/demo01_ws/install/base_interfaces_demo/share/base_interfaces_demo/environment/pythonpath.dsv
-- Installing: /home/cwx/demo01_ws/install/base_interfaces_demo/local/lib/python3.10/dist-packages/base_interfaces_demo-0.0.0-py3.10.egg-info
-- Installing: /home/cwx/demo01_ws/install/base_interfaces_demo/local/lib/python3.10/dist-packages/base_interfaces_demo-0.0.0-py3.10.egg-info/SOURCES.txt
-- Installing: /home/cwx/demo01_ws/install/base_interfaces_demo/local/lib/python3.10/dist-packages/base_interfaces_demo-0.0.0-py3.10.egg-info/top_level.txt
-- Installing: /home/cwx/demo01_ws/install/base_interfaces_demo/local/lib/python3.10/dist-packages/base_interfaces_demo-0.0.0-py3.10.egg-info/PKG-INFO
-- Installing: /home/cwx/demo01_ws/install/base_interfaces_demo/local/lib/python3.10/dist-packages/base_interfaces_demo-0.0.0-py3.10.egg-info/dependency_links.txt
-- Installing: /home/cwx/demo01_ws/install/base_interfaces_demo/local/lib/python3.10/dist-packages/base_interfaces_demo
-- Installing: /home/cwx/demo01_ws/install/base_interfaces_demo/local/lib/python3.10/dist-packages/base_interfaces_demo/_base_interfaces_demo_s.ep.rosidl_typesupport_fastrtps_c.c
-- Installing: /home/cwx/demo01_ws/install/base_interfaces_demo/local/lib/python3.10/dist-packages/base_interfaces_demo/srv
-- Installing: /home/cwx/demo01_ws/install/base_interfaces_demo/local/lib/python3.10/dist-packages/base_interfaces_demo/srv/_position.py
-- Installing: /home/cwx/demo01_ws/install/base_interfaces_demo/local/lib/python3.10/dist-packages/base_interfaces_demo/srv/_position_s.c
-- Installing: /home/cwx/demo01_ws/install/base_interfaces_demo/local/lib/python3.10/dist-packages/base_interfaces_demo/srv/__init__.py
-- Installing: /home/cwx/demo01_ws/install/base_interfaces_demo/local/lib/python3.10/dist-packages/base_interfaces_demo/libbase_interfaces_demo__rosidl_generator_py.so
-- Installing: /home/cwx/demo01_ws/install/base_interfaces_demo/local/lib/python3.10/dist-packages/base_interfaces_demo/base_interfaces_demo_s__rosidl_typesupport_introspection_c.cpython-310-x86_64-linux-gnu.so
-- Installing: /home/cwx/demo01_ws/install/base_interfaces_demo/local/lib/python3.10/dist-packages/base_interfaces_demo/_base_interfaces_demo_s.ep.rosidl_typesupport_introspection_c.c
-- Installing: /home/cwx/demo01_ws/install/base_interfaces_demo/local/lib/python3.10/dist-packages/base_interfaces_demo/base_interfaces_demo_s__rosidl_typesupport_fastrtps_c.cpython-310-x86_64-linux-gnu.so
-- Installing: /home/cwx/demo01_ws/install/base_interfaces_demo/local/lib/python3.10/dist-packages/base_interfaces_demo/__init__.py
-- Installing: /home/cwx/demo01_ws/install/base_interfaces_demo/local/lib/python3.10/dist-packages/base_interfaces_demo/_base_interfaces_demo_s.ep.rosidl_typesupport_c.c
-- Installing: /home/cwx/demo01_ws/install/base_interfaces_demo/local/lib/python3.10/dist-packages/base_interfaces_demo/base_interfaces_demo_s__rosidl_typesupport_c.cpython-310-x86_64-linux-gnu.so
Listing '/home/cwx/demo01_ws/install/base_interfaces_demo/local/lib/python3.10/dist-packages/base_interfaces_demo'...
Compiling '/home/cwx/demo01_ws/install/base_interfaces_demo/local/lib/python3.10/dist-packages/base_interfaces_demo/__init__.py'...
Listing '/home/cwx/demo01_ws/install/base_interfaces_demo/local/lib/python3.10/dist-packages/base_interfaces_demo/srv'...
Compiling '/home/cwx/demo01_ws/install/base_interfaces_demo/local/lib/python3.10/dist-packages/base_interfaces_demo/srv/__init__.py'...
Compiling '/home/cwx/demo01_ws/install/base_interfaces_demo/local/lib/python3.10/dist-packages/base_interfaces_demo/srv/_position.py'...
-- Installing: /home/cwx/demo01_ws/install/base_interfaces_demo/local/lib/python3.10/dist-packages/base_interfaces_demo/base_interfaces_demo_s__rosidl_typesupport_fastrtps_c.cpython-310-x86_64-linux-gnu.so
-- Set runtime path of "/home/cwx/demo01_ws/install/base_interfaces_demo/local/lib/python3.10/dist-packages/base_interfaces_demo/base_interfaces_demo_s__rosidl_typesupport_fastrtps_c.cpython-310-x86_64-linux-gnu.so" to ""
-- Installing: /home/cwx/demo01_ws/install/base_interfaces_demo/local/lib/python3.10/dist-packages/base_interfaces_demo/base_interfaces_demo_s__rosidl_typesupport_introspection_c.cpython-310-x86_64-linux-gnu.so
-- Set runtime path of "/home/cwx/demo01_ws/install/base_interfaces_demo/local/lib/python3.10/dist-packages/base_interfaces_demo/base_interfaces_demo_s__rosidl_typesupport_introspection_c.cpython-310-x86_64-linux-gnu.so" to ""
-- Installing: /home/cwx/demo01_ws/install/base_interfaces_demo/local/lib/python3.10/dist-packages/base_interfaces_demo/base_interfaces_demo_s__rosidl_typesupport_c.cpython-310-x86_64-linux-gnu.so
-- Set runtime path of "/home/cwx/demo01_ws/install/base_interfaces_demo/local/lib/python3.10/dist-packages/base_interfaces_demo/base_interfaces_demo_s__rosidl_typesupport_c.cpython-310-x86_64-linux-gnu.so" to ""
-- Installing: /home/cwx/demo01_ws/install/base_interfaces_demo/lib/libbase_interfaces_demo__rosidl_generator_py.so
-- Set runtime path of "/home/cwx/demo01_ws/install/base_interfaces_demo/lib/libbase_interfaces_demo__rosidl_generator_py.so" to ""
-- Installing: /home/cwx/demo01_ws/install/base_interfaces_demo/share/base_interfaces_demo/srv/Position.idl
-- Installing: /home/cwx/demo01_ws/install/base_interfaces_demo/share/base_interfaces_demo/srv/Position.srv
-- Installing: /home/cwx/demo01_ws/install/base_interfaces_demo/share/base_interfaces_demo/srv/Position_Request.msg
-- Installing: /home/cwx/demo01_ws/install/base_interfaces_demo/share/base_interfaces_demo/srv/Position_Response.msg
-- Installing: /home/cwx/demo01_ws/install/base_interfaces_demo/share/ament_index/resource_index/package_run_dependencies/base_interfaces_demo
-- Installing: /home/cwx/demo01_ws/install/base_interfaces_demo/share/ament_index/resource_index/parent_prefix_path/base_interfaces_demo
-- Installing: /home/cwx/demo01_ws/install/base_interfaces_demo/share/base_interfaces_demo/environment/ament_prefix_path.sh
-- Installing: /home/cwx/demo01_ws/install/base_interfaces_demo/share/base_interfaces_demo/environment/ament_prefix_path.dsv
-- Installing: /home/cwx/demo01_ws/install/base_interfaces_demo/share/base_interfaces_demo/environment/path.sh
-- Installing: /home/cwx/demo01_ws/install/base_interfaces_demo/share/base_interfaces_demo/environment/path.dsv
-- Installing: /home/cwx/demo01_ws/install/base_interfaces_demo/share/base_interfaces_demo/local_setup.bash
-- Installing: /home/cwx/demo01_ws/install/base_interfaces_demo/share/base_interfaces_demo/local_setup.sh
-- Installing: /home/cwx/demo01_ws/install/base_interfaces_demo/share/base_interfaces_demo/local_setup.zsh
-- Installing: /home/cwx/demo01_ws/install/base_interfaces_demo/share/base_interfaces_demo/local_setup.dsv
-- Installing: /home/cwx/demo01_ws/install/base_interfaces_demo/share/base_interfaces_demo/package.dsv
-- Installing: /home/cwx/demo01_ws/install/base_interfaces_demo/share/ament_index/resource_index/packages/base_interfaces_demo
-- Installing: /home/cwx/demo01_ws/install/base_interfaces_demo/share/base_interfaces_demo/cmake/export_base_interfaces_demo__rosidl_generator_cExport.cmake
-- Installing: /home/cwx/demo01_ws/install/base_interfaces_demo/share/base_interfaces_demo/cmake/export_base_interfaces_demo__rosidl_generator_cExport-noconfig.cmake
-- Installing: /home/cwx/demo01_ws/install/base_interfaces_demo/share/base_interfaces_demo/cmake/export_base_interfaces_demo__rosidl_typesupport_fastrtps_cExport.cmake
-- Installing: /home/cwx/demo01_ws/install/base_interfaces_demo/share/base_interfaces_demo/cmake/export_base_interfaces_demo__rosidl_typesupport_fastrtps_cExport-noconfig.cmake
-- Installing: /home/cwx/demo01_ws/install/base_interfaces_demo/share/base_interfaces_demo/cmake/export_base_interfaces_demo__rosidl_generator_cppExport.cmake
-- Installing: /home/cwx/demo01_ws/install/base_interfaces_demo/share/base_interfaces_demo/cmake/export_base_interfaces_demo__rosidl_typesupport_fastrtps_cppExport.cmake
-- Installing: /home/cwx/demo01_ws/install/base_interfaces_demo/share/base_interfaces_demo/cmake/export_base_interfaces_demo__rosidl_typesupport_fastrtps_cppExport-noconfig.cmake
-- Installing: /home/cwx/demo01_ws/install/base_interfaces_demo/share/base_interfaces_demo/cmake/base_interfaces_demo__rosidl_typesupport_introspection_cExport.cmake
-- Installing: /home/cwx/demo01_ws/install/base_interfaces_demo/share/base_interfaces_demo/cmake/base_interfaces_demo__rosidl_typesupport_introspection_cExport-noconfig.cmake
-- Installing: /home/cwx/demo01_ws/install/base_interfaces_demo/share/base_interfaces_demo/cmake/base_interfaces_demo__rosidl_typesupport_cExport.cmake
-- Installing: /home/cwx/demo01_ws/install/base_interfaces_demo/share/base_interfaces_demo/cmake/base_interfaces_demo__rosidl_typesupport_cExport-noconfig.cmake
-- Installing: /home/cwx/demo01_ws/install/base_interfaces_demo/share/base_interfaces_demo/cmake/base_interfaces_demo__rosidl_typesupport_introspection_cppExport.cmake
-- Installing: /home/cwx/demo01_ws/install/base_interfaces_demo/share/base_interfaces_demo/cmake/base_interfaces_demo__rosidl_typesupport_introspection_cppExport-noconfig.cmake
-- Installing: /home/cwx/demo01_ws/install/base_interfaces_demo/share/base_interfaces_demo/cmake/base_interfaces_demo__rosidl_typesupport_cppExport.cmake
-- Installing: /home/cwx/demo01_ws/install/base_interfaces_demo/share/base_interfaces_demo/cmake/base_interfaces_demo__rosidl_typesupport_cppExport-noconfig.cmake
-- Installing: /home/cwx/demo01_ws/install/base_interfaces_demo/share/base_interfaces_demo/cmake/export_base_interfaces_demo__rosidl_generator_pyExport.cmake
-- Installing: /home/cwx/demo01_ws/install/base_interfaces_demo/share/base_interfaces_demo/cmake/export_base_interfaces_demo__rosidl_generator_pyExport-noconfig.cmake
-- Installing: /home/cwx/demo01_ws/install/base_interfaces_demo/share/base_interfaces_demo/cmake/rosidl_cmake-extras.cmake
-- Installing: /home/cwx/demo01_ws/install/base_interfaces_demo/share/base_interfaces_demo/cmake/ament_cmake_export_include_directories-extras.cmake
-- Installing: /home/cwx/demo01_ws/install/base_interfaces_demo/share/base_interfaces_demo/cmake/ament_cmake_export_libraries-extras.cmake
-- Installing: /home/cwx/demo01_ws/install/base_interfaces_demo/share/base_interfaces_demo/cmake/ament_cmake_export_targets-extras.cmake
-- Installing: /home/cwx/demo01_ws/install/base_interfaces_demo/share/base_interfaces_demo/cmake/rosidl_cmake_export_typesupport_targets-extras.cmake
-- Installing: /home/cwx/demo01_ws/install/base_interfaces_demo/share/base_interfaces_demo/cmake/ament_cmake_export_dependencies-extras.cmake
-- Installing: /home/cwx/demo01_ws/install/base_interfaces_demo/share/base_interfaces_demo/cmake/rosidl_cmake_export_typesupport_libraries-extras.cmake
-- Installing: /home/cwx/demo01_ws/install/base_interfaces_demo/share/base_interfaces_demo/cmake/base_interfaces_demoConfig.cmake
-- Installing: /home/cwx/demo01_ws/install/base_interfaces_demo/share/base_interfaces_demo/cmake/base_interfaces_demoConfig-version.cmake
-- Installing: /home/cwx/demo01_ws/install/base_interfaces_demo/share/base_interfaces_demo/package.xml
