[0.026s] Invoking command in '/home/cwx/demo01_ws/build/base_interfaces_demo': CMAKE_PREFIX_PATH=/opt/ros/humble /usr/bin/cmake /home/cwx/demo01_ws/src/base_interfaces_demo -DCMAKE_INSTALL_PREFIX=/home/cwx/demo01_ws/install/base_interfaces_demo
[0.047s] -- Found ament_cmake: 1.3.11 (/opt/ros/humble/share/ament_cmake/cmake)
[0.283s] -- Found rclcpp: 16.0.12 (/opt/ros/humble/share/rclcpp/cmake)
[0.328s] -- Found rosidl_generator_c: 3.1.6 (/opt/ros/humble/share/rosidl_generator_c/cmake)
[0.332s] -- Found rosidl_adapter: 3.1.6 (/opt/ros/humble/share/rosidl_adapter/cmake)
[0.344s] -- Found rosidl_generator_cpp: 3.1.6 (/opt/ros/humble/share/rosidl_generator_cpp/cmake)
[0.362s] -- Using all available rosidl_typesupport_c: rosidl_typesupport_fastrtps_c;rosidl_typesupport_introspection_c
[0.383s] -- Using all available rosidl_typesupport_cpp: rosidl_typesupport_fastrtps_cpp;rosidl_typesupport_introspection_cpp
[0.435s] -- Found rmw_implementation_cmake: 6.1.2 (/opt/ros/humble/share/rmw_implementation_cmake/cmake)
[0.438s] -- Found rmw_fastrtps_cpp: 6.2.7 (/opt/ros/humble/share/rmw_fastrtps_cpp/cmake)
[0.618s] -- Using RMW implementation 'rmw_fastrtps_cpp' as default
[0.708s] -- Found rosidl_default_generators: 1.2.0 (/opt/ros/humble/share/rosidl_default_generators/cmake)
[0.720s] -- Found turtlesim: 1.4.2 (/opt/ros/humble/share/turtlesim/cmake)
[1.283s] -- Found ament_cmake_ros: 0.10.0 (/opt/ros/humble/share/ament_cmake_ros/cmake)
[1.888s] -- Using all available rosidl_typesupport_c: rosidl_typesupport_fastrtps_c;rosidl_typesupport_introspection_c
[2.133s] -- Using all available rosidl_typesupport_cpp: rosidl_typesupport_fastrtps_cpp;rosidl_typesupport_introspection_cpp
[2.190s] -- Found PythonInterp: /usr/bin/python3 (found suitable version "3.10.12", minimum required is "3.6") 
[2.192s] -- Found python_cmake_module: 0.10.0 (/opt/ros/humble/share/python_cmake_module/cmake)
[2.231s] -- Found PythonLibs: /usr/lib/x86_64-linux-gnu/libpython3.10.so (found suitable version "3.10.12", minimum required is "3.5") 
[2.231s] -- Using PYTHON_EXECUTABLE: /usr/bin/python3
[2.231s] -- Using PYTHON_INCLUDE_DIRS: /usr/include/python3.10
[2.231s] -- Using PYTHON_LIBRARIES: /usr/lib/x86_64-linux-gnu/libpython3.10.so
[2.293s] -- Found PythonExtra: .so  
[2.371s] -- Found ament_lint_auto: 0.12.12 (/opt/ros/humble/share/ament_lint_auto/cmake)
[2.426s] -- Added test 'lint_cmake' to check CMake code style
[2.428s] -- Added test 'xmllint' to check XML markup files
[2.433s] -- Configuring done
[2.483s] -- Generating done
[2.498s] -- Build files have been written to: /home/cwx/demo01_ws/build/base_interfaces_demo
[2.517s] Invoked command in '/home/cwx/demo01_ws/build/base_interfaces_demo' returned '0': CMAKE_PREFIX_PATH=/opt/ros/humble /usr/bin/cmake /home/cwx/demo01_ws/src/base_interfaces_demo -DCMAKE_INSTALL_PREFIX=/home/cwx/demo01_ws/install/base_interfaces_demo
[2.520s] Invoking command in '/home/cwx/demo01_ws/build/base_interfaces_demo': CMAKE_PREFIX_PATH=/opt/ros/humble /usr/bin/cmake --build /home/cwx/demo01_ws/build/base_interfaces_demo -- -j8 -l8
[2.613s] [  3%] [34m[1mGenerating C code for ROS interfaces[0m
[2.649s] [  6%] [34m[1mGenerating C++ code for ROS interfaces[0m
[2.657s] [  6%] Built target ament_cmake_python_copy_base_interfaces_demo
[3.091s] running egg_info
[3.092s] creating base_interfaces_demo.egg-info
[3.094s] writing base_interfaces_demo.egg-info/PKG-INFO
[3.094s] writing dependency_links to base_interfaces_demo.egg-info/dependency_links.txt
[3.094s] writing top-level names to base_interfaces_demo.egg-info/top_level.txt
[3.094s] writing manifest file 'base_interfaces_demo.egg-info/SOURCES.txt'
[3.101s] reading manifest file 'base_interfaces_demo.egg-info/SOURCES.txt'
[3.102s] writing manifest file 'base_interfaces_demo.egg-info/SOURCES.txt'
[3.129s] [  6%] Built target base_interfaces_demo__cpp
[3.139s] [  9%] [32mBuilding C object CMakeFiles/base_interfaces_demo__rosidl_generator_c.dir/rosidl_generator_c/base_interfaces_demo/srv/detail/position__functions.c.o[0m
[3.148s] [  9%] Built target ament_cmake_python_build_base_interfaces_demo_egg
[3.153s] [ 16%] [34m[1mGenerating C++ type support dispatch for ROS interfaces[0m
[3.153s] [ 16%] [34m[1mGenerating C++ type support for eProsima Fast-RTPS[0m
[3.157s] [ 19%] [34m[1mGenerating C++ introspection for ROS interfaces[0m
[3.283s] [ 22%] [32m[1mLinking C shared library libbase_interfaces_demo__rosidl_generator_c.so[0m
[3.363s] [ 22%] Built target base_interfaces_demo__rosidl_generator_c
[3.390s] [ 25%] [34m[1mGenerating C type support for eProsima Fast-RTPS[0m
[3.390s] [ 29%] [34m[1mGenerating C introspection for ROS interfaces[0m
[3.390s] [ 32%] [34m[1mGenerating C type support dispatch for ROS interfaces[0m
[3.566s] [ 35%] [32mBuilding CXX object CMakeFiles/base_interfaces_demo__rosidl_typesupport_cpp.dir/rosidl_typesupport_cpp/base_interfaces_demo/srv/position__type_support.cpp.o[0m
[3.591s] [ 38%] [32mBuilding CXX object CMakeFiles/base_interfaces_demo__rosidl_typesupport_introspection_cpp.dir/rosidl_typesupport_introspection_cpp/base_interfaces_demo/srv/detail/position__type_support.cpp.o[0m
[3.612s] [ 41%] [32mBuilding CXX object CMakeFiles/base_interfaces_demo__rosidl_typesupport_fastrtps_cpp.dir/rosidl_typesupport_fastrtps_cpp/base_interfaces_demo/srv/detail/dds_fastrtps/position__type_support.cpp.o[0m
[3.796s] [ 45%] [32mBuilding CXX object CMakeFiles/base_interfaces_demo__rosidl_typesupport_c.dir/rosidl_typesupport_c/base_interfaces_demo/srv/position__type_support.cpp.o[0m
[3.864s] [ 48%] [32mBuilding CXX object CMakeFiles/base_interfaces_demo__rosidl_typesupport_fastrtps_c.dir/rosidl_typesupport_fastrtps_c/base_interfaces_demo/srv/detail/position__type_support_c.cpp.o[0m
[3.872s] [ 51%] [32mBuilding C object CMakeFiles/base_interfaces_demo__rosidl_typesupport_introspection_c.dir/rosidl_typesupport_introspection_c/base_interfaces_demo/srv/detail/position__type_support.c.o[0m
[3.957s] [ 54%] [32m[1mLinking CXX shared library libbase_interfaces_demo__rosidl_typesupport_c.so[0m
[4.008s] [ 58%] [32m[1mLinking C shared library libbase_interfaces_demo__rosidl_typesupport_introspection_c.so[0m
[4.054s] [ 58%] Built target base_interfaces_demo__rosidl_typesupport_c
[4.097s] [ 58%] Built target base_interfaces_demo__rosidl_typesupport_introspection_c
[4.711s] [ 61%] [32m[1mLinking CXX shared library libbase_interfaces_demo__rosidl_typesupport_cpp.so[0m
[4.815s] [ 61%] Built target base_interfaces_demo__rosidl_typesupport_cpp
[5.048s] [ 64%] [32m[1mLinking CXX shared library libbase_interfaces_demo__rosidl_typesupport_fastrtps_c.so[0m
[5.055s] [ 67%] [32m[1mLinking CXX shared library libbase_interfaces_demo__rosidl_typesupport_fastrtps_cpp.so[0m
[5.065s] [ 70%] [32m[1mLinking CXX shared library libbase_interfaces_demo__rosidl_typesupport_introspection_cpp.so[0m
[5.162s] [ 70%] Built target base_interfaces_demo__rosidl_typesupport_introspection_cpp
[5.207s] [ 70%] Built target base_interfaces_demo__rosidl_typesupport_fastrtps_cpp
[5.208s] [ 70%] Built target base_interfaces_demo__rosidl_typesupport_fastrtps_c
[5.258s] [ 70%] Built target base_interfaces_demo
[5.314s] [ 74%] [34m[1mGenerating Python code for ROS interfaces[0m
[5.954s] [ 74%] Built target base_interfaces_demo__py
[6.005s] [ 77%] [32mBuilding C object CMakeFiles/base_interfaces_demo__rosidl_generator_py.dir/rosidl_generator_py/base_interfaces_demo/srv/_position_s.c.o[0m
[6.244s] [ 80%] [32m[1mLinking C shared library rosidl_generator_py/base_interfaces_demo/libbase_interfaces_demo__rosidl_generator_py.so[0m
[6.338s] [ 80%] Built target base_interfaces_demo__rosidl_generator_py
[6.390s] [ 83%] [32mBuilding C object CMakeFiles/base_interfaces_demo__rosidl_typesupport_fastrtps_c__pyext.dir/rosidl_generator_py/base_interfaces_demo/_base_interfaces_demo_s.ep.rosidl_typesupport_fastrtps_c.c.o[0m
[6.390s] [ 87%] [32mBuilding C object CMakeFiles/base_interfaces_demo__rosidl_typesupport_c__pyext.dir/rosidl_generator_py/base_interfaces_demo/_base_interfaces_demo_s.ep.rosidl_typesupport_c.c.o[0m
[6.390s] [ 90%] [32mBuilding C object CMakeFiles/base_interfaces_demo__rosidl_typesupport_introspection_c__pyext.dir/rosidl_generator_py/base_interfaces_demo/_base_interfaces_demo_s.ep.rosidl_typesupport_introspection_c.c.o[0m
[6.569s] [ 96%] [32m[1mLinking C shared library rosidl_generator_py/base_interfaces_demo/base_interfaces_demo_s__rosidl_typesupport_c.cpython-310-x86_64-linux-gnu.so[0m
[6.569s] [ 96%] [32m[1mLinking C shared library rosidl_generator_py/base_interfaces_demo/base_interfaces_demo_s__rosidl_typesupport_introspection_c.cpython-310-x86_64-linux-gnu.so[0m
[6.569s] [100%] [32m[1mLinking C shared library rosidl_generator_py/base_interfaces_demo/base_interfaces_demo_s__rosidl_typesupport_fastrtps_c.cpython-310-x86_64-linux-gnu.so[0m
[6.644s] [100%] Built target base_interfaces_demo__rosidl_typesupport_c__pyext
[6.644s] [100%] Built target base_interfaces_demo__rosidl_typesupport_fastrtps_c__pyext
[6.645s] [100%] Built target base_interfaces_demo__rosidl_typesupport_introspection_c__pyext
[6.673s] Invoked command in '/home/cwx/demo01_ws/build/base_interfaces_demo' returned '0': CMAKE_PREFIX_PATH=/opt/ros/humble /usr/bin/cmake --build /home/cwx/demo01_ws/build/base_interfaces_demo -- -j8 -l8
[6.694s] Invoking command in '/home/cwx/demo01_ws/build/base_interfaces_demo': CMAKE_PREFIX_PATH=/opt/ros/humble /usr/bin/cmake --install /home/cwx/demo01_ws/build/base_interfaces_demo
[6.712s] -- Install configuration: ""
[6.713s] -- Installing: /home/cwx/demo01_ws/install/base_interfaces_demo/share/ament_index/resource_index/rosidl_interfaces/base_interfaces_demo
[6.713s] -- Installing: /home/cwx/demo01_ws/install/base_interfaces_demo/include/base_interfaces_demo/base_interfaces_demo
[6.713s] -- Installing: /home/cwx/demo01_ws/install/base_interfaces_demo/include/base_interfaces_demo/base_interfaces_demo/srv
[6.713s] -- Installing: /home/cwx/demo01_ws/install/base_interfaces_demo/include/base_interfaces_demo/base_interfaces_demo/srv/position.h
[6.714s] -- Installing: /home/cwx/demo01_ws/install/base_interfaces_demo/include/base_interfaces_demo/base_interfaces_demo/srv/detail
[6.714s] -- Installing: /home/cwx/demo01_ws/install/base_interfaces_demo/include/base_interfaces_demo/base_interfaces_demo/srv/detail/position__functions.c
[6.714s] -- Installing: /home/cwx/demo01_ws/install/base_interfaces_demo/include/base_interfaces_demo/base_interfaces_demo/srv/detail/position__functions.h
[6.714s] -- Installing: /home/cwx/demo01_ws/install/base_interfaces_demo/include/base_interfaces_demo/base_interfaces_demo/srv/detail/position__type_support.h
[6.714s] -- Installing: /home/cwx/demo01_ws/install/base_interfaces_demo/include/base_interfaces_demo/base_interfaces_demo/srv/detail/position__struct.h
[6.714s] -- Installing: /home/cwx/demo01_ws/install/base_interfaces_demo/include/base_interfaces_demo/base_interfaces_demo/msg
[6.714s] -- Installing: /home/cwx/demo01_ws/install/base_interfaces_demo/include/base_interfaces_demo/base_interfaces_demo/msg/rosidl_generator_c__visibility_control.h
[6.715s] -- Installing: /home/cwx/demo01_ws/install/base_interfaces_demo/share/base_interfaces_demo/environment/library_path.sh
[6.715s] -- Installing: /home/cwx/demo01_ws/install/base_interfaces_demo/share/base_interfaces_demo/environment/library_path.dsv
[6.715s] -- Installing: /home/cwx/demo01_ws/install/base_interfaces_demo/lib/libbase_interfaces_demo__rosidl_generator_c.so
[6.716s] -- Set runtime path of "/home/cwx/demo01_ws/install/base_interfaces_demo/lib/libbase_interfaces_demo__rosidl_generator_c.so" to ""
[6.716s] -- Up-to-date: /home/cwx/demo01_ws/install/base_interfaces_demo/include/base_interfaces_demo/base_interfaces_demo
[6.716s] -- Up-to-date: /home/cwx/demo01_ws/install/base_interfaces_demo/include/base_interfaces_demo/base_interfaces_demo/srv
[6.716s] -- Up-to-date: /home/cwx/demo01_ws/install/base_interfaces_demo/include/base_interfaces_demo/base_interfaces_demo/srv/detail
[6.716s] -- Installing: /home/cwx/demo01_ws/install/base_interfaces_demo/include/base_interfaces_demo/base_interfaces_demo/srv/detail/position__rosidl_typesupport_fastrtps_c.h
[6.716s] -- Up-to-date: /home/cwx/demo01_ws/install/base_interfaces_demo/include/base_interfaces_demo/base_interfaces_demo/msg
[6.717s] -- Installing: /home/cwx/demo01_ws/install/base_interfaces_demo/include/base_interfaces_demo/base_interfaces_demo/msg/rosidl_typesupport_fastrtps_c__visibility_control.h
[6.717s] -- Installing: /home/cwx/demo01_ws/install/base_interfaces_demo/lib/libbase_interfaces_demo__rosidl_typesupport_fastrtps_c.so
[6.717s] -- Set runtime path of "/home/cwx/demo01_ws/install/base_interfaces_demo/lib/libbase_interfaces_demo__rosidl_typesupport_fastrtps_c.so" to ""
[6.717s] -- Up-to-date: /home/cwx/demo01_ws/install/base_interfaces_demo/include/base_interfaces_demo/base_interfaces_demo
[6.717s] -- Up-to-date: /home/cwx/demo01_ws/install/base_interfaces_demo/include/base_interfaces_demo/base_interfaces_demo/srv
[6.717s] -- Up-to-date: /home/cwx/demo01_ws/install/base_interfaces_demo/include/base_interfaces_demo/base_interfaces_demo/srv/detail
[6.718s] -- Installing: /home/cwx/demo01_ws/install/base_interfaces_demo/include/base_interfaces_demo/base_interfaces_demo/srv/detail/position__struct.hpp
[6.718s] -- Installing: /home/cwx/demo01_ws/install/base_interfaces_demo/include/base_interfaces_demo/base_interfaces_demo/srv/detail/position__type_support.hpp
[6.718s] -- Installing: /home/cwx/demo01_ws/install/base_interfaces_demo/include/base_interfaces_demo/base_interfaces_demo/srv/detail/position__traits.hpp
[6.718s] -- Installing: /home/cwx/demo01_ws/install/base_interfaces_demo/include/base_interfaces_demo/base_interfaces_demo/srv/detail/position__builder.hpp
[6.718s] -- Installing: /home/cwx/demo01_ws/install/base_interfaces_demo/include/base_interfaces_demo/base_interfaces_demo/srv/position.hpp
[6.718s] -- Up-to-date: /home/cwx/demo01_ws/install/base_interfaces_demo/include/base_interfaces_demo/base_interfaces_demo/msg
[6.719s] -- Installing: /home/cwx/demo01_ws/install/base_interfaces_demo/include/base_interfaces_demo/base_interfaces_demo/msg/rosidl_generator_cpp__visibility_control.hpp
[6.719s] -- Up-to-date: /home/cwx/demo01_ws/install/base_interfaces_demo/include/base_interfaces_demo/base_interfaces_demo
[6.719s] -- Up-to-date: /home/cwx/demo01_ws/install/base_interfaces_demo/include/base_interfaces_demo/base_interfaces_demo/srv
[6.719s] -- Up-to-date: /home/cwx/demo01_ws/install/base_interfaces_demo/include/base_interfaces_demo/base_interfaces_demo/srv/detail
[6.719s] -- Installing: /home/cwx/demo01_ws/install/base_interfaces_demo/include/base_interfaces_demo/base_interfaces_demo/srv/detail/position__rosidl_typesupport_fastrtps_cpp.hpp
[6.720s] -- Installing: /home/cwx/demo01_ws/install/base_interfaces_demo/include/base_interfaces_demo/base_interfaces_demo/srv/detail/dds_fastrtps
[6.720s] -- Up-to-date: /home/cwx/demo01_ws/install/base_interfaces_demo/include/base_interfaces_demo/base_interfaces_demo/msg
[6.720s] -- Installing: /home/cwx/demo01_ws/install/base_interfaces_demo/include/base_interfaces_demo/base_interfaces_demo/msg/rosidl_typesupport_fastrtps_cpp__visibility_control.h
[6.720s] -- Installing: /home/cwx/demo01_ws/install/base_interfaces_demo/lib/libbase_interfaces_demo__rosidl_typesupport_fastrtps_cpp.so
[6.720s] -- Set runtime path of "/home/cwx/demo01_ws/install/base_interfaces_demo/lib/libbase_interfaces_demo__rosidl_typesupport_fastrtps_cpp.so" to ""
[6.721s] -- Up-to-date: /home/cwx/demo01_ws/install/base_interfaces_demo/include/base_interfaces_demo/base_interfaces_demo
[6.721s] -- Up-to-date: /home/cwx/demo01_ws/install/base_interfaces_demo/include/base_interfaces_demo/base_interfaces_demo/srv
[6.721s] -- Up-to-date: /home/cwx/demo01_ws/install/base_interfaces_demo/include/base_interfaces_demo/base_interfaces_demo/srv/detail
[6.721s] -- Installing: /home/cwx/demo01_ws/install/base_interfaces_demo/include/base_interfaces_demo/base_interfaces_demo/srv/detail/position__rosidl_typesupport_introspection_c.h
[6.722s] -- Installing: /home/cwx/demo01_ws/install/base_interfaces_demo/include/base_interfaces_demo/base_interfaces_demo/srv/detail/position__type_support.c
[6.722s] -- Up-to-date: /home/cwx/demo01_ws/install/base_interfaces_demo/include/base_interfaces_demo/base_interfaces_demo/msg
[6.722s] -- Installing: /home/cwx/demo01_ws/install/base_interfaces_demo/include/base_interfaces_demo/base_interfaces_demo/msg/rosidl_typesupport_introspection_c__visibility_control.h
[6.722s] -- Installing: /home/cwx/demo01_ws/install/base_interfaces_demo/lib/libbase_interfaces_demo__rosidl_typesupport_introspection_c.so
[6.722s] -- Set runtime path of "/home/cwx/demo01_ws/install/base_interfaces_demo/lib/libbase_interfaces_demo__rosidl_typesupport_introspection_c.so" to ""
[6.722s] -- Installing: /home/cwx/demo01_ws/install/base_interfaces_demo/lib/libbase_interfaces_demo__rosidl_typesupport_c.so
[6.723s] -- Set runtime path of "/home/cwx/demo01_ws/install/base_interfaces_demo/lib/libbase_interfaces_demo__rosidl_typesupport_c.so" to ""
[6.723s] -- Up-to-date: /home/cwx/demo01_ws/install/base_interfaces_demo/include/base_interfaces_demo/base_interfaces_demo
[6.723s] -- Up-to-date: /home/cwx/demo01_ws/install/base_interfaces_demo/include/base_interfaces_demo/base_interfaces_demo/srv
[6.723s] -- Up-to-date: /home/cwx/demo01_ws/install/base_interfaces_demo/include/base_interfaces_demo/base_interfaces_demo/srv/detail
[6.724s] -- Installing: /home/cwx/demo01_ws/install/base_interfaces_demo/include/base_interfaces_demo/base_interfaces_demo/srv/detail/position__type_support.cpp
[6.724s] -- Installing: /home/cwx/demo01_ws/install/base_interfaces_demo/include/base_interfaces_demo/base_interfaces_demo/srv/detail/position__rosidl_typesupport_introspection_cpp.hpp
[6.724s] -- Installing: /home/cwx/demo01_ws/install/base_interfaces_demo/lib/libbase_interfaces_demo__rosidl_typesupport_introspection_cpp.so
[6.725s] -- Set runtime path of "/home/cwx/demo01_ws/install/base_interfaces_demo/lib/libbase_interfaces_demo__rosidl_typesupport_introspection_cpp.so" to ""
[6.725s] -- Installing: /home/cwx/demo01_ws/install/base_interfaces_demo/lib/libbase_interfaces_demo__rosidl_typesupport_cpp.so
[6.725s] -- Set runtime path of "/home/cwx/demo01_ws/install/base_interfaces_demo/lib/libbase_interfaces_demo__rosidl_typesupport_cpp.so" to ""
[6.725s] -- Installing: /home/cwx/demo01_ws/install/base_interfaces_demo/share/base_interfaces_demo/environment/pythonpath.sh
[6.726s] -- Installing: /home/cwx/demo01_ws/install/base_interfaces_demo/share/base_interfaces_demo/environment/pythonpath.dsv
[6.727s] -- Installing: /home/cwx/demo01_ws/install/base_interfaces_demo/local/lib/python3.10/dist-packages/base_interfaces_demo-0.0.0-py3.10.egg-info
[6.727s] -- Installing: /home/cwx/demo01_ws/install/base_interfaces_demo/local/lib/python3.10/dist-packages/base_interfaces_demo-0.0.0-py3.10.egg-info/SOURCES.txt
[6.727s] -- Installing: /home/cwx/demo01_ws/install/base_interfaces_demo/local/lib/python3.10/dist-packages/base_interfaces_demo-0.0.0-py3.10.egg-info/top_level.txt
[6.727s] -- Installing: /home/cwx/demo01_ws/install/base_interfaces_demo/local/lib/python3.10/dist-packages/base_interfaces_demo-0.0.0-py3.10.egg-info/PKG-INFO
[6.727s] -- Installing: /home/cwx/demo01_ws/install/base_interfaces_demo/local/lib/python3.10/dist-packages/base_interfaces_demo-0.0.0-py3.10.egg-info/dependency_links.txt
[6.727s] -- Installing: /home/cwx/demo01_ws/install/base_interfaces_demo/local/lib/python3.10/dist-packages/base_interfaces_demo
[6.727s] -- Installing: /home/cwx/demo01_ws/install/base_interfaces_demo/local/lib/python3.10/dist-packages/base_interfaces_demo/_base_interfaces_demo_s.ep.rosidl_typesupport_fastrtps_c.c
[6.728s] -- Installing: /home/cwx/demo01_ws/install/base_interfaces_demo/local/lib/python3.10/dist-packages/base_interfaces_demo/srv
[6.728s] -- Installing: /home/cwx/demo01_ws/install/base_interfaces_demo/local/lib/python3.10/dist-packages/base_interfaces_demo/srv/_position.py
[6.728s] -- Installing: /home/cwx/demo01_ws/install/base_interfaces_demo/local/lib/python3.10/dist-packages/base_interfaces_demo/srv/_position_s.c
[6.728s] -- Installing: /home/cwx/demo01_ws/install/base_interfaces_demo/local/lib/python3.10/dist-packages/base_interfaces_demo/srv/__init__.py
[6.729s] -- Installing: /home/cwx/demo01_ws/install/base_interfaces_demo/local/lib/python3.10/dist-packages/base_interfaces_demo/libbase_interfaces_demo__rosidl_generator_py.so
[6.729s] -- Installing: /home/cwx/demo01_ws/install/base_interfaces_demo/local/lib/python3.10/dist-packages/base_interfaces_demo/base_interfaces_demo_s__rosidl_typesupport_introspection_c.cpython-310-x86_64-linux-gnu.so
[6.729s] -- Installing: /home/cwx/demo01_ws/install/base_interfaces_demo/local/lib/python3.10/dist-packages/base_interfaces_demo/_base_interfaces_demo_s.ep.rosidl_typesupport_introspection_c.c
[6.729s] -- Installing: /home/cwx/demo01_ws/install/base_interfaces_demo/local/lib/python3.10/dist-packages/base_interfaces_demo/base_interfaces_demo_s__rosidl_typesupport_fastrtps_c.cpython-310-x86_64-linux-gnu.so
[6.730s] -- Installing: /home/cwx/demo01_ws/install/base_interfaces_demo/local/lib/python3.10/dist-packages/base_interfaces_demo/__init__.py
[6.730s] -- Installing: /home/cwx/demo01_ws/install/base_interfaces_demo/local/lib/python3.10/dist-packages/base_interfaces_demo/_base_interfaces_demo_s.ep.rosidl_typesupport_c.c
[6.730s] -- Installing: /home/cwx/demo01_ws/install/base_interfaces_demo/local/lib/python3.10/dist-packages/base_interfaces_demo/base_interfaces_demo_s__rosidl_typesupport_c.cpython-310-x86_64-linux-gnu.so
[6.790s] Listing '/home/cwx/demo01_ws/install/base_interfaces_demo/local/lib/python3.10/dist-packages/base_interfaces_demo'...
[6.790s] Compiling '/home/cwx/demo01_ws/install/base_interfaces_demo/local/lib/python3.10/dist-packages/base_interfaces_demo/__init__.py'...
[6.790s] Listing '/home/cwx/demo01_ws/install/base_interfaces_demo/local/lib/python3.10/dist-packages/base_interfaces_demo/srv'...
[6.790s] Compiling '/home/cwx/demo01_ws/install/base_interfaces_demo/local/lib/python3.10/dist-packages/base_interfaces_demo/srv/__init__.py'...
[6.791s] Compiling '/home/cwx/demo01_ws/install/base_interfaces_demo/local/lib/python3.10/dist-packages/base_interfaces_demo/srv/_position.py'...
[6.800s] -- Installing: /home/cwx/demo01_ws/install/base_interfaces_demo/local/lib/python3.10/dist-packages/base_interfaces_demo/base_interfaces_demo_s__rosidl_typesupport_fastrtps_c.cpython-310-x86_64-linux-gnu.so
[6.800s] -- Set runtime path of "/home/cwx/demo01_ws/install/base_interfaces_demo/local/lib/python3.10/dist-packages/base_interfaces_demo/base_interfaces_demo_s__rosidl_typesupport_fastrtps_c.cpython-310-x86_64-linux-gnu.so" to ""
[6.800s] -- Installing: /home/cwx/demo01_ws/install/base_interfaces_demo/local/lib/python3.10/dist-packages/base_interfaces_demo/base_interfaces_demo_s__rosidl_typesupport_introspection_c.cpython-310-x86_64-linux-gnu.so
[6.801s] -- Set runtime path of "/home/cwx/demo01_ws/install/base_interfaces_demo/local/lib/python3.10/dist-packages/base_interfaces_demo/base_interfaces_demo_s__rosidl_typesupport_introspection_c.cpython-310-x86_64-linux-gnu.so" to ""
[6.801s] -- Installing: /home/cwx/demo01_ws/install/base_interfaces_demo/local/lib/python3.10/dist-packages/base_interfaces_demo/base_interfaces_demo_s__rosidl_typesupport_c.cpython-310-x86_64-linux-gnu.so
[6.802s] -- Set runtime path of "/home/cwx/demo01_ws/install/base_interfaces_demo/local/lib/python3.10/dist-packages/base_interfaces_demo/base_interfaces_demo_s__rosidl_typesupport_c.cpython-310-x86_64-linux-gnu.so" to ""
[6.802s] -- Installing: /home/cwx/demo01_ws/install/base_interfaces_demo/lib/libbase_interfaces_demo__rosidl_generator_py.so
[6.803s] -- Set runtime path of "/home/cwx/demo01_ws/install/base_interfaces_demo/lib/libbase_interfaces_demo__rosidl_generator_py.so" to ""
[6.803s] -- Installing: /home/cwx/demo01_ws/install/base_interfaces_demo/share/base_interfaces_demo/srv/Position.idl
[6.803s] -- Installing: /home/cwx/demo01_ws/install/base_interfaces_demo/share/base_interfaces_demo/srv/Position.srv
[6.803s] -- Installing: /home/cwx/demo01_ws/install/base_interfaces_demo/share/base_interfaces_demo/srv/Position_Request.msg
[6.804s] -- Installing: /home/cwx/demo01_ws/install/base_interfaces_demo/share/base_interfaces_demo/srv/Position_Response.msg
[6.804s] -- Installing: /home/cwx/demo01_ws/install/base_interfaces_demo/share/ament_index/resource_index/package_run_dependencies/base_interfaces_demo
[6.805s] -- Installing: /home/cwx/demo01_ws/install/base_interfaces_demo/share/ament_index/resource_index/parent_prefix_path/base_interfaces_demo
[6.805s] -- Installing: /home/cwx/demo01_ws/install/base_interfaces_demo/share/base_interfaces_demo/environment/ament_prefix_path.sh
[6.805s] -- Installing: /home/cwx/demo01_ws/install/base_interfaces_demo/share/base_interfaces_demo/environment/ament_prefix_path.dsv
[6.805s] -- Installing: /home/cwx/demo01_ws/install/base_interfaces_demo/share/base_interfaces_demo/environment/path.sh
[6.806s] -- Installing: /home/cwx/demo01_ws/install/base_interfaces_demo/share/base_interfaces_demo/environment/path.dsv
[6.806s] -- Installing: /home/cwx/demo01_ws/install/base_interfaces_demo/share/base_interfaces_demo/local_setup.bash
[6.807s] -- Installing: /home/cwx/demo01_ws/install/base_interfaces_demo/share/base_interfaces_demo/local_setup.sh
[6.807s] -- Installing: /home/cwx/demo01_ws/install/base_interfaces_demo/share/base_interfaces_demo/local_setup.zsh
[6.808s] -- Installing: /home/cwx/demo01_ws/install/base_interfaces_demo/share/base_interfaces_demo/local_setup.dsv
[6.808s] -- Installing: /home/cwx/demo01_ws/install/base_interfaces_demo/share/base_interfaces_demo/package.dsv
[6.809s] -- Installing: /home/cwx/demo01_ws/install/base_interfaces_demo/share/ament_index/resource_index/packages/base_interfaces_demo
[6.809s] -- Installing: /home/cwx/demo01_ws/install/base_interfaces_demo/share/base_interfaces_demo/cmake/export_base_interfaces_demo__rosidl_generator_cExport.cmake
[6.809s] -- Installing: /home/cwx/demo01_ws/install/base_interfaces_demo/share/base_interfaces_demo/cmake/export_base_interfaces_demo__rosidl_generator_cExport-noconfig.cmake
[6.810s] -- Installing: /home/cwx/demo01_ws/install/base_interfaces_demo/share/base_interfaces_demo/cmake/export_base_interfaces_demo__rosidl_typesupport_fastrtps_cExport.cmake
[6.810s] -- Installing: /home/cwx/demo01_ws/install/base_interfaces_demo/share/base_interfaces_demo/cmake/export_base_interfaces_demo__rosidl_typesupport_fastrtps_cExport-noconfig.cmake
[6.810s] -- Installing: /home/cwx/demo01_ws/install/base_interfaces_demo/share/base_interfaces_demo/cmake/export_base_interfaces_demo__rosidl_generator_cppExport.cmake
[6.811s] -- Installing: /home/cwx/demo01_ws/install/base_interfaces_demo/share/base_interfaces_demo/cmake/export_base_interfaces_demo__rosidl_typesupport_fastrtps_cppExport.cmake
[6.811s] -- Installing: /home/cwx/demo01_ws/install/base_interfaces_demo/share/base_interfaces_demo/cmake/export_base_interfaces_demo__rosidl_typesupport_fastrtps_cppExport-noconfig.cmake
[6.812s] -- Installing: /home/cwx/demo01_ws/install/base_interfaces_demo/share/base_interfaces_demo/cmake/base_interfaces_demo__rosidl_typesupport_introspection_cExport.cmake
[6.813s] -- Installing: /home/cwx/demo01_ws/install/base_interfaces_demo/share/base_interfaces_demo/cmake/base_interfaces_demo__rosidl_typesupport_introspection_cExport-noconfig.cmake
[6.813s] -- Installing: /home/cwx/demo01_ws/install/base_interfaces_demo/share/base_interfaces_demo/cmake/base_interfaces_demo__rosidl_typesupport_cExport.cmake
[6.813s] -- Installing: /home/cwx/demo01_ws/install/base_interfaces_demo/share/base_interfaces_demo/cmake/base_interfaces_demo__rosidl_typesupport_cExport-noconfig.cmake
[6.813s] -- Installing: /home/cwx/demo01_ws/install/base_interfaces_demo/share/base_interfaces_demo/cmake/base_interfaces_demo__rosidl_typesupport_introspection_cppExport.cmake
[6.814s] -- Installing: /home/cwx/demo01_ws/install/base_interfaces_demo/share/base_interfaces_demo/cmake/base_interfaces_demo__rosidl_typesupport_introspection_cppExport-noconfig.cmake
[6.814s] -- Installing: /home/cwx/demo01_ws/install/base_interfaces_demo/share/base_interfaces_demo/cmake/base_interfaces_demo__rosidl_typesupport_cppExport.cmake
[6.814s] -- Installing: /home/cwx/demo01_ws/install/base_interfaces_demo/share/base_interfaces_demo/cmake/base_interfaces_demo__rosidl_typesupport_cppExport-noconfig.cmake
[6.815s] -- Installing: /home/cwx/demo01_ws/install/base_interfaces_demo/share/base_interfaces_demo/cmake/export_base_interfaces_demo__rosidl_generator_pyExport.cmake
[6.815s] -- Installing: /home/cwx/demo01_ws/install/base_interfaces_demo/share/base_interfaces_demo/cmake/export_base_interfaces_demo__rosidl_generator_pyExport-noconfig.cmake
[6.815s] -- Installing: /home/cwx/demo01_ws/install/base_interfaces_demo/share/base_interfaces_demo/cmake/rosidl_cmake-extras.cmake
[6.816s] -- Installing: /home/cwx/demo01_ws/install/base_interfaces_demo/share/base_interfaces_demo/cmake/ament_cmake_export_include_directories-extras.cmake
[6.816s] -- Installing: /home/cwx/demo01_ws/install/base_interfaces_demo/share/base_interfaces_demo/cmake/ament_cmake_export_libraries-extras.cmake
[6.817s] -- Installing: /home/cwx/demo01_ws/install/base_interfaces_demo/share/base_interfaces_demo/cmake/ament_cmake_export_targets-extras.cmake
[6.817s] -- Installing: /home/cwx/demo01_ws/install/base_interfaces_demo/share/base_interfaces_demo/cmake/rosidl_cmake_export_typesupport_targets-extras.cmake
[6.817s] -- Installing: /home/cwx/demo01_ws/install/base_interfaces_demo/share/base_interfaces_demo/cmake/ament_cmake_export_dependencies-extras.cmake
[6.817s] -- Installing: /home/cwx/demo01_ws/install/base_interfaces_demo/share/base_interfaces_demo/cmake/rosidl_cmake_export_typesupport_libraries-extras.cmake
[6.818s] -- Installing: /home/cwx/demo01_ws/install/base_interfaces_demo/share/base_interfaces_demo/cmake/base_interfaces_demoConfig.cmake
[6.818s] -- Installing: /home/cwx/demo01_ws/install/base_interfaces_demo/share/base_interfaces_demo/cmake/base_interfaces_demoConfig-version.cmake
[6.818s] -- Installing: /home/cwx/demo01_ws/install/base_interfaces_demo/share/base_interfaces_demo/package.xml
[6.824s] Invoked command in '/home/cwx/demo01_ws/build/base_interfaces_demo' returned '0': CMAKE_PREFIX_PATH=/opt/ros/humble /usr/bin/cmake --install /home/cwx/demo01_ws/build/base_interfaces_demo
