[0.176s] DEBUG:colcon:Command line arguments: ['/usr/bin/colcon', 'build']
[0.176s] DEBUG:colcon:Parsed command line arguments: Namespace(log_base=None, log_level=None, verb_name='build', build_base='build', install_base='install', merge_install=False, symlink_install=False, test_result_base=None, continue_on_error=False, executor='parallel', parallel_workers=8, event_handlers=None, ignore_user_meta=False, metas=['./colcon.meta'], base_paths=['.'], packages_ignore=None, packages_ignore_regex=None, paths=None, packages_up_to=None, packages_up_to_regex=None, packages_above=None, packages_above_and_dependencies=None, packages_above_depth=None, packages_select_by_dep=None, packages_skip_by_dep=None, packages_skip_up_to=None, packages_select_build_failed=False, packages_skip_build_finished=False, packages_select_test_failures=False, packages_skip_test_passed=False, packages_select=None, packages_skip=None, packages_select_regex=None, packages_skip_regex=None, packages_start=None, packages_end=None, allow_overriding=[], cmake_args=None, cmake_target=None, cmake_target_skip_unavailable=False, cmake_clean_cache=False, cmake_clean_first=False, cmake_force_configure=False, ament_cmake_args=None, catkin_cmake_args=None, catkin_skip_building_tests=False, verb_parser=<colcon_defaults.argument_parser.defaults.DefaultArgumentsDecorator object at 0x781852e2b970>, verb_extension=<colcon_core.verb.build.BuildVerb object at 0x781852e2b460>, main=<bound method BuildVerb.main of <colcon_core.verb.build.BuildVerb object at 0x781852e2b460>>)
[0.435s] Level 1:colcon.colcon_core.package_discovery:discover_packages(colcon_meta) check parameters
[0.435s] Level 1:colcon.colcon_core.package_discovery:discover_packages(recursive) check parameters
[0.435s] Level 1:colcon.colcon_core.package_discovery:discover_packages(ignore) check parameters
[0.435s] Level 1:colcon.colcon_core.package_discovery:discover_packages(path) check parameters
[0.435s] Level 1:colcon.colcon_core.package_discovery:discover_packages(colcon_meta) discover
[0.435s] Level 1:colcon.colcon_core.package_discovery:discover_packages(recursive) discover
[0.436s] INFO:colcon.colcon_core.package_discovery:Crawling recursively for packages in '/home/cwx/demo01_ws'
[0.436s] Level 1:colcon.colcon_core.package_identification:_identify(.) by extensions ['ignore', 'ignore_ament_install']
[0.436s] Level 1:colcon.colcon_core.package_identification:_identify(.) by extension 'ignore'
[0.436s] Level 1:colcon.colcon_core.package_identification:_identify(.) by extension 'ignore_ament_install'
[0.436s] Level 1:colcon.colcon_core.package_identification:_identify(.) by extensions ['colcon_pkg']
[0.436s] Level 1:colcon.colcon_core.package_identification:_identify(.) by extension 'colcon_pkg'
[0.436s] Level 1:colcon.colcon_core.package_identification:_identify(.) by extensions ['colcon_meta']
[0.436s] Level 1:colcon.colcon_core.package_identification:_identify(.) by extension 'colcon_meta'
[0.436s] Level 1:colcon.colcon_core.package_identification:_identify(.) by extensions ['ros']
[0.436s] Level 1:colcon.colcon_core.package_identification:_identify(.) by extension 'ros'
[0.457s] Level 1:colcon.colcon_core.package_identification:_identify(.) by extensions ['cmake', 'python']
[0.458s] Level 1:colcon.colcon_core.package_identification:_identify(.) by extension 'cmake'
[0.458s] Level 1:colcon.colcon_core.package_identification:_identify(.) by extension 'python'
[0.458s] Level 1:colcon.colcon_core.package_identification:_identify(.) by extensions ['python_setup_py']
[0.458s] Level 1:colcon.colcon_core.package_identification:_identify(.) by extension 'python_setup_py'
[0.458s] Level 1:colcon.colcon_core.package_identification:_identify(build) by extensions ['ignore', 'ignore_ament_install']
[0.458s] Level 1:colcon.colcon_core.package_identification:_identify(build) by extension 'ignore'
[0.458s] Level 1:colcon.colcon_core.package_identification:_identify(build) ignored
[0.459s] Level 1:colcon.colcon_core.package_identification:_identify(install) by extensions ['ignore', 'ignore_ament_install']
[0.459s] Level 1:colcon.colcon_core.package_identification:_identify(install) by extension 'ignore'
[0.459s] Level 1:colcon.colcon_core.package_identification:_identify(install) ignored
[0.459s] Level 1:colcon.colcon_core.package_identification:_identify(log) by extensions ['ignore', 'ignore_ament_install']
[0.459s] Level 1:colcon.colcon_core.package_identification:_identify(log) by extension 'ignore'
[0.459s] Level 1:colcon.colcon_core.package_identification:_identify(log) ignored
[0.459s] Level 1:colcon.colcon_core.package_identification:_identify(src) by extensions ['ignore', 'ignore_ament_install']
[0.459s] Level 1:colcon.colcon_core.package_identification:_identify(src) by extension 'ignore'
[0.459s] Level 1:colcon.colcon_core.package_identification:_identify(src) by extension 'ignore_ament_install'
[0.460s] Level 1:colcon.colcon_core.package_identification:_identify(src) by extensions ['colcon_pkg']
[0.460s] Level 1:colcon.colcon_core.package_identification:_identify(src) by extension 'colcon_pkg'
[0.460s] Level 1:colcon.colcon_core.package_identification:_identify(src) by extensions ['colcon_meta']
[0.460s] Level 1:colcon.colcon_core.package_identification:_identify(src) by extension 'colcon_meta'
[0.460s] Level 1:colcon.colcon_core.package_identification:_identify(src) by extensions ['ros']
[0.460s] Level 1:colcon.colcon_core.package_identification:_identify(src) by extension 'ros'
[0.460s] Level 1:colcon.colcon_core.package_identification:_identify(src) by extensions ['cmake', 'python']
[0.460s] Level 1:colcon.colcon_core.package_identification:_identify(src) by extension 'cmake'
[0.460s] Level 1:colcon.colcon_core.package_identification:_identify(src) by extension 'python'
[0.460s] Level 1:colcon.colcon_core.package_identification:_identify(src) by extensions ['python_setup_py']
[0.460s] Level 1:colcon.colcon_core.package_identification:_identify(src) by extension 'python_setup_py'
[0.460s] Level 1:colcon.colcon_core.package_identification:_identify(src/base_interfaces_demo) by extensions ['ignore', 'ignore_ament_install']
[0.461s] Level 1:colcon.colcon_core.package_identification:_identify(src/base_interfaces_demo) by extension 'ignore'
[0.461s] Level 1:colcon.colcon_core.package_identification:_identify(src/base_interfaces_demo) by extension 'ignore_ament_install'
[0.461s] Level 1:colcon.colcon_core.package_identification:_identify(src/base_interfaces_demo) by extensions ['colcon_pkg']
[0.461s] Level 1:colcon.colcon_core.package_identification:_identify(src/base_interfaces_demo) by extension 'colcon_pkg'
[0.461s] Level 1:colcon.colcon_core.package_identification:_identify(src/base_interfaces_demo) by extensions ['colcon_meta']
[0.461s] Level 1:colcon.colcon_core.package_identification:_identify(src/base_interfaces_demo) by extension 'colcon_meta'
[0.461s] Level 1:colcon.colcon_core.package_identification:_identify(src/base_interfaces_demo) by extensions ['ros']
[0.461s] Level 1:colcon.colcon_core.package_identification:_identify(src/base_interfaces_demo) by extension 'ros'
[0.465s] DEBUG:colcon.colcon_core.package_identification:Package 'src/base_interfaces_demo' with type 'ros.ament_cmake' and name 'base_interfaces_demo'
[0.465s] Level 1:colcon.colcon_core.package_identification:_identify(src/build) by extensions ['ignore', 'ignore_ament_install']
[0.466s] Level 1:colcon.colcon_core.package_identification:_identify(src/build) by extension 'ignore'
[0.466s] Level 1:colcon.colcon_core.package_identification:_identify(src/build) ignored
[0.466s] Level 1:colcon.colcon_core.package_identification:_identify(src/install) by extensions ['ignore', 'ignore_ament_install']
[0.466s] Level 1:colcon.colcon_core.package_identification:_identify(src/install) by extension 'ignore'
[0.466s] Level 1:colcon.colcon_core.package_identification:_identify(src/install) ignored
[0.466s] Level 1:colcon.colcon_core.package_identification:_identify(src/log) by extensions ['ignore', 'ignore_ament_install']
[0.466s] Level 1:colcon.colcon_core.package_identification:_identify(src/log) by extension 'ignore'
[0.466s] Level 1:colcon.colcon_core.package_identification:_identify(src/log) ignored
[0.467s] Level 1:colcon.colcon_core.package_identification:_identify(src/topic_cpp) by extensions ['ignore', 'ignore_ament_install']
[0.467s] Level 1:colcon.colcon_core.package_identification:_identify(src/topic_cpp) by extension 'ignore'
[0.467s] Level 1:colcon.colcon_core.package_identification:_identify(src/topic_cpp) by extension 'ignore_ament_install'
[0.467s] Level 1:colcon.colcon_core.package_identification:_identify(src/topic_cpp) by extensions ['colcon_pkg']
[0.467s] Level 1:colcon.colcon_core.package_identification:_identify(src/topic_cpp) by extension 'colcon_pkg'
[0.467s] Level 1:colcon.colcon_core.package_identification:_identify(src/topic_cpp) by extensions ['colcon_meta']
[0.467s] Level 1:colcon.colcon_core.package_identification:_identify(src/topic_cpp) by extension 'colcon_meta'
[0.467s] Level 1:colcon.colcon_core.package_identification:_identify(src/topic_cpp) by extensions ['ros']
[0.467s] Level 1:colcon.colcon_core.package_identification:_identify(src/topic_cpp) by extension 'ros'
[0.468s] DEBUG:colcon.colcon_core.package_identification:Package 'src/topic_cpp' with type 'ros.ament_cmake' and name 'topic_cpp'
[0.468s] Level 1:colcon.colcon_core.package_discovery:discover_packages(recursive) using defaults
[0.468s] Level 1:colcon.colcon_core.package_discovery:discover_packages(ignore) discover
[0.469s] Level 1:colcon.colcon_core.package_discovery:discover_packages(ignore) using defaults
[0.469s] Level 1:colcon.colcon_core.package_discovery:discover_packages(path) discover
[0.469s] Level 1:colcon.colcon_core.package_discovery:discover_packages(path) using defaults
[0.501s] Level 1:colcon.colcon_core.package_discovery:discover_packages(prefix_path) check parameters
[0.501s] Level 1:colcon.colcon_core.package_discovery:discover_packages(prefix_path) discover
[0.505s] DEBUG:colcon.colcon_installed_package_information.package_discovery:Found 319 installed packages in /opt/ros/humble
[0.522s] Level 1:colcon.colcon_core.package_discovery:discover_packages(prefix_path) using defaults
[0.592s] Level 5:colcon.colcon_core.verb:set package 'base_interfaces_demo' build argument 'cmake_args' from command line to 'None'
[0.592s] Level 5:colcon.colcon_core.verb:set package 'base_interfaces_demo' build argument 'cmake_target' from command line to 'None'
[0.592s] Level 5:colcon.colcon_core.verb:set package 'base_interfaces_demo' build argument 'cmake_target_skip_unavailable' from command line to 'False'
[0.592s] Level 5:colcon.colcon_core.verb:set package 'base_interfaces_demo' build argument 'cmake_clean_cache' from command line to 'False'
[0.592s] Level 5:colcon.colcon_core.verb:set package 'base_interfaces_demo' build argument 'cmake_clean_first' from command line to 'False'
[0.592s] Level 5:colcon.colcon_core.verb:set package 'base_interfaces_demo' build argument 'cmake_force_configure' from command line to 'False'
[0.593s] Level 5:colcon.colcon_core.verb:set package 'base_interfaces_demo' build argument 'ament_cmake_args' from command line to 'None'
[0.593s] Level 5:colcon.colcon_core.verb:set package 'base_interfaces_demo' build argument 'catkin_cmake_args' from command line to 'None'
[0.593s] Level 5:colcon.colcon_core.verb:set package 'base_interfaces_demo' build argument 'catkin_skip_building_tests' from command line to 'False'
[0.593s] DEBUG:colcon.colcon_core.verb:Building package 'base_interfaces_demo' with the following arguments: {'ament_cmake_args': None, 'build_base': '/home/cwx/demo01_ws/build/base_interfaces_demo', 'catkin_cmake_args': None, 'catkin_skip_building_tests': False, 'cmake_args': None, 'cmake_clean_cache': False, 'cmake_clean_first': False, 'cmake_force_configure': False, 'cmake_target': None, 'cmake_target_skip_unavailable': False, 'install_base': '/home/cwx/demo01_ws/install/base_interfaces_demo', 'merge_install': False, 'path': '/home/cwx/demo01_ws/src/base_interfaces_demo', 'symlink_install': False, 'test_result_base': None}
[0.593s] Level 5:colcon.colcon_core.verb:set package 'topic_cpp' build argument 'cmake_args' from command line to 'None'
[0.593s] Level 5:colcon.colcon_core.verb:set package 'topic_cpp' build argument 'cmake_target' from command line to 'None'
[0.594s] Level 5:colcon.colcon_core.verb:set package 'topic_cpp' build argument 'cmake_target_skip_unavailable' from command line to 'False'
[0.594s] Level 5:colcon.colcon_core.verb:set package 'topic_cpp' build argument 'cmake_clean_cache' from command line to 'False'
[0.594s] Level 5:colcon.colcon_core.verb:set package 'topic_cpp' build argument 'cmake_clean_first' from command line to 'False'
[0.594s] Level 5:colcon.colcon_core.verb:set package 'topic_cpp' build argument 'cmake_force_configure' from command line to 'False'
[0.594s] Level 5:colcon.colcon_core.verb:set package 'topic_cpp' build argument 'ament_cmake_args' from command line to 'None'
[0.594s] Level 5:colcon.colcon_core.verb:set package 'topic_cpp' build argument 'catkin_cmake_args' from command line to 'None'
[0.594s] Level 5:colcon.colcon_core.verb:set package 'topic_cpp' build argument 'catkin_skip_building_tests' from command line to 'False'
[0.594s] DEBUG:colcon.colcon_core.verb:Building package 'topic_cpp' with the following arguments: {'ament_cmake_args': None, 'build_base': '/home/cwx/demo01_ws/build/topic_cpp', 'catkin_cmake_args': None, 'catkin_skip_building_tests': False, 'cmake_args': None, 'cmake_clean_cache': False, 'cmake_clean_first': False, 'cmake_force_configure': False, 'cmake_target': None, 'cmake_target_skip_unavailable': False, 'install_base': '/home/cwx/demo01_ws/install/topic_cpp', 'merge_install': False, 'path': '/home/cwx/demo01_ws/src/topic_cpp', 'symlink_install': False, 'test_result_base': None}
[0.594s] INFO:colcon.colcon_core.executor:Executing jobs using 'parallel' executor
[0.596s] DEBUG:colcon.colcon_parallel_executor.executor.parallel:run_until_complete
[0.597s] INFO:colcon.colcon_ros.task.ament_cmake.build:Building ROS package in '/home/cwx/demo01_ws/src/base_interfaces_demo' with build type 'ament_cmake'
[0.597s] INFO:colcon.colcon_cmake.task.cmake.build:Building CMake package in '/home/cwx/demo01_ws/src/base_interfaces_demo'
[0.600s] INFO:colcon.colcon_core.plugin_system:Skipping extension 'colcon_core.shell.bat': Not used on non-Windows systems
[0.600s] INFO:colcon.colcon_core.shell:Skip shell extension 'powershell' for command environment: Not usable outside of PowerShell
[0.600s] DEBUG:colcon.colcon_core.shell:Skip shell extension 'dsv' for command environment
[0.606s] INFO:colcon.colcon_ros.task.ament_cmake.build:Building ROS package in '/home/cwx/demo01_ws/src/topic_cpp' with build type 'ament_cmake'
[0.606s] INFO:colcon.colcon_cmake.task.cmake.build:Building CMake package in '/home/cwx/demo01_ws/src/topic_cpp'
[0.607s] INFO:colcon.colcon_core.shell:Skip shell extension 'powershell' for command environment: Not usable outside of PowerShell
[0.607s] DEBUG:colcon.colcon_core.shell:Skip shell extension 'dsv' for command environment
[0.628s] DEBUG:colcon.colcon_core.event_handler.log_command:Invoking command in '/home/cwx/demo01_ws/build/base_interfaces_demo': CMAKE_PREFIX_PATH=/opt/ros/humble /usr/bin/cmake --build /home/cwx/demo01_ws/build/base_interfaces_demo -- -j8 -l8
[0.635s] DEBUG:colcon.colcon_core.event_handler.log_command:Invoking command in '/home/cwx/demo01_ws/build/topic_cpp': CMAKE_PREFIX_PATH=/opt/ros/humble /usr/bin/cmake --build /home/cwx/demo01_ws/build/topic_cpp -- -j8 -l8
[1.355s] DEBUG:colcon.colcon_core.event_handler.log_command:Invoked command in '/home/cwx/demo01_ws/build/base_interfaces_demo' returned '0': CMAKE_PREFIX_PATH=/opt/ros/humble /usr/bin/cmake --build /home/cwx/demo01_ws/build/base_interfaces_demo -- -j8 -l8
[1.378s] DEBUG:colcon.colcon_core.event_handler.log_command:Invoking command in '/home/cwx/demo01_ws/build/base_interfaces_demo': CMAKE_PREFIX_PATH=/opt/ros/humble /usr/bin/cmake --install /home/cwx/demo01_ws/build/base_interfaces_demo
[1.484s] Level 1:colcon.colcon_core.environment:create_environment_scripts_only(base_interfaces_demo)
[1.485s] DEBUG:colcon.colcon_core.event_handler.log_command:Invoked command in '/home/cwx/demo01_ws/build/base_interfaces_demo' returned '0': CMAKE_PREFIX_PATH=/opt/ros/humble /usr/bin/cmake --install /home/cwx/demo01_ws/build/base_interfaces_demo
[1.489s] Level 1:colcon.colcon_core.environment:checking '/home/cwx/demo01_ws/install/base_interfaces_demo' for CMake module files
[1.490s] Level 1:colcon.colcon_core.environment:checking '/home/cwx/demo01_ws/install/base_interfaces_demo' for CMake config files
[1.491s] Level 1:colcon.colcon_core.shell:create_environment_hook('base_interfaces_demo', 'cmake_prefix_path')
[1.491s] INFO:colcon.colcon_core.shell:Creating environment hook '/home/cwx/demo01_ws/install/base_interfaces_demo/share/base_interfaces_demo/hook/cmake_prefix_path.ps1'
[1.492s] INFO:colcon.colcon_core.shell:Creating environment descriptor '/home/cwx/demo01_ws/install/base_interfaces_demo/share/base_interfaces_demo/hook/cmake_prefix_path.dsv'
[1.493s] INFO:colcon.colcon_core.shell:Creating environment hook '/home/cwx/demo01_ws/install/base_interfaces_demo/share/base_interfaces_demo/hook/cmake_prefix_path.sh'
[1.495s] Level 1:colcon.colcon_core.environment:checking '/home/cwx/demo01_ws/install/base_interfaces_demo/lib'
[1.495s] Level 1:colcon.colcon_core.shell:create_environment_hook('base_interfaces_demo', 'ld_library_path_lib')
[1.495s] INFO:colcon.colcon_core.shell:Creating environment hook '/home/cwx/demo01_ws/install/base_interfaces_demo/share/base_interfaces_demo/hook/ld_library_path_lib.ps1'
[1.496s] INFO:colcon.colcon_core.shell:Creating environment descriptor '/home/cwx/demo01_ws/install/base_interfaces_demo/share/base_interfaces_demo/hook/ld_library_path_lib.dsv'
[1.497s] INFO:colcon.colcon_core.shell:Creating environment hook '/home/cwx/demo01_ws/install/base_interfaces_demo/share/base_interfaces_demo/hook/ld_library_path_lib.sh'
[1.497s] Level 1:colcon.colcon_core.environment:checking '/home/cwx/demo01_ws/install/base_interfaces_demo/bin'
[1.498s] Level 1:colcon.colcon_core.environment:checking '/home/cwx/demo01_ws/install/base_interfaces_demo/lib/pkgconfig/base_interfaces_demo.pc'
[1.498s] Level 1:colcon.colcon_core.environment:checking '/home/cwx/demo01_ws/install/base_interfaces_demo/lib/python3.10/site-packages'
[1.498s] Level 1:colcon.colcon_core.environment:checking '/home/cwx/demo01_ws/install/base_interfaces_demo/bin'
[1.499s] INFO:colcon.colcon_core.shell:Creating package script '/home/cwx/demo01_ws/install/base_interfaces_demo/share/base_interfaces_demo/package.ps1'
[1.500s] INFO:colcon.colcon_core.shell:Creating package descriptor '/home/cwx/demo01_ws/install/base_interfaces_demo/share/base_interfaces_demo/package.dsv'
[1.501s] INFO:colcon.colcon_core.shell:Creating package script '/home/cwx/demo01_ws/install/base_interfaces_demo/share/base_interfaces_demo/package.sh'
[1.503s] INFO:colcon.colcon_core.shell:Creating package script '/home/cwx/demo01_ws/install/base_interfaces_demo/share/base_interfaces_demo/package.bash'
[1.504s] INFO:colcon.colcon_core.shell:Creating package script '/home/cwx/demo01_ws/install/base_interfaces_demo/share/base_interfaces_demo/package.zsh'
[1.505s] Level 1:colcon.colcon_core.environment:create_file_with_runtime_dependencies(/home/cwx/demo01_ws/install/base_interfaces_demo/share/colcon-core/packages/base_interfaces_demo)
[1.507s] Level 1:colcon.colcon_core.environment:create_environment_scripts_only(base_interfaces_demo)
[1.507s] Level 1:colcon.colcon_core.environment:checking '/home/cwx/demo01_ws/install/base_interfaces_demo' for CMake module files
[1.508s] Level 1:colcon.colcon_core.environment:checking '/home/cwx/demo01_ws/install/base_interfaces_demo' for CMake config files
[1.509s] Level 1:colcon.colcon_core.shell:create_environment_hook('base_interfaces_demo', 'cmake_prefix_path')
[1.509s] INFO:colcon.colcon_core.shell:Creating environment hook '/home/cwx/demo01_ws/install/base_interfaces_demo/share/base_interfaces_demo/hook/cmake_prefix_path.ps1'
[1.510s] INFO:colcon.colcon_core.shell:Creating environment descriptor '/home/cwx/demo01_ws/install/base_interfaces_demo/share/base_interfaces_demo/hook/cmake_prefix_path.dsv'
[1.511s] INFO:colcon.colcon_core.shell:Creating environment hook '/home/cwx/demo01_ws/install/base_interfaces_demo/share/base_interfaces_demo/hook/cmake_prefix_path.sh'
[1.512s] Level 1:colcon.colcon_core.environment:checking '/home/cwx/demo01_ws/install/base_interfaces_demo/lib'
[1.512s] Level 1:colcon.colcon_core.shell:create_environment_hook('base_interfaces_demo', 'ld_library_path_lib')
[1.512s] INFO:colcon.colcon_core.shell:Creating environment hook '/home/cwx/demo01_ws/install/base_interfaces_demo/share/base_interfaces_demo/hook/ld_library_path_lib.ps1'
[1.513s] INFO:colcon.colcon_core.shell:Creating environment descriptor '/home/cwx/demo01_ws/install/base_interfaces_demo/share/base_interfaces_demo/hook/ld_library_path_lib.dsv'
[1.514s] INFO:colcon.colcon_core.shell:Creating environment hook '/home/cwx/demo01_ws/install/base_interfaces_demo/share/base_interfaces_demo/hook/ld_library_path_lib.sh'
[1.515s] Level 1:colcon.colcon_core.environment:checking '/home/cwx/demo01_ws/install/base_interfaces_demo/bin'
[1.515s] Level 1:colcon.colcon_core.environment:checking '/home/cwx/demo01_ws/install/base_interfaces_demo/lib/pkgconfig/base_interfaces_demo.pc'
[1.515s] Level 1:colcon.colcon_core.environment:checking '/home/cwx/demo01_ws/install/base_interfaces_demo/lib/python3.10/site-packages'
[1.516s] Level 1:colcon.colcon_core.environment:checking '/home/cwx/demo01_ws/install/base_interfaces_demo/bin'
[1.516s] INFO:colcon.colcon_core.shell:Creating package script '/home/cwx/demo01_ws/install/base_interfaces_demo/share/base_interfaces_demo/package.ps1'
[1.518s] INFO:colcon.colcon_core.shell:Creating package descriptor '/home/cwx/demo01_ws/install/base_interfaces_demo/share/base_interfaces_demo/package.dsv'
[1.519s] INFO:colcon.colcon_core.shell:Creating package script '/home/cwx/demo01_ws/install/base_interfaces_demo/share/base_interfaces_demo/package.sh'
[1.520s] INFO:colcon.colcon_core.shell:Creating package script '/home/cwx/demo01_ws/install/base_interfaces_demo/share/base_interfaces_demo/package.bash'
[1.521s] INFO:colcon.colcon_core.shell:Creating package script '/home/cwx/demo01_ws/install/base_interfaces_demo/share/base_interfaces_demo/package.zsh'
[1.522s] Level 1:colcon.colcon_core.environment:create_file_with_runtime_dependencies(/home/cwx/demo01_ws/install/base_interfaces_demo/share/colcon-core/packages/base_interfaces_demo)
[26.601s] DEBUG:colcon.colcon_core.event_handler.log_command:Invoked command in '/home/cwx/demo01_ws/build/topic_cpp' returned '0': CMAKE_PREFIX_PATH=/opt/ros/humble /usr/bin/cmake --build /home/cwx/demo01_ws/build/topic_cpp -- -j8 -l8
[26.605s] DEBUG:colcon.colcon_core.event_handler.log_command:Invoking command in '/home/cwx/demo01_ws/build/topic_cpp': CMAKE_PREFIX_PATH=/opt/ros/humble /usr/bin/cmake --install /home/cwx/demo01_ws/build/topic_cpp
[26.660s] Level 1:colcon.colcon_core.environment:create_environment_scripts_only(topic_cpp)
[26.660s] Level 1:colcon.colcon_core.environment:checking '/home/cwx/demo01_ws/install/topic_cpp' for CMake module files
[26.661s] Level 1:colcon.colcon_core.environment:checking '/home/cwx/demo01_ws/install/topic_cpp' for CMake config files
[26.662s] DEBUG:colcon.colcon_core.event_handler.log_command:Invoked command in '/home/cwx/demo01_ws/build/topic_cpp' returned '0': CMAKE_PREFIX_PATH=/opt/ros/humble /usr/bin/cmake --install /home/cwx/demo01_ws/build/topic_cpp
[26.662s] Level 1:colcon.colcon_core.shell:create_environment_hook('topic_cpp', 'cmake_prefix_path')
[26.663s] INFO:colcon.colcon_core.shell:Creating environment hook '/home/cwx/demo01_ws/install/topic_cpp/share/topic_cpp/hook/cmake_prefix_path.ps1'
[26.665s] INFO:colcon.colcon_core.shell:Creating environment descriptor '/home/cwx/demo01_ws/install/topic_cpp/share/topic_cpp/hook/cmake_prefix_path.dsv'
[26.666s] INFO:colcon.colcon_core.shell:Creating environment hook '/home/cwx/demo01_ws/install/topic_cpp/share/topic_cpp/hook/cmake_prefix_path.sh'
[26.667s] Level 1:colcon.colcon_core.environment:checking '/home/cwx/demo01_ws/install/topic_cpp/lib'
[26.667s] Level 1:colcon.colcon_core.environment:checking '/home/cwx/demo01_ws/install/topic_cpp/bin'
[26.667s] Level 1:colcon.colcon_core.environment:checking '/home/cwx/demo01_ws/install/topic_cpp/lib/pkgconfig/topic_cpp.pc'
[26.668s] Level 1:colcon.colcon_core.environment:checking '/home/cwx/demo01_ws/install/topic_cpp/lib/python3.10/site-packages'
[26.668s] Level 1:colcon.colcon_core.environment:checking '/home/cwx/demo01_ws/install/topic_cpp/bin'
[26.669s] INFO:colcon.colcon_core.shell:Creating package script '/home/cwx/demo01_ws/install/topic_cpp/share/topic_cpp/package.ps1'
[26.670s] INFO:colcon.colcon_core.shell:Creating package descriptor '/home/cwx/demo01_ws/install/topic_cpp/share/topic_cpp/package.dsv'
[26.671s] INFO:colcon.colcon_core.shell:Creating package script '/home/cwx/demo01_ws/install/topic_cpp/share/topic_cpp/package.sh'
[26.672s] INFO:colcon.colcon_core.shell:Creating package script '/home/cwx/demo01_ws/install/topic_cpp/share/topic_cpp/package.bash'
[26.673s] INFO:colcon.colcon_core.shell:Creating package script '/home/cwx/demo01_ws/install/topic_cpp/share/topic_cpp/package.zsh'
[26.673s] Level 1:colcon.colcon_core.environment:create_file_with_runtime_dependencies(/home/cwx/demo01_ws/install/topic_cpp/share/colcon-core/packages/topic_cpp)
[26.675s] Level 1:colcon.colcon_core.environment:create_environment_scripts_only(topic_cpp)
[26.676s] Level 1:colcon.colcon_core.environment:checking '/home/cwx/demo01_ws/install/topic_cpp' for CMake module files
[26.677s] Level 1:colcon.colcon_core.environment:checking '/home/cwx/demo01_ws/install/topic_cpp' for CMake config files
[26.677s] Level 1:colcon.colcon_core.shell:create_environment_hook('topic_cpp', 'cmake_prefix_path')
[26.677s] INFO:colcon.colcon_core.shell:Creating environment hook '/home/cwx/demo01_ws/install/topic_cpp/share/topic_cpp/hook/cmake_prefix_path.ps1'
[26.678s] INFO:colcon.colcon_core.shell:Creating environment descriptor '/home/cwx/demo01_ws/install/topic_cpp/share/topic_cpp/hook/cmake_prefix_path.dsv'
[26.679s] INFO:colcon.colcon_core.shell:Creating environment hook '/home/cwx/demo01_ws/install/topic_cpp/share/topic_cpp/hook/cmake_prefix_path.sh'
[26.680s] Level 1:colcon.colcon_core.environment:checking '/home/cwx/demo01_ws/install/topic_cpp/lib'
[26.680s] Level 1:colcon.colcon_core.environment:checking '/home/cwx/demo01_ws/install/topic_cpp/bin'
[26.681s] Level 1:colcon.colcon_core.environment:checking '/home/cwx/demo01_ws/install/topic_cpp/lib/pkgconfig/topic_cpp.pc'
[26.681s] Level 1:colcon.colcon_core.environment:checking '/home/cwx/demo01_ws/install/topic_cpp/lib/python3.10/site-packages'
[26.681s] Level 1:colcon.colcon_core.environment:checking '/home/cwx/demo01_ws/install/topic_cpp/bin'
[26.682s] INFO:colcon.colcon_core.shell:Creating package script '/home/cwx/demo01_ws/install/topic_cpp/share/topic_cpp/package.ps1'
[26.683s] INFO:colcon.colcon_core.shell:Creating package descriptor '/home/cwx/demo01_ws/install/topic_cpp/share/topic_cpp/package.dsv'
[26.684s] INFO:colcon.colcon_core.shell:Creating package script '/home/cwx/demo01_ws/install/topic_cpp/share/topic_cpp/package.sh'
[26.685s] INFO:colcon.colcon_core.shell:Creating package script '/home/cwx/demo01_ws/install/topic_cpp/share/topic_cpp/package.bash'
[26.686s] INFO:colcon.colcon_core.shell:Creating package script '/home/cwx/demo01_ws/install/topic_cpp/share/topic_cpp/package.zsh'
[26.686s] Level 1:colcon.colcon_core.environment:create_file_with_runtime_dependencies(/home/cwx/demo01_ws/install/topic_cpp/share/colcon-core/packages/topic_cpp)
[26.687s] DEBUG:colcon.colcon_parallel_executor.executor.parallel:closing loop
[26.688s] DEBUG:colcon.colcon_parallel_executor.executor.parallel:loop closed
[26.688s] DEBUG:colcon.colcon_parallel_executor.executor.parallel:run_until_complete finished with '0'
[26.689s] DEBUG:colcon.colcon_core.event_reactor:joining thread
[26.698s] INFO:colcon.colcon_core.plugin_system:Skipping extension 'colcon_notification.desktop_notification.terminal_notifier': Not used on non-Darwin systems
[26.699s] INFO:colcon.colcon_core.plugin_system:Skipping extension 'colcon_notification.desktop_notification.win32': Not used on non-Windows systems
[26.699s] INFO:colcon.colcon_notification.desktop_notification:Sending desktop notification using 'notify2'
[26.727s] DEBUG:colcon.colcon_core.event_reactor:joined thread
[26.727s] INFO:colcon.colcon_core.shell:Creating prefix script '/home/cwx/demo01_ws/install/local_setup.ps1'
[26.729s] INFO:colcon.colcon_core.shell:Creating prefix util module '/home/cwx/demo01_ws/install/_local_setup_util_ps1.py'
[26.731s] INFO:colcon.colcon_core.shell:Creating prefix chain script '/home/cwx/demo01_ws/install/setup.ps1'
[26.733s] INFO:colcon.colcon_core.shell:Creating prefix script '/home/cwx/demo01_ws/install/local_setup.sh'
[26.735s] INFO:colcon.colcon_core.shell:Creating prefix util module '/home/cwx/demo01_ws/install/_local_setup_util_sh.py'
[26.736s] INFO:colcon.colcon_core.shell:Creating prefix chain script '/home/cwx/demo01_ws/install/setup.sh'
[26.738s] INFO:colcon.colcon_core.shell:Creating prefix script '/home/cwx/demo01_ws/install/local_setup.bash'
[26.739s] INFO:colcon.colcon_core.shell:Creating prefix chain script '/home/cwx/demo01_ws/install/setup.bash'
[26.740s] INFO:colcon.colcon_core.shell:Creating prefix script '/home/cwx/demo01_ws/install/local_setup.zsh'
[26.741s] INFO:colcon.colcon_core.shell:Creating prefix chain script '/home/cwx/demo01_ws/install/setup.zsh'
