[0.030s] Invoking command in '/home/cwx/demo01_ws/build/base_interfaces_demo': CMAKE_PREFIX_PATH=/opt/ros/humble /usr/bin/cmake --build /home/cwx/demo01_ws/build/base_interfaces_demo -- -j8 -l8
[0.145s] [  3%] Built target base_interfaces_demo__cpp
[0.146s] [ 12%] Built target base_interfaces_demo__rosidl_generator_c
[0.170s] [ 12%] Built target ament_cmake_python_copy_base_interfaces_demo
[0.217s] [ 22%] Built target base_interfaces_demo__rosidl_typesupport_fastrtps_cpp
[0.222s] [ 32%] Built target base_interfaces_demo__rosidl_typesupport_cpp
[0.248s] [ 45%] Built target base_interfaces_demo__rosidl_typesupport_introspection_c
[0.248s] [ 51%] Built target base_interfaces_demo__rosidl_typesupport_fastrtps_c
[0.250s] [ 61%] Built target base_interfaces_demo__rosidl_typesupport_introspection_cpp
[0.272s] [ 70%] Built target base_interfaces_demo__rosidl_typesupport_c
[0.332s] [ 70%] Built target base_interfaces_demo
[0.397s] [ 74%] Built target base_interfaces_demo__py
[0.461s] [ 80%] Built target base_interfaces_demo__rosidl_generator_py
[0.526s] [ 87%] Built target base_interfaces_demo__rosidl_typesupport_introspection_c__pyext
[0.526s] [ 93%] Built target base_interfaces_demo__rosidl_typesupport_c__pyext
[0.530s] [100%] Built target base_interfaces_demo__rosidl_typesupport_fastrtps_c__pyext
[0.667s] running egg_info
[0.669s] writing base_interfaces_demo.egg-info/PKG-INFO
[0.670s] writing dependency_links to base_interfaces_demo.egg-info/dependency_links.txt
[0.670s] writing top-level names to base_interfaces_demo.egg-info/top_level.txt
[0.675s] reading manifest file 'base_interfaces_demo.egg-info/SOURCES.txt'
[0.675s] writing manifest file 'base_interfaces_demo.egg-info/SOURCES.txt'
[0.733s] [100%] Built target ament_cmake_python_build_base_interfaces_demo_egg
[0.758s] Invoked command in '/home/cwx/demo01_ws/build/base_interfaces_demo' returned '0': CMAKE_PREFIX_PATH=/opt/ros/humble /usr/bin/cmake --build /home/cwx/demo01_ws/build/base_interfaces_demo -- -j8 -l8
[0.780s] Invoking command in '/home/cwx/demo01_ws/build/base_interfaces_demo': CMAKE_PREFIX_PATH=/opt/ros/humble /usr/bin/cmake --install /home/cwx/demo01_ws/build/base_interfaces_demo
[0.796s] -- Install configuration: ""
[0.797s] -- Up-to-date: /home/cwx/demo01_ws/install/base_interfaces_demo/share/ament_index/resource_index/rosidl_interfaces/base_interfaces_demo
[0.797s] -- Up-to-date: /home/cwx/demo01_ws/install/base_interfaces_demo/include/base_interfaces_demo/base_interfaces_demo
[0.797s] -- Up-to-date: /home/cwx/demo01_ws/install/base_interfaces_demo/include/base_interfaces_demo/base_interfaces_demo/srv
[0.797s] -- Up-to-date: /home/cwx/demo01_ws/install/base_interfaces_demo/include/base_interfaces_demo/base_interfaces_demo/srv/position.h
[0.797s] -- Up-to-date: /home/cwx/demo01_ws/install/base_interfaces_demo/include/base_interfaces_demo/base_interfaces_demo/srv/detail
[0.797s] -- Up-to-date: /home/cwx/demo01_ws/install/base_interfaces_demo/include/base_interfaces_demo/base_interfaces_demo/srv/detail/position__functions.c
[0.798s] -- Up-to-date: /home/cwx/demo01_ws/install/base_interfaces_demo/include/base_interfaces_demo/base_interfaces_demo/srv/detail/position__functions.h
[0.798s] -- Up-to-date: /home/cwx/demo01_ws/install/base_interfaces_demo/include/base_interfaces_demo/base_interfaces_demo/srv/detail/position__type_support.h
[0.798s] -- Up-to-date: /home/cwx/demo01_ws/install/base_interfaces_demo/include/base_interfaces_demo/base_interfaces_demo/srv/detail/position__struct.h
[0.798s] -- Up-to-date: /home/cwx/demo01_ws/install/base_interfaces_demo/include/base_interfaces_demo/base_interfaces_demo/msg
[0.798s] -- Up-to-date: /home/cwx/demo01_ws/install/base_interfaces_demo/include/base_interfaces_demo/base_interfaces_demo/msg/rosidl_generator_c__visibility_control.h
[0.798s] -- Up-to-date: /home/cwx/demo01_ws/install/base_interfaces_demo/share/base_interfaces_demo/environment/library_path.sh
[0.798s] -- Up-to-date: /home/cwx/demo01_ws/install/base_interfaces_demo/share/base_interfaces_demo/environment/library_path.dsv
[0.798s] -- Up-to-date: /home/cwx/demo01_ws/install/base_interfaces_demo/lib/libbase_interfaces_demo__rosidl_generator_c.so
[0.799s] -- Up-to-date: /home/cwx/demo01_ws/install/base_interfaces_demo/include/base_interfaces_demo/base_interfaces_demo
[0.799s] -- Up-to-date: /home/cwx/demo01_ws/install/base_interfaces_demo/include/base_interfaces_demo/base_interfaces_demo/srv
[0.799s] -- Up-to-date: /home/cwx/demo01_ws/install/base_interfaces_demo/include/base_interfaces_demo/base_interfaces_demo/srv/detail
[0.799s] -- Up-to-date: /home/cwx/demo01_ws/install/base_interfaces_demo/include/base_interfaces_demo/base_interfaces_demo/srv/detail/position__rosidl_typesupport_fastrtps_c.h
[0.800s] -- Up-to-date: /home/cwx/demo01_ws/install/base_interfaces_demo/include/base_interfaces_demo/base_interfaces_demo/msg
[0.800s] -- Up-to-date: /home/cwx/demo01_ws/install/base_interfaces_demo/include/base_interfaces_demo/base_interfaces_demo/msg/rosidl_typesupport_fastrtps_c__visibility_control.h
[0.800s] -- Up-to-date: /home/cwx/demo01_ws/install/base_interfaces_demo/lib/libbase_interfaces_demo__rosidl_typesupport_fastrtps_c.so
[0.800s] -- Up-to-date: /home/cwx/demo01_ws/install/base_interfaces_demo/include/base_interfaces_demo/base_interfaces_demo
[0.801s] -- Up-to-date: /home/cwx/demo01_ws/install/base_interfaces_demo/include/base_interfaces_demo/base_interfaces_demo/srv
[0.801s] -- Up-to-date: /home/cwx/demo01_ws/install/base_interfaces_demo/include/base_interfaces_demo/base_interfaces_demo/srv/detail
[0.801s] -- Up-to-date: /home/cwx/demo01_ws/install/base_interfaces_demo/include/base_interfaces_demo/base_interfaces_demo/srv/detail/position__struct.hpp
[0.801s] -- Up-to-date: /home/cwx/demo01_ws/install/base_interfaces_demo/include/base_interfaces_demo/base_interfaces_demo/srv/detail/position__type_support.hpp
[0.801s] -- Up-to-date: /home/cwx/demo01_ws/install/base_interfaces_demo/include/base_interfaces_demo/base_interfaces_demo/srv/detail/position__traits.hpp
[0.801s] -- Up-to-date: /home/cwx/demo01_ws/install/base_interfaces_demo/include/base_interfaces_demo/base_interfaces_demo/srv/detail/position__builder.hpp
[0.801s] -- Up-to-date: /home/cwx/demo01_ws/install/base_interfaces_demo/include/base_interfaces_demo/base_interfaces_demo/srv/position.hpp
[0.801s] -- Up-to-date: /home/cwx/demo01_ws/install/base_interfaces_demo/include/base_interfaces_demo/base_interfaces_demo/msg
[0.802s] -- Up-to-date: /home/cwx/demo01_ws/install/base_interfaces_demo/include/base_interfaces_demo/base_interfaces_demo/msg/rosidl_generator_cpp__visibility_control.hpp
[0.802s] -- Up-to-date: /home/cwx/demo01_ws/install/base_interfaces_demo/include/base_interfaces_demo/base_interfaces_demo
[0.802s] -- Up-to-date: /home/cwx/demo01_ws/install/base_interfaces_demo/include/base_interfaces_demo/base_interfaces_demo/srv
[0.802s] -- Up-to-date: /home/cwx/demo01_ws/install/base_interfaces_demo/include/base_interfaces_demo/base_interfaces_demo/srv/detail
[0.802s] -- Up-to-date: /home/cwx/demo01_ws/install/base_interfaces_demo/include/base_interfaces_demo/base_interfaces_demo/srv/detail/position__rosidl_typesupport_fastrtps_cpp.hpp
[0.803s] -- Up-to-date: /home/cwx/demo01_ws/install/base_interfaces_demo/include/base_interfaces_demo/base_interfaces_demo/srv/detail/dds_fastrtps
[0.803s] -- Up-to-date: /home/cwx/demo01_ws/install/base_interfaces_demo/include/base_interfaces_demo/base_interfaces_demo/msg
[0.804s] -- Up-to-date: /home/cwx/demo01_ws/install/base_interfaces_demo/include/base_interfaces_demo/base_interfaces_demo/msg/rosidl_typesupport_fastrtps_cpp__visibility_control.h
[0.804s] -- Up-to-date: /home/cwx/demo01_ws/install/base_interfaces_demo/lib/libbase_interfaces_demo__rosidl_typesupport_fastrtps_cpp.so
[0.804s] -- Up-to-date: /home/cwx/demo01_ws/install/base_interfaces_demo/include/base_interfaces_demo/base_interfaces_demo
[0.804s] -- Up-to-date: /home/cwx/demo01_ws/install/base_interfaces_demo/include/base_interfaces_demo/base_interfaces_demo/srv
[0.804s] -- Up-to-date: /home/cwx/demo01_ws/install/base_interfaces_demo/include/base_interfaces_demo/base_interfaces_demo/srv/detail
[0.805s] -- Up-to-date: /home/cwx/demo01_ws/install/base_interfaces_demo/include/base_interfaces_demo/base_interfaces_demo/srv/detail/position__rosidl_typesupport_introspection_c.h
[0.805s] -- Up-to-date: /home/cwx/demo01_ws/install/base_interfaces_demo/include/base_interfaces_demo/base_interfaces_demo/srv/detail/position__type_support.c
[0.805s] -- Up-to-date: /home/cwx/demo01_ws/install/base_interfaces_demo/include/base_interfaces_demo/base_interfaces_demo/msg
[0.805s] -- Up-to-date: /home/cwx/demo01_ws/install/base_interfaces_demo/include/base_interfaces_demo/base_interfaces_demo/msg/rosidl_typesupport_introspection_c__visibility_control.h
[0.806s] -- Up-to-date: /home/cwx/demo01_ws/install/base_interfaces_demo/lib/libbase_interfaces_demo__rosidl_typesupport_introspection_c.so
[0.806s] -- Up-to-date: /home/cwx/demo01_ws/install/base_interfaces_demo/lib/libbase_interfaces_demo__rosidl_typesupport_c.so
[0.806s] -- Up-to-date: /home/cwx/demo01_ws/install/base_interfaces_demo/include/base_interfaces_demo/base_interfaces_demo
[0.806s] -- Up-to-date: /home/cwx/demo01_ws/install/base_interfaces_demo/include/base_interfaces_demo/base_interfaces_demo/srv
[0.806s] -- Up-to-date: /home/cwx/demo01_ws/install/base_interfaces_demo/include/base_interfaces_demo/base_interfaces_demo/srv/detail
[0.806s] -- Up-to-date: /home/cwx/demo01_ws/install/base_interfaces_demo/include/base_interfaces_demo/base_interfaces_demo/srv/detail/position__type_support.cpp
[0.806s] -- Up-to-date: /home/cwx/demo01_ws/install/base_interfaces_demo/include/base_interfaces_demo/base_interfaces_demo/srv/detail/position__rosidl_typesupport_introspection_cpp.hpp
[0.806s] -- Up-to-date: /home/cwx/demo01_ws/install/base_interfaces_demo/lib/libbase_interfaces_demo__rosidl_typesupport_introspection_cpp.so
[0.806s] -- Up-to-date: /home/cwx/demo01_ws/install/base_interfaces_demo/lib/libbase_interfaces_demo__rosidl_typesupport_cpp.so
[0.806s] -- Up-to-date: /home/cwx/demo01_ws/install/base_interfaces_demo/share/base_interfaces_demo/environment/pythonpath.sh
[0.806s] -- Up-to-date: /home/cwx/demo01_ws/install/base_interfaces_demo/share/base_interfaces_demo/environment/pythonpath.dsv
[0.807s] -- Up-to-date: /home/cwx/demo01_ws/install/base_interfaces_demo/local/lib/python3.10/dist-packages/base_interfaces_demo-0.0.0-py3.10.egg-info
[0.807s] -- Installing: /home/cwx/demo01_ws/install/base_interfaces_demo/local/lib/python3.10/dist-packages/base_interfaces_demo-0.0.0-py3.10.egg-info/SOURCES.txt
[0.807s] -- Installing: /home/cwx/demo01_ws/install/base_interfaces_demo/local/lib/python3.10/dist-packages/base_interfaces_demo-0.0.0-py3.10.egg-info/top_level.txt
[0.807s] -- Installing: /home/cwx/demo01_ws/install/base_interfaces_demo/local/lib/python3.10/dist-packages/base_interfaces_demo-0.0.0-py3.10.egg-info/PKG-INFO
[0.807s] -- Installing: /home/cwx/demo01_ws/install/base_interfaces_demo/local/lib/python3.10/dist-packages/base_interfaces_demo-0.0.0-py3.10.egg-info/dependency_links.txt
[0.807s] -- Up-to-date: /home/cwx/demo01_ws/install/base_interfaces_demo/local/lib/python3.10/dist-packages/base_interfaces_demo
[0.807s] -- Up-to-date: /home/cwx/demo01_ws/install/base_interfaces_demo/local/lib/python3.10/dist-packages/base_interfaces_demo/_base_interfaces_demo_s.ep.rosidl_typesupport_fastrtps_c.c
[0.807s] -- Up-to-date: /home/cwx/demo01_ws/install/base_interfaces_demo/local/lib/python3.10/dist-packages/base_interfaces_demo/srv
[0.807s] -- Up-to-date: /home/cwx/demo01_ws/install/base_interfaces_demo/local/lib/python3.10/dist-packages/base_interfaces_demo/srv/_position.py
[0.807s] -- Up-to-date: /home/cwx/demo01_ws/install/base_interfaces_demo/local/lib/python3.10/dist-packages/base_interfaces_demo/srv/_position_s.c
[0.808s] -- Up-to-date: /home/cwx/demo01_ws/install/base_interfaces_demo/local/lib/python3.10/dist-packages/base_interfaces_demo/srv/__init__.py
[0.808s] -- Up-to-date: /home/cwx/demo01_ws/install/base_interfaces_demo/local/lib/python3.10/dist-packages/base_interfaces_demo/libbase_interfaces_demo__rosidl_generator_py.so
[0.808s] -- Up-to-date: /home/cwx/demo01_ws/install/base_interfaces_demo/local/lib/python3.10/dist-packages/base_interfaces_demo/base_interfaces_demo_s__rosidl_typesupport_introspection_c.cpython-310-x86_64-linux-gnu.so
[0.808s] -- Up-to-date: /home/cwx/demo01_ws/install/base_interfaces_demo/local/lib/python3.10/dist-packages/base_interfaces_demo/_base_interfaces_demo_s.ep.rosidl_typesupport_introspection_c.c
[0.808s] -- Up-to-date: /home/cwx/demo01_ws/install/base_interfaces_demo/local/lib/python3.10/dist-packages/base_interfaces_demo/base_interfaces_demo_s__rosidl_typesupport_fastrtps_c.cpython-310-x86_64-linux-gnu.so
[0.808s] -- Up-to-date: /home/cwx/demo01_ws/install/base_interfaces_demo/local/lib/python3.10/dist-packages/base_interfaces_demo/__init__.py
[0.808s] -- Up-to-date: /home/cwx/demo01_ws/install/base_interfaces_demo/local/lib/python3.10/dist-packages/base_interfaces_demo/_base_interfaces_demo_s.ep.rosidl_typesupport_c.c
[0.808s] -- Up-to-date: /home/cwx/demo01_ws/install/base_interfaces_demo/local/lib/python3.10/dist-packages/base_interfaces_demo/base_interfaces_demo_s__rosidl_typesupport_c.cpython-310-x86_64-linux-gnu.so
[0.867s] Listing '/home/cwx/demo01_ws/install/base_interfaces_demo/local/lib/python3.10/dist-packages/base_interfaces_demo'...
[0.867s] Listing '/home/cwx/demo01_ws/install/base_interfaces_demo/local/lib/python3.10/dist-packages/base_interfaces_demo/srv'...
[0.873s] -- Up-to-date: /home/cwx/demo01_ws/install/base_interfaces_demo/local/lib/python3.10/dist-packages/base_interfaces_demo/base_interfaces_demo_s__rosidl_typesupport_fastrtps_c.cpython-310-x86_64-linux-gnu.so
[0.875s] -- Up-to-date: /home/cwx/demo01_ws/install/base_interfaces_demo/local/lib/python3.10/dist-packages/base_interfaces_demo/base_interfaces_demo_s__rosidl_typesupport_introspection_c.cpython-310-x86_64-linux-gnu.so
[0.876s] -- Up-to-date: /home/cwx/demo01_ws/install/base_interfaces_demo/local/lib/python3.10/dist-packages/base_interfaces_demo/base_interfaces_demo_s__rosidl_typesupport_c.cpython-310-x86_64-linux-gnu.so
[0.876s] -- Up-to-date: /home/cwx/demo01_ws/install/base_interfaces_demo/lib/libbase_interfaces_demo__rosidl_generator_py.so
[0.876s] -- Up-to-date: /home/cwx/demo01_ws/install/base_interfaces_demo/share/base_interfaces_demo/srv/Position.idl
[0.877s] -- Up-to-date: /home/cwx/demo01_ws/install/base_interfaces_demo/share/base_interfaces_demo/srv/Position.srv
[0.877s] -- Up-to-date: /home/cwx/demo01_ws/install/base_interfaces_demo/share/base_interfaces_demo/srv/Position_Request.msg
[0.877s] -- Up-to-date: /home/cwx/demo01_ws/install/base_interfaces_demo/share/base_interfaces_demo/srv/Position_Response.msg
[0.877s] -- Up-to-date: /home/cwx/demo01_ws/install/base_interfaces_demo/share/ament_index/resource_index/package_run_dependencies/base_interfaces_demo
[0.877s] -- Up-to-date: /home/cwx/demo01_ws/install/base_interfaces_demo/share/ament_index/resource_index/parent_prefix_path/base_interfaces_demo
[0.878s] -- Up-to-date: /home/cwx/demo01_ws/install/base_interfaces_demo/share/base_interfaces_demo/environment/ament_prefix_path.sh
[0.878s] -- Up-to-date: /home/cwx/demo01_ws/install/base_interfaces_demo/share/base_interfaces_demo/environment/ament_prefix_path.dsv
[0.878s] -- Up-to-date: /home/cwx/demo01_ws/install/base_interfaces_demo/share/base_interfaces_demo/environment/path.sh
[0.878s] -- Up-to-date: /home/cwx/demo01_ws/install/base_interfaces_demo/share/base_interfaces_demo/environment/path.dsv
[0.878s] -- Up-to-date: /home/cwx/demo01_ws/install/base_interfaces_demo/share/base_interfaces_demo/local_setup.bash
[0.878s] -- Up-to-date: /home/cwx/demo01_ws/install/base_interfaces_demo/share/base_interfaces_demo/local_setup.sh
[0.878s] -- Up-to-date: /home/cwx/demo01_ws/install/base_interfaces_demo/share/base_interfaces_demo/local_setup.zsh
[0.879s] -- Up-to-date: /home/cwx/demo01_ws/install/base_interfaces_demo/share/base_interfaces_demo/local_setup.dsv
[0.879s] -- Installing: /home/cwx/demo01_ws/install/base_interfaces_demo/share/base_interfaces_demo/package.dsv
[0.879s] -- Up-to-date: /home/cwx/demo01_ws/install/base_interfaces_demo/share/ament_index/resource_index/packages/base_interfaces_demo
[0.879s] -- Up-to-date: /home/cwx/demo01_ws/install/base_interfaces_demo/share/base_interfaces_demo/cmake/export_base_interfaces_demo__rosidl_generator_cExport.cmake
[0.879s] -- Up-to-date: /home/cwx/demo01_ws/install/base_interfaces_demo/share/base_interfaces_demo/cmake/export_base_interfaces_demo__rosidl_generator_cExport-noconfig.cmake
[0.879s] -- Up-to-date: /home/cwx/demo01_ws/install/base_interfaces_demo/share/base_interfaces_demo/cmake/export_base_interfaces_demo__rosidl_typesupport_fastrtps_cExport.cmake
[0.879s] -- Up-to-date: /home/cwx/demo01_ws/install/base_interfaces_demo/share/base_interfaces_demo/cmake/export_base_interfaces_demo__rosidl_typesupport_fastrtps_cExport-noconfig.cmake
[0.880s] -- Up-to-date: /home/cwx/demo01_ws/install/base_interfaces_demo/share/base_interfaces_demo/cmake/export_base_interfaces_demo__rosidl_generator_cppExport.cmake
[0.880s] -- Up-to-date: /home/cwx/demo01_ws/install/base_interfaces_demo/share/base_interfaces_demo/cmake/export_base_interfaces_demo__rosidl_typesupport_fastrtps_cppExport.cmake
[0.880s] -- Up-to-date: /home/cwx/demo01_ws/install/base_interfaces_demo/share/base_interfaces_demo/cmake/export_base_interfaces_demo__rosidl_typesupport_fastrtps_cppExport-noconfig.cmake
[0.880s] -- Up-to-date: /home/cwx/demo01_ws/install/base_interfaces_demo/share/base_interfaces_demo/cmake/base_interfaces_demo__rosidl_typesupport_introspection_cExport.cmake
[0.880s] -- Up-to-date: /home/cwx/demo01_ws/install/base_interfaces_demo/share/base_interfaces_demo/cmake/base_interfaces_demo__rosidl_typesupport_introspection_cExport-noconfig.cmake
[0.881s] -- Up-to-date: /home/cwx/demo01_ws/install/base_interfaces_demo/share/base_interfaces_demo/cmake/base_interfaces_demo__rosidl_typesupport_cExport.cmake
[0.881s] -- Up-to-date: /home/cwx/demo01_ws/install/base_interfaces_demo/share/base_interfaces_demo/cmake/base_interfaces_demo__rosidl_typesupport_cExport-noconfig.cmake
[0.881s] -- Up-to-date: /home/cwx/demo01_ws/install/base_interfaces_demo/share/base_interfaces_demo/cmake/base_interfaces_demo__rosidl_typesupport_introspection_cppExport.cmake
[0.881s] -- Up-to-date: /home/cwx/demo01_ws/install/base_interfaces_demo/share/base_interfaces_demo/cmake/base_interfaces_demo__rosidl_typesupport_introspection_cppExport-noconfig.cmake
[0.881s] -- Up-to-date: /home/cwx/demo01_ws/install/base_interfaces_demo/share/base_interfaces_demo/cmake/base_interfaces_demo__rosidl_typesupport_cppExport.cmake
[0.881s] -- Up-to-date: /home/cwx/demo01_ws/install/base_interfaces_demo/share/base_interfaces_demo/cmake/base_interfaces_demo__rosidl_typesupport_cppExport-noconfig.cmake
[0.881s] -- Up-to-date: /home/cwx/demo01_ws/install/base_interfaces_demo/share/base_interfaces_demo/cmake/export_base_interfaces_demo__rosidl_generator_pyExport.cmake
[0.881s] -- Up-to-date: /home/cwx/demo01_ws/install/base_interfaces_demo/share/base_interfaces_demo/cmake/export_base_interfaces_demo__rosidl_generator_pyExport-noconfig.cmake
[0.881s] -- Up-to-date: /home/cwx/demo01_ws/install/base_interfaces_demo/share/base_interfaces_demo/cmake/rosidl_cmake-extras.cmake
[0.882s] -- Up-to-date: /home/cwx/demo01_ws/install/base_interfaces_demo/share/base_interfaces_demo/cmake/ament_cmake_export_include_directories-extras.cmake
[0.882s] -- Up-to-date: /home/cwx/demo01_ws/install/base_interfaces_demo/share/base_interfaces_demo/cmake/ament_cmake_export_libraries-extras.cmake
[0.882s] -- Up-to-date: /home/cwx/demo01_ws/install/base_interfaces_demo/share/base_interfaces_demo/cmake/ament_cmake_export_targets-extras.cmake
[0.883s] -- Up-to-date: /home/cwx/demo01_ws/install/base_interfaces_demo/share/base_interfaces_demo/cmake/rosidl_cmake_export_typesupport_targets-extras.cmake
[0.883s] -- Up-to-date: /home/cwx/demo01_ws/install/base_interfaces_demo/share/base_interfaces_demo/cmake/ament_cmake_export_dependencies-extras.cmake
[0.883s] -- Up-to-date: /home/cwx/demo01_ws/install/base_interfaces_demo/share/base_interfaces_demo/cmake/rosidl_cmake_export_typesupport_libraries-extras.cmake
[0.884s] -- Up-to-date: /home/cwx/demo01_ws/install/base_interfaces_demo/share/base_interfaces_demo/cmake/base_interfaces_demoConfig.cmake
[0.884s] -- Up-to-date: /home/cwx/demo01_ws/install/base_interfaces_demo/share/base_interfaces_demo/cmake/base_interfaces_demoConfig-version.cmake
[0.884s] -- Up-to-date: /home/cwx/demo01_ws/install/base_interfaces_demo/share/base_interfaces_demo/package.xml
[0.887s] Invoked command in '/home/cwx/demo01_ws/build/base_interfaces_demo' returned '0': CMAKE_PREFIX_PATH=/opt/ros/humble /usr/bin/cmake --install /home/cwx/demo01_ws/build/base_interfaces_demo
