[0.027s] Invoking command in '/home/cwx/demo01_ws/build/base_interfaces_demo': CMAKE_PREFIX_PATH=/opt/ros/humble /usr/bin/cmake --build /home/cwx/demo01_ws/build/base_interfaces_demo -- -j8 -l8
[0.146s] [  9%] Built target base_interfaces_demo__rosidl_generator_c
[0.152s] [ 12%] Built target base_interfaces_demo__cpp
[0.171s] [ 12%] Built target ament_cmake_python_copy_base_interfaces_demo
[0.222s] [ 25%] Built target base_interfaces_demo__rosidl_typesupport_fastrtps_c
[0.223s] [ 38%] Built target base_interfaces_demo__rosidl_typesupport_introspection_c
[0.223s] [ 41%] Built target base_interfaces_demo__rosidl_typesupport_c
[0.228s] [ 51%] Built target base_interfaces_demo__rosidl_typesupport_introspection_cpp
[0.239s] [ 64%] Built target base_interfaces_demo__rosidl_typesupport_cpp
[0.239s] [ 70%] Built target base_interfaces_demo__rosidl_typesupport_fastrtps_cpp
[0.289s] [ 70%] Built target base_interfaces_demo
[0.341s] [ 74%] Built target base_interfaces_demo__py
[0.395s] [ 80%] Built target base_interfaces_demo__rosidl_generator_py
[0.449s] [100%] Built target base_interfaces_demo__rosidl_typesupport_fastrtps_c__pyext
[0.449s] [100%] Built target base_interfaces_demo__rosidl_typesupport_c__pyext
[0.449s] [100%] Built target base_interfaces_demo__rosidl_typesupport_introspection_c__pyext
[0.607s] running egg_info
[0.609s] writing base_interfaces_demo.egg-info/PKG-INFO
[0.609s] writing dependency_links to base_interfaces_demo.egg-info/dependency_links.txt
[0.610s] writing top-level names to base_interfaces_demo.egg-info/top_level.txt
[0.613s] reading manifest file 'base_interfaces_demo.egg-info/SOURCES.txt'
[0.614s] writing manifest file 'base_interfaces_demo.egg-info/SOURCES.txt'
[0.661s] [100%] Built target ament_cmake_python_build_base_interfaces_demo_egg
[0.685s] Invoked command in '/home/cwx/demo01_ws/build/base_interfaces_demo' returned '0': CMAKE_PREFIX_PATH=/opt/ros/humble /usr/bin/cmake --build /home/cwx/demo01_ws/build/base_interfaces_demo -- -j8 -l8
[0.688s] Invoking command in '/home/cwx/demo01_ws/build/base_interfaces_demo': CMAKE_PREFIX_PATH=/opt/ros/humble /usr/bin/cmake --install /home/cwx/demo01_ws/build/base_interfaces_demo
[0.704s] -- Install configuration: ""
[0.704s] -- Up-to-date: /home/cwx/demo01_ws/install/base_interfaces_demo/share/ament_index/resource_index/rosidl_interfaces/base_interfaces_demo
[0.705s] -- Up-to-date: /home/cwx/demo01_ws/install/base_interfaces_demo/include/base_interfaces_demo/base_interfaces_demo
[0.705s] -- Up-to-date: /home/cwx/demo01_ws/install/base_interfaces_demo/include/base_interfaces_demo/base_interfaces_demo/srv
[0.705s] -- Up-to-date: /home/cwx/demo01_ws/install/base_interfaces_demo/include/base_interfaces_demo/base_interfaces_demo/srv/position.h
[0.706s] -- Up-to-date: /home/cwx/demo01_ws/install/base_interfaces_demo/include/base_interfaces_demo/base_interfaces_demo/srv/detail
[0.706s] -- Up-to-date: /home/cwx/demo01_ws/install/base_interfaces_demo/include/base_interfaces_demo/base_interfaces_demo/srv/detail/position__functions.c
[0.706s] -- Up-to-date: /home/cwx/demo01_ws/install/base_interfaces_demo/include/base_interfaces_demo/base_interfaces_demo/srv/detail/position__functions.h
[0.706s] -- Up-to-date: /home/cwx/demo01_ws/install/base_interfaces_demo/include/base_interfaces_demo/base_interfaces_demo/srv/detail/position__type_support.h
[0.706s] -- Up-to-date: /home/cwx/demo01_ws/install/base_interfaces_demo/include/base_interfaces_demo/base_interfaces_demo/srv/detail/position__struct.h
[0.707s] -- Up-to-date: /home/cwx/demo01_ws/install/base_interfaces_demo/include/base_interfaces_demo/base_interfaces_demo/msg
[0.707s] -- Up-to-date: /home/cwx/demo01_ws/install/base_interfaces_demo/include/base_interfaces_demo/base_interfaces_demo/msg/rosidl_generator_c__visibility_control.h
[0.707s] -- Up-to-date: /home/cwx/demo01_ws/install/base_interfaces_demo/share/base_interfaces_demo/environment/library_path.sh
[0.707s] -- Up-to-date: /home/cwx/demo01_ws/install/base_interfaces_demo/share/base_interfaces_demo/environment/library_path.dsv
[0.707s] -- Up-to-date: /home/cwx/demo01_ws/install/base_interfaces_demo/lib/libbase_interfaces_demo__rosidl_generator_c.so
[0.707s] -- Up-to-date: /home/cwx/demo01_ws/install/base_interfaces_demo/include/base_interfaces_demo/base_interfaces_demo
[0.708s] -- Up-to-date: /home/cwx/demo01_ws/install/base_interfaces_demo/include/base_interfaces_demo/base_interfaces_demo/srv
[0.708s] -- Up-to-date: /home/cwx/demo01_ws/install/base_interfaces_demo/include/base_interfaces_demo/base_interfaces_demo/srv/detail
[0.708s] -- Up-to-date: /home/cwx/demo01_ws/install/base_interfaces_demo/include/base_interfaces_demo/base_interfaces_demo/srv/detail/position__rosidl_typesupport_fastrtps_c.h
[0.708s] -- Up-to-date: /home/cwx/demo01_ws/install/base_interfaces_demo/include/base_interfaces_demo/base_interfaces_demo/msg
[0.708s] -- Up-to-date: /home/cwx/demo01_ws/install/base_interfaces_demo/include/base_interfaces_demo/base_interfaces_demo/msg/rosidl_typesupport_fastrtps_c__visibility_control.h
[0.708s] -- Up-to-date: /home/cwx/demo01_ws/install/base_interfaces_demo/lib/libbase_interfaces_demo__rosidl_typesupport_fastrtps_c.so
[0.708s] -- Up-to-date: /home/cwx/demo01_ws/install/base_interfaces_demo/include/base_interfaces_demo/base_interfaces_demo
[0.709s] -- Up-to-date: /home/cwx/demo01_ws/install/base_interfaces_demo/include/base_interfaces_demo/base_interfaces_demo/srv
[0.709s] -- Up-to-date: /home/cwx/demo01_ws/install/base_interfaces_demo/include/base_interfaces_demo/base_interfaces_demo/srv/detail
[0.709s] -- Up-to-date: /home/cwx/demo01_ws/install/base_interfaces_demo/include/base_interfaces_demo/base_interfaces_demo/srv/detail/position__struct.hpp
[0.709s] -- Up-to-date: /home/cwx/demo01_ws/install/base_interfaces_demo/include/base_interfaces_demo/base_interfaces_demo/srv/detail/position__type_support.hpp
[0.709s] -- Up-to-date: /home/cwx/demo01_ws/install/base_interfaces_demo/include/base_interfaces_demo/base_interfaces_demo/srv/detail/position__traits.hpp
[0.709s] -- Up-to-date: /home/cwx/demo01_ws/install/base_interfaces_demo/include/base_interfaces_demo/base_interfaces_demo/srv/detail/position__builder.hpp
[0.709s] -- Up-to-date: /home/cwx/demo01_ws/install/base_interfaces_demo/include/base_interfaces_demo/base_interfaces_demo/srv/position.hpp
[0.710s] -- Up-to-date: /home/cwx/demo01_ws/install/base_interfaces_demo/include/base_interfaces_demo/base_interfaces_demo/msg
[0.710s] -- Up-to-date: /home/cwx/demo01_ws/install/base_interfaces_demo/include/base_interfaces_demo/base_interfaces_demo/msg/rosidl_generator_cpp__visibility_control.hpp
[0.710s] -- Up-to-date: /home/cwx/demo01_ws/install/base_interfaces_demo/include/base_interfaces_demo/base_interfaces_demo
[0.710s] -- Up-to-date: /home/cwx/demo01_ws/install/base_interfaces_demo/include/base_interfaces_demo/base_interfaces_demo/srv
[0.710s] -- Up-to-date: /home/cwx/demo01_ws/install/base_interfaces_demo/include/base_interfaces_demo/base_interfaces_demo/srv/detail
[0.710s] -- Up-to-date: /home/cwx/demo01_ws/install/base_interfaces_demo/include/base_interfaces_demo/base_interfaces_demo/srv/detail/position__rosidl_typesupport_fastrtps_cpp.hpp
[0.711s] -- Up-to-date: /home/cwx/demo01_ws/install/base_interfaces_demo/include/base_interfaces_demo/base_interfaces_demo/srv/detail/dds_fastrtps
[0.711s] -- Up-to-date: /home/cwx/demo01_ws/install/base_interfaces_demo/include/base_interfaces_demo/base_interfaces_demo/msg
[0.711s] -- Up-to-date: /home/cwx/demo01_ws/install/base_interfaces_demo/include/base_interfaces_demo/base_interfaces_demo/msg/rosidl_typesupport_fastrtps_cpp__visibility_control.h
[0.711s] -- Up-to-date: /home/cwx/demo01_ws/install/base_interfaces_demo/lib/libbase_interfaces_demo__rosidl_typesupport_fastrtps_cpp.so
[0.711s] -- Up-to-date: /home/cwx/demo01_ws/install/base_interfaces_demo/include/base_interfaces_demo/base_interfaces_demo
[0.711s] -- Up-to-date: /home/cwx/demo01_ws/install/base_interfaces_demo/include/base_interfaces_demo/base_interfaces_demo/srv
[0.711s] -- Up-to-date: /home/cwx/demo01_ws/install/base_interfaces_demo/include/base_interfaces_demo/base_interfaces_demo/srv/detail
[0.712s] -- Up-to-date: /home/cwx/demo01_ws/install/base_interfaces_demo/include/base_interfaces_demo/base_interfaces_demo/srv/detail/position__rosidl_typesupport_introspection_c.h
[0.712s] -- Up-to-date: /home/cwx/demo01_ws/install/base_interfaces_demo/include/base_interfaces_demo/base_interfaces_demo/srv/detail/position__type_support.c
[0.712s] -- Up-to-date: /home/cwx/demo01_ws/install/base_interfaces_demo/include/base_interfaces_demo/base_interfaces_demo/msg
[0.713s] -- Up-to-date: /home/cwx/demo01_ws/install/base_interfaces_demo/include/base_interfaces_demo/base_interfaces_demo/msg/rosidl_typesupport_introspection_c__visibility_control.h
[0.713s] -- Up-to-date: /home/cwx/demo01_ws/install/base_interfaces_demo/lib/libbase_interfaces_demo__rosidl_typesupport_introspection_c.so
[0.714s] -- Up-to-date: /home/cwx/demo01_ws/install/base_interfaces_demo/lib/libbase_interfaces_demo__rosidl_typesupport_c.so
[0.714s] -- Up-to-date: /home/cwx/demo01_ws/install/base_interfaces_demo/include/base_interfaces_demo/base_interfaces_demo
[0.714s] -- Up-to-date: /home/cwx/demo01_ws/install/base_interfaces_demo/include/base_interfaces_demo/base_interfaces_demo/srv
[0.714s] -- Up-to-date: /home/cwx/demo01_ws/install/base_interfaces_demo/include/base_interfaces_demo/base_interfaces_demo/srv/detail
[0.714s] -- Up-to-date: /home/cwx/demo01_ws/install/base_interfaces_demo/include/base_interfaces_demo/base_interfaces_demo/srv/detail/position__type_support.cpp
[0.714s] -- Up-to-date: /home/cwx/demo01_ws/install/base_interfaces_demo/include/base_interfaces_demo/base_interfaces_demo/srv/detail/position__rosidl_typesupport_introspection_cpp.hpp
[0.714s] -- Up-to-date: /home/cwx/demo01_ws/install/base_interfaces_demo/lib/libbase_interfaces_demo__rosidl_typesupport_introspection_cpp.so
[0.714s] -- Up-to-date: /home/cwx/demo01_ws/install/base_interfaces_demo/lib/libbase_interfaces_demo__rosidl_typesupport_cpp.so
[0.714s] -- Up-to-date: /home/cwx/demo01_ws/install/base_interfaces_demo/share/base_interfaces_demo/environment/pythonpath.sh
[0.714s] -- Up-to-date: /home/cwx/demo01_ws/install/base_interfaces_demo/share/base_interfaces_demo/environment/pythonpath.dsv
[0.715s] -- Up-to-date: /home/cwx/demo01_ws/install/base_interfaces_demo/local/lib/python3.10/dist-packages/base_interfaces_demo-0.0.0-py3.10.egg-info
[0.715s] -- Installing: /home/cwx/demo01_ws/install/base_interfaces_demo/local/lib/python3.10/dist-packages/base_interfaces_demo-0.0.0-py3.10.egg-info/SOURCES.txt
[0.715s] -- Installing: /home/cwx/demo01_ws/install/base_interfaces_demo/local/lib/python3.10/dist-packages/base_interfaces_demo-0.0.0-py3.10.egg-info/top_level.txt
[0.715s] -- Installing: /home/cwx/demo01_ws/install/base_interfaces_demo/local/lib/python3.10/dist-packages/base_interfaces_demo-0.0.0-py3.10.egg-info/PKG-INFO
[0.715s] -- Installing: /home/cwx/demo01_ws/install/base_interfaces_demo/local/lib/python3.10/dist-packages/base_interfaces_demo-0.0.0-py3.10.egg-info/dependency_links.txt
[0.715s] -- Up-to-date: /home/cwx/demo01_ws/install/base_interfaces_demo/local/lib/python3.10/dist-packages/base_interfaces_demo
[0.715s] -- Up-to-date: /home/cwx/demo01_ws/install/base_interfaces_demo/local/lib/python3.10/dist-packages/base_interfaces_demo/_base_interfaces_demo_s.ep.rosidl_typesupport_fastrtps_c.c
[0.716s] -- Up-to-date: /home/cwx/demo01_ws/install/base_interfaces_demo/local/lib/python3.10/dist-packages/base_interfaces_demo/srv
[0.716s] -- Up-to-date: /home/cwx/demo01_ws/install/base_interfaces_demo/local/lib/python3.10/dist-packages/base_interfaces_demo/srv/_position.py
[0.716s] -- Up-to-date: /home/cwx/demo01_ws/install/base_interfaces_demo/local/lib/python3.10/dist-packages/base_interfaces_demo/srv/_position_s.c
[0.716s] -- Up-to-date: /home/cwx/demo01_ws/install/base_interfaces_demo/local/lib/python3.10/dist-packages/base_interfaces_demo/srv/__init__.py
[0.716s] -- Up-to-date: /home/cwx/demo01_ws/install/base_interfaces_demo/local/lib/python3.10/dist-packages/base_interfaces_demo/libbase_interfaces_demo__rosidl_generator_py.so
[0.716s] -- Up-to-date: /home/cwx/demo01_ws/install/base_interfaces_demo/local/lib/python3.10/dist-packages/base_interfaces_demo/base_interfaces_demo_s__rosidl_typesupport_introspection_c.cpython-310-x86_64-linux-gnu.so
[0.716s] -- Up-to-date: /home/cwx/demo01_ws/install/base_interfaces_demo/local/lib/python3.10/dist-packages/base_interfaces_demo/_base_interfaces_demo_s.ep.rosidl_typesupport_introspection_c.c
[0.716s] -- Up-to-date: /home/cwx/demo01_ws/install/base_interfaces_demo/local/lib/python3.10/dist-packages/base_interfaces_demo/base_interfaces_demo_s__rosidl_typesupport_fastrtps_c.cpython-310-x86_64-linux-gnu.so
[0.716s] -- Up-to-date: /home/cwx/demo01_ws/install/base_interfaces_demo/local/lib/python3.10/dist-packages/base_interfaces_demo/__init__.py
[0.716s] -- Up-to-date: /home/cwx/demo01_ws/install/base_interfaces_demo/local/lib/python3.10/dist-packages/base_interfaces_demo/_base_interfaces_demo_s.ep.rosidl_typesupport_c.c
[0.716s] -- Up-to-date: /home/cwx/demo01_ws/install/base_interfaces_demo/local/lib/python3.10/dist-packages/base_interfaces_demo/base_interfaces_demo_s__rosidl_typesupport_c.cpython-310-x86_64-linux-gnu.so
[0.772s] Listing '/home/cwx/demo01_ws/install/base_interfaces_demo/local/lib/python3.10/dist-packages/base_interfaces_demo'...
[0.772s] Listing '/home/cwx/demo01_ws/install/base_interfaces_demo/local/lib/python3.10/dist-packages/base_interfaces_demo/srv'...
[0.779s] -- Up-to-date: /home/cwx/demo01_ws/install/base_interfaces_demo/local/lib/python3.10/dist-packages/base_interfaces_demo/base_interfaces_demo_s__rosidl_typesupport_fastrtps_c.cpython-310-x86_64-linux-gnu.so
[0.779s] -- Up-to-date: /home/cwx/demo01_ws/install/base_interfaces_demo/local/lib/python3.10/dist-packages/base_interfaces_demo/base_interfaces_demo_s__rosidl_typesupport_introspection_c.cpython-310-x86_64-linux-gnu.so
[0.779s] -- Up-to-date: /home/cwx/demo01_ws/install/base_interfaces_demo/local/lib/python3.10/dist-packages/base_interfaces_demo/base_interfaces_demo_s__rosidl_typesupport_c.cpython-310-x86_64-linux-gnu.so
[0.780s] -- Up-to-date: /home/cwx/demo01_ws/install/base_interfaces_demo/lib/libbase_interfaces_demo__rosidl_generator_py.so
[0.781s] -- Up-to-date: /home/cwx/demo01_ws/install/base_interfaces_demo/share/base_interfaces_demo/srv/Position.idl
[0.781s] -- Up-to-date: /home/cwx/demo01_ws/install/base_interfaces_demo/share/base_interfaces_demo/srv/Position.srv
[0.781s] -- Up-to-date: /home/cwx/demo01_ws/install/base_interfaces_demo/share/base_interfaces_demo/srv/Position_Request.msg
[0.782s] -- Up-to-date: /home/cwx/demo01_ws/install/base_interfaces_demo/share/base_interfaces_demo/srv/Position_Response.msg
[0.782s] -- Up-to-date: /home/cwx/demo01_ws/install/base_interfaces_demo/share/ament_index/resource_index/package_run_dependencies/base_interfaces_demo
[0.782s] -- Up-to-date: /home/cwx/demo01_ws/install/base_interfaces_demo/share/ament_index/resource_index/parent_prefix_path/base_interfaces_demo
[0.782s] -- Up-to-date: /home/cwx/demo01_ws/install/base_interfaces_demo/share/base_interfaces_demo/environment/ament_prefix_path.sh
[0.782s] -- Up-to-date: /home/cwx/demo01_ws/install/base_interfaces_demo/share/base_interfaces_demo/environment/ament_prefix_path.dsv
[0.783s] -- Up-to-date: /home/cwx/demo01_ws/install/base_interfaces_demo/share/base_interfaces_demo/environment/path.sh
[0.783s] -- Up-to-date: /home/cwx/demo01_ws/install/base_interfaces_demo/share/base_interfaces_demo/environment/path.dsv
[0.783s] -- Up-to-date: /home/cwx/demo01_ws/install/base_interfaces_demo/share/base_interfaces_demo/local_setup.bash
[0.783s] -- Up-to-date: /home/cwx/demo01_ws/install/base_interfaces_demo/share/base_interfaces_demo/local_setup.sh
[0.784s] -- Up-to-date: /home/cwx/demo01_ws/install/base_interfaces_demo/share/base_interfaces_demo/local_setup.zsh
[0.784s] -- Up-to-date: /home/cwx/demo01_ws/install/base_interfaces_demo/share/base_interfaces_demo/local_setup.dsv
[0.784s] -- Installing: /home/cwx/demo01_ws/install/base_interfaces_demo/share/base_interfaces_demo/package.dsv
[0.784s] -- Up-to-date: /home/cwx/demo01_ws/install/base_interfaces_demo/share/ament_index/resource_index/packages/base_interfaces_demo
[0.785s] -- Up-to-date: /home/cwx/demo01_ws/install/base_interfaces_demo/share/base_interfaces_demo/cmake/export_base_interfaces_demo__rosidl_generator_cExport.cmake
[0.785s] -- Up-to-date: /home/cwx/demo01_ws/install/base_interfaces_demo/share/base_interfaces_demo/cmake/export_base_interfaces_demo__rosidl_generator_cExport-noconfig.cmake
[0.785s] -- Up-to-date: /home/cwx/demo01_ws/install/base_interfaces_demo/share/base_interfaces_demo/cmake/export_base_interfaces_demo__rosidl_typesupport_fastrtps_cExport.cmake
[0.785s] -- Up-to-date: /home/cwx/demo01_ws/install/base_interfaces_demo/share/base_interfaces_demo/cmake/export_base_interfaces_demo__rosidl_typesupport_fastrtps_cExport-noconfig.cmake
[0.785s] -- Up-to-date: /home/cwx/demo01_ws/install/base_interfaces_demo/share/base_interfaces_demo/cmake/export_base_interfaces_demo__rosidl_generator_cppExport.cmake
[0.786s] -- Up-to-date: /home/cwx/demo01_ws/install/base_interfaces_demo/share/base_interfaces_demo/cmake/export_base_interfaces_demo__rosidl_typesupport_fastrtps_cppExport.cmake
[0.786s] -- Up-to-date: /home/cwx/demo01_ws/install/base_interfaces_demo/share/base_interfaces_demo/cmake/export_base_interfaces_demo__rosidl_typesupport_fastrtps_cppExport-noconfig.cmake
[0.786s] -- Up-to-date: /home/cwx/demo01_ws/install/base_interfaces_demo/share/base_interfaces_demo/cmake/base_interfaces_demo__rosidl_typesupport_introspection_cExport.cmake
[0.786s] -- Up-to-date: /home/cwx/demo01_ws/install/base_interfaces_demo/share/base_interfaces_demo/cmake/base_interfaces_demo__rosidl_typesupport_introspection_cExport-noconfig.cmake
[0.786s] -- Up-to-date: /home/cwx/demo01_ws/install/base_interfaces_demo/share/base_interfaces_demo/cmake/base_interfaces_demo__rosidl_typesupport_cExport.cmake
[0.787s] -- Up-to-date: /home/cwx/demo01_ws/install/base_interfaces_demo/share/base_interfaces_demo/cmake/base_interfaces_demo__rosidl_typesupport_cExport-noconfig.cmake
[0.787s] -- Up-to-date: /home/cwx/demo01_ws/install/base_interfaces_demo/share/base_interfaces_demo/cmake/base_interfaces_demo__rosidl_typesupport_introspection_cppExport.cmake
[0.787s] -- Up-to-date: /home/cwx/demo01_ws/install/base_interfaces_demo/share/base_interfaces_demo/cmake/base_interfaces_demo__rosidl_typesupport_introspection_cppExport-noconfig.cmake
[0.787s] -- Up-to-date: /home/cwx/demo01_ws/install/base_interfaces_demo/share/base_interfaces_demo/cmake/base_interfaces_demo__rosidl_typesupport_cppExport.cmake
[0.788s] -- Up-to-date: /home/cwx/demo01_ws/install/base_interfaces_demo/share/base_interfaces_demo/cmake/base_interfaces_demo__rosidl_typesupport_cppExport-noconfig.cmake
[0.788s] -- Up-to-date: /home/cwx/demo01_ws/install/base_interfaces_demo/share/base_interfaces_demo/cmake/export_base_interfaces_demo__rosidl_generator_pyExport.cmake
[0.788s] -- Up-to-date: /home/cwx/demo01_ws/install/base_interfaces_demo/share/base_interfaces_demo/cmake/export_base_interfaces_demo__rosidl_generator_pyExport-noconfig.cmake
[0.788s] -- Up-to-date: /home/cwx/demo01_ws/install/base_interfaces_demo/share/base_interfaces_demo/cmake/rosidl_cmake-extras.cmake
[0.789s] -- Up-to-date: /home/cwx/demo01_ws/install/base_interfaces_demo/share/base_interfaces_demo/cmake/ament_cmake_export_include_directories-extras.cmake
[0.789s] -- Up-to-date: /home/cwx/demo01_ws/install/base_interfaces_demo/share/base_interfaces_demo/cmake/ament_cmake_export_libraries-extras.cmake
[0.789s] -- Up-to-date: /home/cwx/demo01_ws/install/base_interfaces_demo/share/base_interfaces_demo/cmake/ament_cmake_export_targets-extras.cmake
[0.790s] -- Up-to-date: /home/cwx/demo01_ws/install/base_interfaces_demo/share/base_interfaces_demo/cmake/rosidl_cmake_export_typesupport_targets-extras.cmake
[0.791s] -- Up-to-date: /home/cwx/demo01_ws/install/base_interfaces_demo/share/base_interfaces_demo/cmake/ament_cmake_export_dependencies-extras.cmake
[0.792s] -- Up-to-date: /home/cwx/demo01_ws/install/base_interfaces_demo/share/base_interfaces_demo/cmake/rosidl_cmake_export_typesupport_libraries-extras.cmake
[0.793s] -- Up-to-date: /home/cwx/demo01_ws/install/base_interfaces_demo/share/base_interfaces_demo/cmake/base_interfaces_demoConfig.cmake
[0.793s] -- Up-to-date: /home/cwx/demo01_ws/install/base_interfaces_demo/share/base_interfaces_demo/cmake/base_interfaces_demoConfig-version.cmake
[0.793s] -- Up-to-date: /home/cwx/demo01_ws/install/base_interfaces_demo/share/base_interfaces_demo/package.xml
[0.794s] Invoked command in '/home/cwx/demo01_ws/build/base_interfaces_demo' returned '0': CMAKE_PREFIX_PATH=/opt/ros/humble /usr/bin/cmake --install /home/cwx/demo01_ws/build/base_interfaces_demo
