[0.033s] Invoking command in '/home/cwx/demo01_ws/build/topic_cpp': CMAKE_PREFIX_PATH=/opt/ros/humble /usr/bin/cmake --build /home/cwx/demo01_ws/build/topic_cpp -- -j8 -l8
[0.249s] [35m[1mConsolidate compiler generated dependencies of target turtle_client[0m
[0.340s] [ 37%] Built target turtle_server
[0.342s] [ 62%] Built target turtle_client
[0.342s] [ 87%] Built target topic_subscriber
[0.342s] [100%] Built target topic_publisher
[0.365s] Invoked command in '/home/cwx/demo01_ws/build/topic_cpp' returned '0': CMAKE_PREFIX_PATH=/opt/ros/humble /usr/bin/cmake --build /home/cwx/demo01_ws/build/topic_cpp -- -j8 -l8
[0.389s] Invoking command in '/home/cwx/demo01_ws/build/topic_cpp': CMAKE_PREFIX_PATH=/opt/ros/humble /usr/bin/cmake --install /home/cwx/demo01_ws/build/topic_cpp
[0.407s] -- Install configuration: ""
[0.411s] -- Up-to-date: /home/cwx/demo01_ws/install/topic_cpp/lib/topic_cpp/topic_publisher
[0.414s] -- Up-to-date: /home/cwx/demo01_ws/install/topic_cpp/lib/topic_cpp/topic_subscriber
[0.416s] -- Up-to-date: /home/cwx/demo01_ws/install/topic_cpp/lib/topic_cpp/turtle_server
[0.419s] -- Up-to-date: /home/cwx/demo01_ws/install/topic_cpp/lib/topic_cpp/turtle_client
[0.419s] -- Up-to-date: /home/cwx/demo01_ws/install/topic_cpp/share/ament_index/resource_index/package_run_dependencies/topic_cpp
[0.419s] -- Up-to-date: /home/cwx/demo01_ws/install/topic_cpp/share/ament_index/resource_index/parent_prefix_path/topic_cpp
[0.419s] -- Up-to-date: /home/cwx/demo01_ws/install/topic_cpp/share/topic_cpp/environment/ament_prefix_path.sh
[0.419s] -- Up-to-date: /home/cwx/demo01_ws/install/topic_cpp/share/topic_cpp/environment/ament_prefix_path.dsv
[0.419s] -- Up-to-date: /home/cwx/demo01_ws/install/topic_cpp/share/topic_cpp/environment/path.sh
[0.419s] -- Up-to-date: /home/cwx/demo01_ws/install/topic_cpp/share/topic_cpp/environment/path.dsv
[0.420s] -- Up-to-date: /home/cwx/demo01_ws/install/topic_cpp/share/topic_cpp/local_setup.bash
[0.420s] -- Up-to-date: /home/cwx/demo01_ws/install/topic_cpp/share/topic_cpp/local_setup.sh
[0.420s] -- Up-to-date: /home/cwx/demo01_ws/install/topic_cpp/share/topic_cpp/local_setup.zsh
[0.420s] -- Up-to-date: /home/cwx/demo01_ws/install/topic_cpp/share/topic_cpp/local_setup.dsv
[0.420s] -- Installing: /home/cwx/demo01_ws/install/topic_cpp/share/topic_cpp/package.dsv
[0.421s] -- Up-to-date: /home/cwx/demo01_ws/install/topic_cpp/share/ament_index/resource_index/packages/topic_cpp
[0.421s] -- Up-to-date: /home/cwx/demo01_ws/install/topic_cpp/share/topic_cpp/cmake/topic_cppConfig.cmake
[0.421s] -- Up-to-date: /home/cwx/demo01_ws/install/topic_cpp/share/topic_cpp/cmake/topic_cppConfig-version.cmake
[0.421s] -- Up-to-date: /home/cwx/demo01_ws/install/topic_cpp/share/topic_cpp/package.xml
[0.425s] Invoked command in '/home/cwx/demo01_ws/build/topic_cpp' returned '0': CMAKE_PREFIX_PATH=/opt/ros/humble /usr/bin/cmake --install /home/cwx/demo01_ws/build/topic_cpp
